[runlim] version:		2.0.0rc12
[runlim] host:			ap-Precision-7550
[runlim] time limit:		311040000 seconds
[runlim] real time limit:	3600 seconds
[runlim] space limit:		14000 MB
[runlim] argv[0]:		python3
[runlim] argv[1]:		-u
[runlim] argv[2]:		main_ver2.py
[runlim] argv[3]:		Datasets/MPSFs/MPSF10.txt
[runlim] argv[4]:		--order_transitive
[runlim] start:			Wed Aug 12 08:24:43 2026
[runlim] child:			13544
=== CONFIGURATION ===
File Path: Datasets/MPSFs/MPSF10.txt
Symmetry Breaking: False
Same Machine Mode (sm_mode): 2d
Transitive Order Precedence (All Ops): True
Full Transitive: False
=====================

Reading file: Datasets/MPSFs/MPSF10.txt
Finished reading file: Datasets/MPSFs/MPSF10.txt
=== GREEDY INITIAL SOLUTION ===
Scheduled Operations: 50/50
Makespan (UB): 716
-------------------------------------------------
[SAT Found] Makespan = 715
[VERIFY] VERIFY SUCCESS]
Total Execution Time so far: 1.65 seconds
-------------------------------------------------
[SAT Found] Makespan = 714
[VERIFY] VERIFY SUCCESS]
Total Execution Time so far: 1.70 seconds
-------------------------------------------------
[SAT Found] Makespan = 713
[VERIFY] VERIFY SUCCESS]
Total Execution Time so far: 1.74 seconds
-------------------------------------------------
[SAT Found] Makespan = 712
[VERIFY] VERIFY SUCCESS]
Total Execution Time so far: 1.78 seconds
-------------------------------------------------
[SAT Found] Makespan = 711
[VERIFY] VERIFY SUCCESS]
Total Execution Time so far: 1.83 seconds
-------------------------------------------------
[SAT Found] Makespan = 710
[VERIFY] VERIFY SUCCESS]
Total Execution Time so far: 1.87 seconds
-------------------------------------------------
[SAT Found] Makespan = 709
[VERIFY] VERIFY SUCCESS]
Total Execution Time so far: 1.91 seconds
-------------------------------------------------
[SAT Found] Makespan = 708
[VERIFY] VERIFY SUCCESS]
Total Execution Time so far: 1.95 seconds
-------------------------------------------------
[SAT Found] Makespan = 707
[VERIFY] VERIFY SUCCESS]
Total Execution Time so far: 1.99 seconds
-------------------------------------------------
[SAT Found] Makespan = 706
[VERIFY] VERIFY SUCCESS]
Total Execution Time so far: 2.03 seconds
-------------------------------------------------
[SAT Found] Makespan = 705
[VERIFY] VERIFY SUCCESS]
Total Execution Time so far: 2.08 seconds
-------------------------------------------------
[SAT Found] Makespan = 704
[VERIFY] VERIFY SUCCESS]
Total Execution Time so far: 2.12 seconds
-------------------------------------------------
[SAT Found] Makespan = 703
[VERIFY] VERIFY SUCCESS]
Total Execution Time so far: 2.20 seconds
-------------------------------------------------
[SAT Found] Makespan = 702
[VERIFY] VERIFY SUCCESS]
Total Execution Time so far: 2.24 seconds
-------------------------------------------------
[SAT Found] Makespan = 701
[VERIFY] VERIFY SUCCESS]
Total Execution Time so far: 2.28 seconds
-------------------------------------------------
[SAT Found] Makespan = 700
[VERIFY] VERIFY SUCCESS]
Total Execution Time so far: 2.32 seconds
-------------------------------------------------
[SAT Found] Makespan = 699
[VERIFY] VERIFY SUCCESS]
Total Execution Time so far: 2.37 seconds
-------------------------------------------------
[SAT Found] Makespan = 698
[VERIFY] VERIFY SUCCESS]
Total Execution Time so far: 2.41 seconds
-------------------------------------------------
[SAT Found] Makespan = 697
[VERIFY] VERIFY SUCCESS]
Total Execution Time so far: 2.45 seconds
-------------------------------------------------
[SAT Found] Makespan = 696
[VERIFY] VERIFY SUCCESS]
Total Execution Time so far: 2.49 seconds
-------------------------------------------------
[SAT Found] Makespan = 695
[VERIFY] VERIFY SUCCESS]
Total Execution Time so far: 2.53 seconds
-------------------------------------------------
[SAT Found] Makespan = 694
[VERIFY] VERIFY SUCCESS]
Total Execution Time so far: 2.58 seconds
-------------------------------------------------
[SAT Found] Makespan = 693
[VERIFY] VERIFY SUCCESS]
Total Execution Time so far: 2.62 seconds
-------------------------------------------------
[SAT Found] Makespan = 692
[VERIFY] VERIFY SUCCESS]
Total Execution Time so far: 2.66 seconds
-------------------------------------------------
[SAT Found] Makespan = 691
[VERIFY] VERIFY SUCCESS]
Total Execution Time so far: 2.70 seconds
-------------------------------------------------
[SAT Found] Makespan = 690
[VERIFY] VERIFY SUCCESS]
Total Execution Time so far: 2.74 seconds
-------------------------------------------------
[SAT Found] Makespan = 689
[VERIFY] VERIFY SUCCESS]
Total Execution Time so far: 2.78 seconds
-------------------------------------------------
[SAT Found] Makespan = 688
[VERIFY] VERIFY SUCCESS]
Total Execution Time so far: 2.83 seconds
-------------------------------------------------
[SAT Found] Makespan = 687
[VERIFY] VERIFY SUCCESS]
Total Execution Time so far: 2.87 seconds
-------------------------------------------------
[SAT Found] Makespan = 686
[VERIFY] VERIFY SUCCESS]
Total Execution Time so far: 2.92 seconds
-------------------------------------------------
[SAT Found] Makespan = 685
[VERIFY] VERIFY SUCCESS]
Total Execution Time so far: 2.96 seconds
-------------------------------------------------
[SAT Found] Makespan = 684
[VERIFY] VERIFY SUCCESS]
Total Execution Time so far: 3.00 seconds
-------------------------------------------------
[SAT Found] Makespan = 683
[VERIFY] VERIFY SUCCESS]
Total Execution Time so far: 3.04 seconds
-------------------------------------------------
[SAT Found] Makespan = 682
[VERIFY] VERIFY SUCCESS]
Total Execution Time so far: 3.08 seconds
-------------------------------------------------
[SAT Found] Makespan = 681
[VERIFY] VERIFY SUCCESS]
Total Execution Time so far: 3.12 seconds
-------------------------------------------------
[SAT Found] Makespan = 680
[VERIFY] VERIFY SUCCESS]
Total Execution Time so far: 3.16 seconds
-------------------------------------------------
[SAT Found] Makespan = 679
[VERIFY] VERIFY SUCCESS]
Total Execution Time so far: 3.20 seconds
-------------------------------------------------
[SAT Found] Makespan = 678
[VERIFY] VERIFY SUCCESS]
Total Execution Time so far: 3.24 seconds
-------------------------------------------------
[SAT Found] Makespan = 677
[VERIFY] VERIFY SUCCESS]
Total Execution Time so far: 3.33 seconds
-------------------------------------------------
[SAT Found] Makespan = 676
[VERIFY] VERIFY SUCCESS]
Total Execution Time so far: 3.39 seconds
-------------------------------------------------
[SAT Found] Makespan = 675
[VERIFY] VERIFY SUCCESS]
Total Execution Time so far: 3.44 seconds
-------------------------------------------------
[SAT Found] Makespan = 674
[VERIFY] VERIFY SUCCESS]
Total Execution Time so far: 3.48 seconds
-------------------------------------------------
[SAT Found] Makespan = 673
[VERIFY] VERIFY SUCCESS]
Total Execution Time so far: 3.52 seconds
-------------------------------------------------
[SAT Found] Makespan = 672
[VERIFY] VERIFY SUCCESS]
Total Execution Time so far: 3.56 seconds
-------------------------------------------------
[SAT Found] Makespan = 670
[VERIFY] VERIFY SUCCESS]
Total Execution Time so far: 3.61 seconds
-------------------------------------------------
[SAT Found] Makespan = 669
[VERIFY] VERIFY SUCCESS]
Total Execution Time so far: 3.65 seconds
-------------------------------------------------
[SAT Found] Makespan = 665
[VERIFY] VERIFY SUCCESS]
Total Execution Time so far: 4.01 seconds
-------------------------------------------------
[SAT Found] Makespan = 664
[VERIFY] VERIFY SUCCESS]
Total Execution Time so far: 4.06 seconds
-------------------------------------------------
[SAT Found] Makespan = 663
[VERIFY] VERIFY SUCCESS]
Total Execution Time so far: 4.11 seconds
-------------------------------------------------
[SAT Found] Makespan = 662
[VERIFY] VERIFY SUCCESS]
Total Execution Time so far: 4.15 seconds
-------------------------------------------------
[SAT Found] Makespan = 661
[VERIFY] VERIFY SUCCESS]
Total Execution Time so far: 4.19 seconds
-------------------------------------------------
[SAT Found] Makespan = 660
[VERIFY] VERIFY SUCCESS]
Total Execution Time so far: 4.23 seconds
-------------------------------------------------
[SAT Found] Makespan = 659
[VERIFY] VERIFY SUCCESS]
Total Execution Time so far: 4.27 seconds
-------------------------------------------------
[SAT Found] Makespan = 658
[VERIFY] VERIFY SUCCESS]
Total Execution Time so far: 4.32 seconds
-------------------------------------------------
[SAT Found] Makespan = 657
[VERIFY] VERIFY SUCCESS]
Total Execution Time so far: 4.36 seconds
-------------------------------------------------
[SAT Found] Makespan = 656
[VERIFY] VERIFY SUCCESS]
Total Execution Time so far: 4.40 seconds
-------------------------------------------------
[SAT Found] Makespan = 654
[VERIFY] VERIFY SUCCESS]
Total Execution Time so far: 4.60 seconds
-------------------------------------------------
[SAT Found] Makespan = 653
[VERIFY] VERIFY SUCCESS]
Total Execution Time so far: 4.65 seconds
-------------------------------------------------
[SAT Found] Makespan = 652
[VERIFY] VERIFY SUCCESS]
Total Execution Time so far: 4.69 seconds
-------------------------------------------------
[SAT Found] Makespan = 651
[VERIFY] VERIFY SUCCESS]
Total Execution Time so far: 4.73 seconds
-------------------------------------------------
[SAT Found] Makespan = 650
[VERIFY] VERIFY SUCCESS]
Total Execution Time so far: 4.78 seconds
-------------------------------------------------
[SAT Found] Makespan = 649
[VERIFY] VERIFY SUCCESS]
Total Execution Time so far: 4.82 seconds
-------------------------------------------------
[SAT Found] Makespan = 648
[VERIFY] VERIFY SUCCESS]
Total Execution Time so far: 4.86 seconds
-------------------------------------------------
[SAT Found] Makespan = 647
[VERIFY] VERIFY SUCCESS]
Total Execution Time so far: 4.90 seconds
-------------------------------------------------
[SAT Found] Makespan = 646
[VERIFY] VERIFY SUCCESS]
Total Execution Time so far: 4.95 seconds
-------------------------------------------------
[SAT Found] Makespan = 645
[VERIFY] VERIFY SUCCESS]
Total Execution Time so far: 4.99 seconds
-------------------------------------------------
[SAT Found] Makespan = 644
[VERIFY] VERIFY SUCCESS]
Total Execution Time so far: 5.03 seconds
-------------------------------------------------
[SAT Found] Makespan = 643
[VERIFY] VERIFY SUCCESS]
Total Execution Time so far: 5.07 seconds
-------------------------------------------------
[SAT Found] Makespan = 642
[VERIFY] VERIFY SUCCESS]
Total Execution Time so far: 5.11 seconds
-------------------------------------------------
[SAT Found] Makespan = 641
[VERIFY] VERIFY SUCCESS]
Total Execution Time so far: 5.15 seconds
-------------------------------------------------
[SAT Found] Makespan = 640
[VERIFY] VERIFY SUCCESS]
Total Execution Time so far: 5.20 seconds
-------------------------------------------------
[SAT Found] Makespan = 639
[VERIFY] VERIFY SUCCESS]
Total Execution Time so far: 5.24 seconds
-------------------------------------------------
[SAT Found] Makespan = 638
[VERIFY] VERIFY SUCCESS]
Total Execution Time so far: 5.28 seconds
-------------------------------------------------
[SAT Found] Makespan = 637
[VERIFY] VERIFY SUCCESS]
Total Execution Time so far: 5.68 seconds
-------------------------------------------------
[SAT Found] Makespan = 636
[VERIFY] VERIFY SUCCESS]
Total Execution Time so far: 6.49 seconds
-------------------------------------------------
[SAT Found] Makespan = 635
[VERIFY] VERIFY SUCCESS]
Total Execution Time so far: 6.79 seconds
-------------------------------------------------
[SAT Found] Makespan = 633
[VERIFY] VERIFY SUCCESS]
Total Execution Time so far: 6.85 seconds
-------------------------------------------------
[SAT Found] Makespan = 632
[VERIFY] VERIFY SUCCESS]
Total Execution Time so far: 6.90 seconds
-------------------------------------------------
[runlim] sample:		9.99 time, 10.01 real, 317 MB, 1.10 load
[SAT Found] Makespan = 631
[VERIFY] VERIFY SUCCESS]
Total Execution Time so far: 10.45 seconds
-------------------------------------------------
[SAT Found] Makespan = 630
[VERIFY] VERIFY SUCCESS]
Total Execution Time so far: 11.30 seconds
-------------------------------------------------
[SAT Found] Makespan = 629
[VERIFY] VERIFY SUCCESS]
Total Execution Time so far: 11.78 seconds
-------------------------------------------------
[SAT Found] Makespan = 628
[VERIFY] VERIFY SUCCESS]
Total Execution Time so far: 11.85 seconds
-------------------------------------------------
[SAT Found] Makespan = 627
[VERIFY] VERIFY SUCCESS]
Total Execution Time so far: 11.92 seconds
-------------------------------------------------
[SAT Found] Makespan = 626
[VERIFY] VERIFY SUCCESS]
Total Execution Time so far: 12.53 seconds
-------------------------------------------------
[SAT Found] Makespan = 625
[VERIFY] VERIFY SUCCESS]
Total Execution Time so far: 12.61 seconds
-------------------------------------------------
[SAT Found] Makespan = 624
[VERIFY] VERIFY SUCCESS]
Total Execution Time so far: 12.67 seconds
-------------------------------------------------
[SAT Found] Makespan = 623
[VERIFY] VERIFY SUCCESS]
Total Execution Time so far: 12.72 seconds
-------------------------------------------------
[SAT Found] Makespan = 622
[VERIFY] VERIFY SUCCESS]
Total Execution Time so far: 12.78 seconds
-------------------------------------------------
[SAT Found] Makespan = 621
[VERIFY] VERIFY SUCCESS]
Total Execution Time so far: 13.97 seconds
-------------------------------------------------
[SAT Found] Makespan = 620
[VERIFY] VERIFY SUCCESS]
Total Execution Time so far: 14.66 seconds
-------------------------------------------------
[SAT Found] Makespan = 617
[VERIFY] VERIFY SUCCESS]
Total Execution Time so far: 15.18 seconds
-------------------------------------------------
[SAT Found] Makespan = 616
[VERIFY] VERIFY SUCCESS]
Total Execution Time so far: 15.66 seconds
-------------------------------------------------
[SAT Found] Makespan = 615
[VERIFY] VERIFY SUCCESS]
Total Execution Time so far: 16.30 seconds
-------------------------------------------------
[SAT Found] Makespan = 614
[VERIFY] VERIFY SUCCESS]
Total Execution Time so far: 16.80 seconds
-------------------------------------------------
[SAT Found] Makespan = 613
[VERIFY] VERIFY SUCCESS]
Total Execution Time so far: 16.87 seconds
-------------------------------------------------
[SAT Found] Makespan = 612
[VERIFY] VERIFY SUCCESS]
Total Execution Time so far: 16.93 seconds
-------------------------------------------------
[SAT Found] Makespan = 611
[VERIFY] VERIFY SUCCESS]
Total Execution Time so far: 16.99 seconds
-------------------------------------------------
[SAT Found] Makespan = 610
[VERIFY] VERIFY SUCCESS]
Total Execution Time so far: 17.05 seconds
-------------------------------------------------
[SAT Found] Makespan = 609
[VERIFY] VERIFY SUCCESS]
Total Execution Time so far: 17.12 seconds
-------------------------------------------------
[SAT Found] Makespan = 608
[VERIFY] VERIFY SUCCESS]
Total Execution Time so far: 17.61 seconds
-------------------------------------------------
[SAT Found] Makespan = 607
[VERIFY] VERIFY SUCCESS]
Total Execution Time so far: 18.11 seconds
-------------------------------------------------
[runlim] sample:		19.98 time, 20.01 real, 313 MB, 1.17 load
[SAT Found] Makespan = 606
[VERIFY] VERIFY SUCCESS]
Total Execution Time so far: 20.37 seconds
-------------------------------------------------
[SAT Found] Makespan = 605
[VERIFY] VERIFY SUCCESS]
Total Execution Time so far: 20.56 seconds
-------------------------------------------------
[SAT Found] Makespan = 604
[VERIFY] VERIFY SUCCESS]
Total Execution Time so far: 20.63 seconds
-------------------------------------------------
[SAT Found] Makespan = 603
[VERIFY] VERIFY SUCCESS]
Total Execution Time so far: 21.16 seconds
-------------------------------------------------
[SAT Found] Makespan = 602
[VERIFY] VERIFY SUCCESS]
Total Execution Time so far: 23.30 seconds
-------------------------------------------------
[SAT Found] Makespan = 601
[VERIFY] VERIFY SUCCESS]
Total Execution Time so far: 23.95 seconds
-------------------------------------------------
[SAT Found] Makespan = 600
[VERIFY] VERIFY SUCCESS]
Total Execution Time so far: 24.40 seconds
-------------------------------------------------
[SAT Found] Makespan = 599
[VERIFY] VERIFY SUCCESS]
Total Execution Time so far: 24.93 seconds
-------------------------------------------------
[SAT Found] Makespan = 598
[VERIFY] VERIFY SUCCESS]
Total Execution Time so far: 25.49 seconds
-------------------------------------------------
[SAT Found] Makespan = 597
[VERIFY] VERIFY SUCCESS]
Total Execution Time so far: 26.49 seconds
-------------------------------------------------
[SAT Found] Makespan = 596
[VERIFY] VERIFY SUCCESS]
Total Execution Time so far: 27.04 seconds
-------------------------------------------------
[SAT Found] Makespan = 595
[VERIFY] VERIFY SUCCESS]
Total Execution Time so far: 27.48 seconds
-------------------------------------------------
[SAT Found] Makespan = 594
[VERIFY] VERIFY SUCCESS]
Total Execution Time so far: 27.55 seconds
-------------------------------------------------
[SAT Found] Makespan = 593
[VERIFY] VERIFY SUCCESS]
Total Execution Time so far: 28.21 seconds
-------------------------------------------------
[SAT Found] Makespan = 592
[VERIFY] VERIFY SUCCESS]
Total Execution Time so far: 28.70 seconds
-------------------------------------------------
[SAT Found] Makespan = 591
[VERIFY] VERIFY SUCCESS]
Total Execution Time so far: 29.08 seconds
-------------------------------------------------
[SAT Found] Makespan = 590
[VERIFY] VERIFY SUCCESS]
Total Execution Time so far: 29.15 seconds
-------------------------------------------------
[runlim] sample:		29.97 time, 30.01 real, 310 MB, 1.14 load
[SAT Found] Makespan = 589
[VERIFY] VERIFY SUCCESS]
Total Execution Time so far: 33.25 seconds
-------------------------------------------------
[SAT Found] Makespan = 588
[VERIFY] VERIFY SUCCESS]
Total Execution Time so far: 33.87 seconds
-------------------------------------------------
[SAT Found] Makespan = 587
[VERIFY] VERIFY SUCCESS]
Total Execution Time so far: 36.30 seconds
-------------------------------------------------
[SAT Found] Makespan = 586
[VERIFY] VERIFY SUCCESS]
Total Execution Time so far: 36.38 seconds
-------------------------------------------------
[SAT Found] Makespan = 585
[VERIFY] VERIFY SUCCESS]
Total Execution Time so far: 36.44 seconds
-------------------------------------------------
[SAT Found] Makespan = 584
[VERIFY] VERIFY SUCCESS]
Total Execution Time so far: 36.50 seconds
-------------------------------------------------
[SAT Found] Makespan = 583
[VERIFY] VERIFY SUCCESS]
Total Execution Time so far: 36.56 seconds
-------------------------------------------------
[SAT Found] Makespan = 582
[VERIFY] VERIFY SUCCESS]
Total Execution Time so far: 36.62 seconds
-------------------------------------------------
[SAT Found] Makespan = 581
[VERIFY] VERIFY SUCCESS]
Total Execution Time so far: 37.10 seconds
-------------------------------------------------
[SAT Found] Makespan = 580
[VERIFY] VERIFY SUCCESS]
Total Execution Time so far: 39.26 seconds
-------------------------------------------------
[runlim] sample:		39.96 time, 40.01 real, 286 MB, 1.12 load
[SAT Found] Makespan = 579
[VERIFY] VERIFY SUCCESS]
Total Execution Time so far: 41.81 seconds
-------------------------------------------------
[SAT Found] Makespan = 578
[VERIFY] VERIFY SUCCESS]
Total Execution Time so far: 42.25 seconds
-------------------------------------------------
[runlim] sample:		49.96 time, 50.01 real, 309 MB, 1.10 load
[SAT Found] Makespan = 577
[VERIFY] VERIFY SUCCESS]
Total Execution Time so far: 55.53 seconds
-------------------------------------------------
[runlim] sample:		59.95 time, 60.01 real, 302 MB, 1.08 load
[SAT Found] Makespan = 576
[VERIFY] VERIFY SUCCESS]
Total Execution Time so far: 66.80 seconds
-------------------------------------------------
[runlim] sample:		69.95 time, 70.01 real, 286 MB, 1.07 load
[SAT Found] Makespan = 575
[VERIFY] VERIFY SUCCESS]
Total Execution Time so far: 79.82 seconds
-------------------------------------------------
[runlim] sample:		79.94 time, 80.01 real, 308 MB, 1.06 load
[runlim] sample:		89.93 time, 90.01 real, 278 MB, 1.05 load
[runlim] sample:		99.93 time, 100.01 real, 303 MB, 1.04 load
[runlim] sample:		109.92 time, 110.01 real, 301 MB, 1.04 load
[SAT Found] Makespan = 574
[VERIFY] VERIFY SUCCESS]
Total Execution Time so far: 118.31 seconds
-------------------------------------------------
[runlim] sample:		119.92 time, 120.01 real, 309 MB, 1.03 load
[runlim] sample:		129.91 time, 130.01 real, 311 MB, 1.02 load
[SAT Found] Makespan = 573
[VERIFY] VERIFY SUCCESS]
Total Execution Time so far: 131.32 seconds
-------------------------------------------------
[runlim] sample:		139.90 time, 140.01 real, 280 MB, 1.02 load
[SAT Found] Makespan = 572
[VERIFY] VERIFY SUCCESS]
Total Execution Time so far: 147.65 seconds
-------------------------------------------------
[runlim] sample:		149.90 time, 150.01 real, 306 MB, 1.02 load
[runlim] sample:		159.89 time, 160.01 real, 312 MB, 1.01 load
[runlim] sample:		169.89 time, 170.01 real, 311 MB, 1.01 load
[runlim] sample:		179.89 time, 180.01 real, 311 MB, 1.09 load
[runlim] sample:		189.88 time, 190.01 real, 315 MB, 1.15 load
[runlim] sample:		199.88 time, 200.01 real, 318 MB, 1.13 load
[runlim] sample:		209.87 time, 210.01 real, 317 MB, 1.11 load
[runlim] sample:		219.86 time, 220.01 real, 318 MB, 1.09 load
[runlim] sample:		229.86 time, 230.01 real, 312 MB, 1.16 load
[runlim] sample:		239.86 time, 240.01 real, 312 MB, 1.13 load
[runlim] sample:		249.84 time, 250.01 real, 362 MB, 1.11 load
[runlim] sample:		259.84 time, 260.01 real, 313 MB, 1.09 load
[runlim] sample:		269.84 time, 270.01 real, 313 MB, 1.08 load
[runlim] sample:		279.83 time, 280.01 real, 313 MB, 1.07 load
[runlim] sample:		289.83 time, 290.01 real, 314 MB, 1.06 load
[runlim] sample:		299.82 time, 300.01 real, 314 MB, 1.05 load
[runlim] sample:		309.82 time, 310.01 real, 314 MB, 1.04 load
[runlim] sample:		319.81 time, 320.01 real, 324 MB, 1.03 load
[runlim] sample:		329.80 time, 330.01 real, 321 MB, 1.03 load
[SAT Found] Makespan = 571
[VERIFY] VERIFY SUCCESS]
Total Execution Time so far: 330.82 seconds
-------------------------------------------------
[runlim] sample:		339.80 time, 340.01 real, 305 MB, 1.02 load
[runlim] sample:		349.79 time, 350.01 real, 304 MB, 1.02 load
[runlim] sample:		359.79 time, 360.01 real, 301 MB, 1.02 load
[runlim] sample:		369.79 time, 370.01 real, 301 MB, 1.01 load
[runlim] sample:		379.78 time, 380.01 real, 308 MB, 1.01 load
[runlim] sample:		389.78 time, 390.01 real, 312 MB, 1.08 load
[runlim] sample:		399.77 time, 400.01 real, 310 MB, 1.07 load
[runlim] sample:		409.77 time, 410.01 real, 304 MB, 1.06 load
[runlim] sample:		419.76 time, 420.01 real, 304 MB, 1.05 load
[runlim] sample:		429.76 time, 430.01 real, 302 MB, 1.04 load
[runlim] sample:		439.75 time, 440.01 real, 302 MB, 1.03 load
[runlim] sample:		449.75 time, 450.01 real, 302 MB, 1.03 load
[runlim] sample:		459.74 time, 460.01 real, 303 MB, 1.02 load
[runlim] sample:		469.74 time, 470.01 real, 303 MB, 1.02 load
[runlim] sample:		479.73 time, 480.01 real, 303 MB, 1.02 load
[runlim] sample:		489.73 time, 490.01 real, 304 MB, 1.01 load
[runlim] sample:		499.72 time, 500.01 real, 304 MB, 1.01 load
[runlim] sample:		509.72 time, 510.01 real, 314 MB, 1.01 load
[runlim] sample:		519.72 time, 520.01 real, 322 MB, 1.09 load
[runlim] sample:		529.71 time, 530.01 real, 316 MB, 1.07 load
[runlim] sample:		539.70 time, 540.01 real, 314 MB, 1.06 load
[runlim] sample:		549.69 time, 550.01 real, 317 MB, 1.05 load
[runlim] sample:		559.70 time, 560.01 real, 317 MB, 1.04 load
[runlim] sample:		569.69 time, 570.01 real, 317 MB, 1.04 load
[runlim] sample:		579.68 time, 580.01 real, 317 MB, 1.03 load
[runlim] sample:		589.67 time, 590.01 real, 318 MB, 1.02 load
[runlim] sample:		599.67 time, 600.01 real, 324 MB, 1.02 load
[runlim] sample:		609.67 time, 610.01 real, 324 MB, 1.02 load
[runlim] sample:		619.66 time, 620.01 real, 316 MB, 1.01 load
[runlim] sample:		629.66 time, 630.01 real, 323 MB, 1.01 load
[runlim] sample:		639.65 time, 640.01 real, 311 MB, 1.01 load
[runlim] sample:		649.65 time, 650.01 real, 311 MB, 1.01 load
[runlim] sample:		659.64 time, 660.01 real, 307 MB, 1.01 load
[runlim] sample:		669.64 time, 670.01 real, 308 MB, 1.00 load
[runlim] sample:		679.63 time, 680.01 real, 308 MB, 1.08 load
[runlim] sample:		689.63 time, 690.01 real, 308 MB, 1.15 load
[runlim] sample:		699.62 time, 700.01 real, 308 MB, 1.12 load
[runlim] sample:		709.62 time, 710.01 real, 308 MB, 1.10 load
[runlim] sample:		719.62 time, 720.01 real, 308 MB, 1.09 load
[runlim] sample:		729.61 time, 730.01 real, 309 MB, 1.07 load
[runlim] sample:		739.61 time, 740.01 real, 309 MB, 1.06 load
[runlim] sample:		749.60 time, 750.01 real, 310 MB, 1.05 load
[runlim] sample:		759.60 time, 760.01 real, 310 MB, 1.04 load
[runlim] sample:		769.60 time, 770.01 real, 310 MB, 1.04 load
[runlim] sample:		779.59 time, 780.01 real, 310 MB, 1.03 load
[runlim] sample:		789.58 time, 790.01 real, 311 MB, 1.02 load
[runlim] sample:		799.58 time, 800.01 real, 311 MB, 1.02 load
[runlim] sample:		809.57 time, 810.01 real, 311 MB, 1.02 load
[runlim] sample:		819.58 time, 820.01 real, 311 MB, 1.01 load
[runlim] sample:		829.57 time, 830.01 real, 311 MB, 1.01 load
[runlim] sample:		839.56 time, 840.01 real, 312 MB, 1.01 load
[runlim] sample:		849.55 time, 850.01 real, 312 MB, 1.01 load
[runlim] sample:		859.55 time, 860.01 real, 312 MB, 1.01 load
[runlim] sample:		869.54 time, 870.01 real, 313 MB, 1.00 load
[runlim] sample:		879.54 time, 880.01 real, 313 MB, 1.00 load
[runlim] sample:		889.54 time, 890.01 real, 313 MB, 1.00 load
[runlim] sample:		899.53 time, 900.01 real, 313 MB, 1.00 load
[runlim] sample:		909.53 time, 910.01 real, 313 MB, 1.00 load
[runlim] sample:		919.52 time, 920.01 real, 313 MB, 1.00 load
[runlim] sample:		929.52 time, 930.01 real, 313 MB, 1.00 load
[runlim] sample:		939.51 time, 940.01 real, 314 MB, 1.00 load
[runlim] sample:		949.51 time, 950.01 real, 314 MB, 1.00 load
[runlim] sample:		959.51 time, 960.01 real, 314 MB, 1.00 load
[runlim] sample:		969.50 time, 970.01 real, 314 MB, 1.00 load
[runlim] sample:		979.50 time, 980.01 real, 314 MB, 1.00 load
[runlim] sample:		989.49 time, 990.01 real, 314 MB, 1.08 load
[runlim] sample:		999.49 time, 1000.01 real, 314 MB, 1.07 load
[runlim] sample:		1009.48 time, 1010.01 real, 314 MB, 1.06 load
[runlim] sample:		1019.47 time, 1020.01 real, 315 MB, 1.05 load
[runlim] sample:		1029.47 time, 1030.01 real, 315 MB, 1.04 load
[runlim] sample:		1039.47 time, 1040.01 real, 315 MB, 1.03 load
[runlim] sample:		1049.47 time, 1050.01 real, 315 MB, 1.03 load
[runlim] sample:		1059.46 time, 1060.01 real, 320 MB, 1.02 load
[runlim] sample:		1069.45 time, 1070.01 real, 321 MB, 1.02 load
[runlim] sample:		1079.44 time, 1080.01 real, 330 MB, 1.02 load
[runlim] sample:		1089.44 time, 1090.01 real, 330 MB, 1.01 load
[runlim] sample:		1099.44 time, 1100.01 real, 332 MB, 1.01 load
[runlim] sample:		1109.43 time, 1110.01 real, 332 MB, 1.01 load
[runlim] sample:		1119.42 time, 1120.01 real, 334 MB, 1.01 load
[runlim] sample:		1129.42 time, 1130.01 real, 334 MB, 1.00 load
[runlim] sample:		1139.42 time, 1140.01 real, 342 MB, 1.00 load
[runlim] sample:		1149.41 time, 1150.01 real, 342 MB, 1.08 load
[runlim] sample:		1159.41 time, 1160.01 real, 341 MB, 1.06 load
[runlim] sample:		1169.40 time, 1170.01 real, 341 MB, 1.05 load
[runlim] sample:		1179.39 time, 1180.01 real, 342 MB, 1.13 load
[runlim] sample:		1189.40 time, 1190.01 real, 329 MB, 1.18 load
[runlim] sample:		1199.39 time, 1200.01 real, 329 MB, 1.15 load
[runlim] sample:		1209.38 time, 1210.01 real, 329 MB, 1.13 load
[runlim] sample:		1219.37 time, 1220.01 real, 329 MB, 1.11 load
[runlim] sample:		1229.38 time, 1230.01 real, 336 MB, 1.09 load
[runlim] sample:		1239.37 time, 1240.01 real, 336 MB, 1.16 load
[runlim] sample:		1249.36 time, 1250.01 real, 335 MB, 1.13 load
[runlim] sample:		1259.36 time, 1260.01 real, 335 MB, 1.19 load
[runlim] sample:		1269.35 time, 1270.01 real, 335 MB, 1.16 load
[runlim] sample:		1279.35 time, 1280.01 real, 337 MB, 1.14 load
[runlim] sample:		1289.34 time, 1290.01 real, 337 MB, 1.12 load
[runlim] sample:		1299.33 time, 1300.01 real, 342 MB, 1.10 load
[runlim] sample:		1309.34 time, 1310.01 real, 342 MB, 1.08 load
[runlim] sample:		1319.33 time, 1320.01 real, 342 MB, 1.07 load
[runlim] sample:		1329.32 time, 1330.01 real, 338 MB, 1.06 load
[runlim] sample:		1339.31 time, 1340.01 real, 338 MB, 1.05 load
[runlim] sample:		1349.32 time, 1350.01 real, 340 MB, 1.04 load
[SAT Found] Makespan = 570
[VERIFY] VERIFY SUCCESS]
Total Execution Time so far: 1359.76 seconds
-------------------------------------------------
[runlim] sample:		1359.31 time, 1360.01 real, 340 MB, 1.03 load
[runlim] sample:		1369.31 time, 1370.01 real, 342 MB, 1.03 load
[runlim] sample:		1379.30 time, 1380.01 real, 342 MB, 1.02 load
[runlim] sample:		1389.30 time, 1390.01 real, 333 MB, 1.02 load
[runlim] sample:		1399.29 time, 1400.01 real, 333 MB, 1.02 load
[runlim] sample:		1409.28 time, 1410.01 real, 333 MB, 1.01 load
[runlim] sample:		1419.28 time, 1420.01 real, 329 MB, 1.01 load
[runlim] sample:		1429.28 time, 1430.01 real, 329 MB, 1.01 load
[runlim] sample:		1439.27 time, 1440.01 real, 340 MB, 1.01 load
[runlim] sample:		1449.26 time, 1450.01 real, 340 MB, 1.00 load
[runlim] sample:		1459.26 time, 1460.01 real, 333 MB, 1.00 load
[runlim] sample:		1469.26 time, 1470.01 real, 333 MB, 1.08 load
[runlim] sample:		1479.25 time, 1480.01 real, 333 MB, 1.06 load
[runlim] sample:		1489.25 time, 1490.01 real, 325 MB, 1.05 load
[runlim] sample:		1499.25 time, 1500.01 real, 345 MB, 1.05 load
[runlim] sample:		1509.24 time, 1510.01 real, 326 MB, 1.04 load
[runlim] sample:		1519.23 time, 1520.01 real, 326 MB, 1.03 load
[runlim] sample:		1529.23 time, 1530.01 real, 326 MB, 1.03 load
[runlim] sample:		1539.22 time, 1540.01 real, 326 MB, 1.02 load
[runlim] sample:		1549.22 time, 1550.01 real, 326 MB, 1.02 load
[runlim] sample:		1559.21 time, 1560.01 real, 329 MB, 1.02 load
[runlim] sample:		1569.21 time, 1570.01 real, 344 MB, 1.01 load
[runlim] sample:		1579.20 time, 1580.01 real, 344 MB, 1.01 load
[runlim] sample:		1589.20 time, 1590.01 real, 348 MB, 1.01 load
[runlim] sample:		1599.19 time, 1600.01 real, 348 MB, 1.01 load
[runlim] sample:		1609.19 time, 1610.01 real, 348 MB, 1.00 load
[runlim] sample:		1619.19 time, 1620.01 real, 352 MB, 1.08 load
[runlim] sample:		1629.18 time, 1630.01 real, 352 MB, 1.07 load
[runlim] sample:		1639.18 time, 1640.01 real, 352 MB, 1.06 load
[runlim] sample:		1649.17 time, 1650.01 real, 352 MB, 1.05 load
[runlim] sample:		1659.17 time, 1660.01 real, 352 MB, 1.04 load
[runlim] sample:		1669.16 time, 1670.01 real, 347 MB, 1.04 load
[runlim] sample:		1679.15 time, 1680.01 real, 347 MB, 1.11 load
[runlim] sample:		1689.15 time, 1690.01 real, 348 MB, 1.17 load
[runlim] sample:		1699.15 time, 1700.01 real, 348 MB, 1.14 load
[runlim] sample:		1709.14 time, 1710.01 real, 348 MB, 1.12 load
[runlim] sample:		1719.13 time, 1720.01 real, 342 MB, 1.10 load
[runlim] sample:		1729.13 time, 1730.01 real, 342 MB, 1.08 load
[runlim] sample:		1739.12 time, 1740.01 real, 342 MB, 1.07 load
[runlim] sample:		1749.12 time, 1750.01 real, 342 MB, 1.06 load
[runlim] sample:		1759.12 time, 1760.01 real, 328 MB, 1.05 load
[runlim] sample:		1769.12 time, 1770.01 real, 328 MB, 1.04 load
[runlim] sample:		1779.11 time, 1780.01 real, 328 MB, 1.04 load
[runlim] sample:		1789.10 time, 1790.01 real, 329 MB, 1.03 load
[runlim] sample:		1799.10 time, 1800.01 real, 329 MB, 1.02 load
[runlim] sample:		1809.10 time, 1810.01 real, 329 MB, 1.02 load
[runlim] sample:		1819.09 time, 1820.01 real, 329 MB, 1.02 load
[runlim] sample:		1829.08 time, 1830.01 real, 330 MB, 1.01 load
[runlim] sample:		1839.08 time, 1840.01 real, 330 MB, 1.01 load
[runlim] sample:		1849.07 time, 1850.01 real, 330 MB, 1.01 load
[runlim] sample:		1859.07 time, 1860.01 real, 330 MB, 1.01 load
[runlim] sample:		1869.07 time, 1870.01 real, 332 MB, 1.01 load
[runlim] sample:		1879.06 time, 1880.01 real, 332 MB, 1.00 load
[runlim] sample:		1889.06 time, 1890.01 real, 332 MB, 1.00 load
[runlim] sample:		1899.05 time, 1900.01 real, 332 MB, 1.00 load
[runlim] sample:		1909.05 time, 1910.01 real, 332 MB, 1.00 load
[runlim] sample:		1919.04 time, 1920.01 real, 332 MB, 1.00 load
[runlim] sample:		1929.04 time, 1930.01 real, 332 MB, 1.00 load
[runlim] sample:		1939.04 time, 1940.01 real, 332 MB, 1.00 load
[runlim] sample:		1949.03 time, 1950.01 real, 333 MB, 1.00 load
[runlim] sample:		1959.02 time, 1960.01 real, 333 MB, 1.00 load
[runlim] sample:		1969.02 time, 1970.01 real, 333 MB, 1.00 load
[runlim] sample:		1979.01 time, 1980.01 real, 333 MB, 1.00 load
[runlim] sample:		1989.01 time, 1990.01 real, 333 MB, 1.00 load
[runlim] sample:		1999.01 time, 2000.01 real, 333 MB, 1.00 load
[runlim] sample:		2009.00 time, 2010.01 real, 333 MB, 1.00 load
[runlim] sample:		2019.00 time, 2020.01 real, 333 MB, 1.00 load
[runlim] sample:		2028.99 time, 2030.01 real, 334 MB, 1.00 load
[runlim] sample:		2038.99 time, 2040.01 real, 334 MB, 1.00 load
[runlim] sample:		2048.98 time, 2050.01 real, 334 MB, 1.00 load
[runlim] sample:		2058.97 time, 2060.01 real, 334 MB, 1.08 load
[runlim] sample:		2068.95 time, 2070.01 real, 334 MB, 1.07 load
[runlim] sample:		2078.94 time, 2080.01 real, 334 MB, 1.14 load
[runlim] sample:		2088.93 time, 2090.01 real, 334 MB, 1.12 load
[runlim] sample:		2098.92 time, 2100.01 real, 334 MB, 1.17 load
[runlim] sample:		2108.91 time, 2110.01 real, 334 MB, 1.22 load
[runlim] sample:		2118.91 time, 2120.01 real, 334 MB, 1.19 load
[runlim] sample:		2128.90 time, 2130.01 real, 334 MB, 1.16 load
[runlim] sample:		2138.90 time, 2140.01 real, 334 MB, 1.13 load
[runlim] sample:		2148.89 time, 2150.01 real, 334 MB, 1.11 load
[runlim] sample:		2158.89 time, 2160.01 real, 335 MB, 1.09 load
[runlim] sample:		2168.88 time, 2170.01 real, 335 MB, 1.08 load
[runlim] sample:		2178.88 time, 2180.01 real, 335 MB, 1.15 load
[runlim] sample:		2188.87 time, 2190.01 real, 335 MB, 1.20 load
[runlim] sample:		2198.87 time, 2200.01 real, 337 MB, 1.17 load
[runlim] sample:		2208.86 time, 2210.01 real, 338 MB, 1.14 load
[runlim] sample:		2218.85 time, 2220.01 real, 338 MB, 1.27 load
[runlim] sample:		2228.85 time, 2230.01 real, 358 MB, 1.30 load
[runlim] sample:		2238.84 time, 2240.01 real, 358 MB, 1.33 load
[runlim] sample:		2248.84 time, 2250.01 real, 358 MB, 1.28 load
[runlim] sample:		2258.83 time, 2260.01 real, 364 MB, 1.31 load
[runlim] sample:		2268.83 time, 2270.01 real, 364 MB, 1.26 load
[runlim] sample:		2278.82 time, 2280.01 real, 364 MB, 1.29 load
[runlim] sample:		2288.82 time, 2290.01 real, 360 MB, 1.25 load
[runlim] sample:		2298.81 time, 2300.01 real, 360 MB, 1.28 load
[runlim] sample:		2308.81 time, 2310.01 real, 360 MB, 1.24 load
[runlim] sample:		2318.80 time, 2320.01 real, 360 MB, 1.20 load
[runlim] sample:		2328.80 time, 2330.01 real, 358 MB, 1.17 load
[runlim] sample:		2338.79 time, 2340.01 real, 358 MB, 1.14 load
[runlim] sample:		2348.78 time, 2350.01 real, 358 MB, 1.12 load
[runlim] sample:		2358.78 time, 2360.01 real, 358 MB, 1.10 load
[runlim] sample:		2368.77 time, 2370.01 real, 358 MB, 1.09 load
[runlim] sample:		2378.78 time, 2380.01 real, 456 MB, 1.15 load
[runlim] sample:		2388.77 time, 2390.01 real, 361 MB, 1.13 load
[runlim] sample:		2398.76 time, 2400.01 real, 361 MB, 1.11 load
[runlim] sample:		2408.76 time, 2410.01 real, 361 MB, 1.09 load
[runlim] sample:		2418.76 time, 2420.01 real, 354 MB, 1.08 load
[runlim] sample:		2428.75 time, 2430.01 real, 354 MB, 1.06 load
[runlim] sample:		2438.75 time, 2440.01 real, 361 MB, 1.05 load
[runlim] sample:		2448.74 time, 2450.01 real, 361 MB, 1.05 load
[runlim] sample:		2458.74 time, 2460.01 real, 361 MB, 1.04 load
[runlim] sample:		2468.73 time, 2470.01 real, 359 MB, 1.03 load
[runlim] sample:		2478.72 time, 2480.01 real, 359 MB, 1.03 load
[runlim] sample:		2488.72 time, 2490.01 real, 359 MB, 1.02 load
[runlim] sample:		2498.72 time, 2500.01 real, 367 MB, 1.02 load
[runlim] sample:		2508.71 time, 2510.01 real, 367 MB, 1.02 load
[runlim] sample:		2518.71 time, 2520.01 real, 367 MB, 1.01 load
[runlim] sample:		2528.70 time, 2530.01 real, 359 MB, 1.01 load
[runlim] sample:		2538.69 time, 2540.01 real, 359 MB, 1.01 load
[runlim] sample:		2548.69 time, 2550.01 real, 369 MB, 1.01 load
[runlim] sample:		2558.69 time, 2560.01 real, 369 MB, 1.00 load
[runlim] sample:		2568.68 time, 2570.01 real, 369 MB, 1.00 load
[runlim] sample:		2578.67 time, 2580.01 real, 362 MB, 1.00 load
[runlim] sample:		2588.67 time, 2590.01 real, 362 MB, 1.00 load
[runlim] sample:		2598.67 time, 2600.01 real, 362 MB, 1.00 load
[runlim] sample:		2608.66 time, 2610.01 real, 363 MB, 1.00 load
[runlim] sample:		2618.66 time, 2620.01 real, 363 MB, 1.00 load
[runlim] sample:		2628.65 time, 2630.01 real, 363 MB, 1.00 load
[runlim] sample:		2638.64 time, 2640.01 real, 366 MB, 1.00 load
[runlim] sample:		2648.64 time, 2650.01 real, 366 MB, 1.00 load
[runlim] sample:		2658.63 time, 2660.01 real, 366 MB, 1.00 load
[runlim] sample:		2668.63 time, 2670.01 real, 376 MB, 1.00 load
[runlim] sample:		2678.62 time, 2680.01 real, 376 MB, 1.08 load
[runlim] sample:		2688.62 time, 2690.01 real, 376 MB, 1.14 load
[runlim] sample:		2698.62 time, 2700.01 real, 367 MB, 1.12 load
[runlim] sample:		2708.61 time, 2710.01 real, 367 MB, 1.10 load
[runlim] sample:		2718.61 time, 2720.01 real, 367 MB, 1.08 load
[runlim] sample:		2728.60 time, 2730.01 real, 367 MB, 1.07 load
[runlim] sample:		2738.60 time, 2740.01 real, 361 MB, 1.06 load
[runlim] sample:		2748.59 time, 2750.01 real, 361 MB, 1.05 load
[runlim] sample:		2758.59 time, 2760.01 real, 361 MB, 1.04 load
[runlim] sample:		2768.58 time, 2770.01 real, 385 MB, 1.11 load
[runlim] sample:		2778.58 time, 2780.01 real, 385 MB, 1.09 load
[runlim] sample:		2788.57 time, 2790.01 real, 353 MB, 1.08 load
[runlim] sample:		2798.57 time, 2800.01 real, 353 MB, 1.07 load
[runlim] sample:		2808.56 time, 2810.01 real, 353 MB, 1.06 load
[runlim] sample:		2818.55 time, 2820.01 real, 369 MB, 1.05 load
[runlim] sample:		2828.55 time, 2830.01 real, 369 MB, 1.04 load
[runlim] sample:		2838.54 time, 2840.01 real, 372 MB, 1.03 load
[runlim] sample:		2848.54 time, 2850.01 real, 372 MB, 1.03 load
[runlim] sample:		2858.54 time, 2860.01 real, 370 MB, 1.02 load
[runlim] sample:		2868.54 time, 2870.01 real, 370 MB, 1.02 load
[runlim] sample:		2878.53 time, 2880.01 real, 370 MB, 1.02 load
[runlim] sample:		2888.53 time, 2890.01 real, 370 MB, 1.01 load
[runlim] sample:		2898.52 time, 2900.01 real, 343 MB, 1.01 load
[runlim] sample:		2908.52 time, 2910.01 real, 343 MB, 1.01 load
[runlim] sample:		2918.51 time, 2920.01 real, 343 MB, 1.01 load
[runlim] sample:		2928.51 time, 2930.01 real, 343 MB, 1.00 load
[runlim] sample:		2938.51 time, 2940.01 real, 343 MB, 1.00 load
[runlim] sample:		2948.50 time, 2950.01 real, 343 MB, 1.00 load
[runlim] sample:		2958.49 time, 2960.01 real, 344 MB, 1.00 load
[runlim] sample:		2968.49 time, 2970.01 real, 344 MB, 1.00 load
[runlim] sample:		2978.48 time, 2980.01 real, 302 MB, 1.00 load
[runlim] sample:		2988.48 time, 2990.01 real, 302 MB, 1.07 load
[runlim] sample:		2998.47 time, 3000.01 real, 302 MB, 1.06 load
[runlim] sample:		3008.47 time, 3010.01 real, 312 MB, 1.05 load
[runlim] sample:		3018.46 time, 3020.01 real, 312 MB, 1.04 load
[runlim] sample:		3028.46 time, 3030.01 real, 312 MB, 1.04 load
[runlim] sample:		3038.45 time, 3040.01 real, 312 MB, 1.03 load
[runlim] sample:		3048.46 time, 3050.01 real, 345 MB, 1.02 load
[runlim] sample:		3058.45 time, 3060.01 real, 345 MB, 1.02 load
[runlim] sample:		3068.45 time, 3070.01 real, 345 MB, 1.02 load
[runlim] sample:		3078.44 time, 3080.01 real, 345 MB, 1.01 load
[runlim] sample:		3088.44 time, 3090.01 real, 345 MB, 1.01 load
[runlim] sample:		3098.43 time, 3100.01 real, 345 MB, 1.01 load
[runlim] sample:		3108.43 time, 3110.01 real, 345 MB, 1.01 load
[runlim] sample:		3118.42 time, 3120.01 real, 346 MB, 1.01 load
[runlim] sample:		3128.42 time, 3130.01 real, 346 MB, 1.00 load
[runlim] sample:		3138.41 time, 3140.01 real, 346 MB, 1.08 load
[runlim] sample:		3148.41 time, 3150.01 real, 346 MB, 1.07 load
[runlim] sample:		3158.40 time, 3160.01 real, 346 MB, 1.06 load
[runlim] sample:		3168.40 time, 3170.01 real, 346 MB, 1.05 load
[runlim] sample:		3178.39 time, 3180.01 real, 347 MB, 1.12 load
[runlim] sample:		3188.39 time, 3190.01 real, 347 MB, 1.18 load
[runlim] sample:		3198.38 time, 3200.01 real, 347 MB, 1.15 load
[runlim] sample:		3208.38 time, 3210.01 real, 347 MB, 1.13 load
[runlim] sample:		3218.38 time, 3220.01 real, 347 MB, 1.11 load
[runlim] sample:		3228.37 time, 3230.01 real, 347 MB, 1.09 load
[runlim] sample:		3238.37 time, 3240.01 real, 347 MB, 1.08 load
[runlim] sample:		3248.37 time, 3250.01 real, 347 MB, 1.06 load
[runlim] sample:		3258.36 time, 3260.01 real, 347 MB, 1.05 load
[runlim] sample:		3268.36 time, 3270.01 real, 347 MB, 1.04 load
[runlim] sample:		3278.35 time, 3280.01 real, 347 MB, 1.04 load
[runlim] sample:		3288.35 time, 3290.01 real, 346 MB, 1.03 load
[runlim] sample:		3298.34 time, 3300.01 real, 346 MB, 1.03 load
[runlim] sample:		3308.34 time, 3310.01 real, 346 MB, 1.02 load
[runlim] sample:		3318.33 time, 3320.01 real, 346 MB, 1.02 load
[runlim] sample:		3328.33 time, 3330.01 real, 346 MB, 1.01 load
[runlim] sample:		3338.32 time, 3340.01 real, 346 MB, 1.01 load
[runlim] sample:		3348.32 time, 3350.01 real, 347 MB, 1.01 load
[runlim] sample:		3358.32 time, 3360.01 real, 347 MB, 1.01 load
[runlim] sample:		3368.31 time, 3370.01 real, 347 MB, 1.01 load
[runlim] sample:		3378.31 time, 3380.01 real, 347 MB, 1.00 load
[runlim] sample:		3388.30 time, 3390.01 real, 347 MB, 1.00 load
[runlim] sample:		3398.30 time, 3400.01 real, 347 MB, 1.00 load
[runlim] sample:		3408.28 time, 3410.01 real, 347 MB, 1.00 load
[runlim] sample:		3418.28 time, 3420.01 real, 347 MB, 1.00 load
[runlim] sample:		3428.27 time, 3430.01 real, 347 MB, 1.00 load
[runlim] sample:		3438.27 time, 3440.01 real, 347 MB, 1.00 load
[runlim] sample:		3448.26 time, 3450.01 real, 347 MB, 1.00 load
[runlim] sample:		3458.26 time, 3460.01 real, 347 MB, 1.08 load
[runlim] sample:		3468.26 time, 3470.01 real, 347 MB, 1.07 load
[runlim] sample:		3478.25 time, 3480.01 real, 347 MB, 1.06 load
[runlim] sample:		3488.24 time, 3490.01 real, 347 MB, 1.13 load
[runlim] sample:		3498.22 time, 3500.01 real, 347 MB, 1.18 load
[runlim] sample:		3508.21 time, 3510.01 real, 347 MB, 1.15 load
[runlim] sample:		3518.21 time, 3520.01 real, 347 MB, 1.13 load
[runlim] sample:		3528.20 time, 3530.01 real, 347 MB, 1.11 load
[runlim] sample:		3538.19 time, 3540.01 real, 348 MB, 1.17 load
[runlim] sample:		3548.18 time, 3550.01 real, 348 MB, 1.15 load
[runlim] sample:		3558.18 time, 3560.01 real, 348 MB, 1.12 load
[runlim] sample:		3568.17 time, 3570.01 real, 348 MB, 1.18 load
[runlim] sample:		3578.16 time, 3580.01 real, 348 MB, 1.15 load
[runlim] sample:		3588.15 time, 3590.01 real, 348 MB, 1.13 load
[runlim] sample:		3598.15 time, 3600.01 real, 348 MB, 1.18 load
[runlim] end:			Wed Aug 12 09:24:44 2026
[runlim] status:		out of time
[runlim] result:		2
[runlim] children:		1
[runlim] processes:		2
[runlim] real:			3601.05 seconds
[runlim] time:			3598.15 seconds
[runlim] space:			481 MB
[runlim] load:			1.35 maximum
[runlim] samples:		36000
