[runlim] version:		2.0.0rc12
[runlim] host:			ap-Precision-7550
[runlim] time limit:		311040000 seconds
[runlim] real time limit:	3600 seconds
[runlim] space limit:		14000 MB
[runlim] argv[0]:		python3
[runlim] argv[1]:		-u
[runlim] argv[2]:		main_ver2.py
[runlim] argv[3]:		Datasets/PSFs/PSF09_15×7.txt
[runlim] argv[4]:		--order_transitive
[runlim] argv[5]:		--symmetry
[runlim] start:			Sun Aug 16 05:21:19 2026
[runlim] child:			8519
=== CONFIGURATION ===
File Path: Datasets/PSFs/PSF09_15×7.txt
Symmetry Breaking: True
Same Machine Mode (sm_mode): 2d
Transitive Order Precedence (All Ops): True
Full Transitive: False
=====================

Reading file: Datasets/PSFs/PSF09_15×7.txt
Finished reading file: Datasets/PSFs/PSF09_15×7.txt
=== GREEDY INITIAL SOLUTION ===
Scheduled Operations: 75/75
Makespan (UB): 719
-------------------------------------------------
[SAT Found] Makespan = 718
[VERIFY] VERIFY SUCCESS]
Total Execution Time so far: 4.04 seconds
-------------------------------------------------
[SAT Found] Makespan = 717
[VERIFY] VERIFY SUCCESS]
Total Execution Time so far: 4.53 seconds
-------------------------------------------------
[SAT Found] Makespan = 716
[VERIFY] VERIFY SUCCESS]
Total Execution Time so far: 4.61 seconds
-------------------------------------------------
[SAT Found] Makespan = 715
[VERIFY] VERIFY SUCCESS]
Total Execution Time so far: 4.68 seconds
-------------------------------------------------
[SAT Found] Makespan = 710
[VERIFY] VERIFY SUCCESS]
Total Execution Time so far: 4.75 seconds
-------------------------------------------------
[SAT Found] Makespan = 709
[VERIFY] VERIFY SUCCESS]
Total Execution Time so far: 4.82 seconds
-------------------------------------------------
[SAT Found] Makespan = 708
[VERIFY] VERIFY SUCCESS]
Total Execution Time so far: 4.89 seconds
-------------------------------------------------
[SAT Found] Makespan = 707
[VERIFY] VERIFY SUCCESS]
Total Execution Time so far: 4.96 seconds
-------------------------------------------------
[SAT Found] Makespan = 706
[VERIFY] VERIFY SUCCESS]
Total Execution Time so far: 5.03 seconds
-------------------------------------------------
[SAT Found] Makespan = 705
[VERIFY] VERIFY SUCCESS]
Total Execution Time so far: 5.20 seconds
-------------------------------------------------
[SAT Found] Makespan = 704
[VERIFY] VERIFY SUCCESS]
Total Execution Time so far: 5.27 seconds
-------------------------------------------------
[SAT Found] Makespan = 703
[VERIFY] VERIFY SUCCESS]
Total Execution Time so far: 5.33 seconds
-------------------------------------------------
[SAT Found] Makespan = 702
[VERIFY] VERIFY SUCCESS]
Total Execution Time so far: 5.39 seconds
-------------------------------------------------
[SAT Found] Makespan = 701
[VERIFY] VERIFY SUCCESS]
Total Execution Time so far: 5.46 seconds
-------------------------------------------------
[SAT Found] Makespan = 700
[VERIFY] VERIFY SUCCESS]
Total Execution Time so far: 5.52 seconds
-------------------------------------------------
[SAT Found] Makespan = 699
[VERIFY] VERIFY SUCCESS]
Total Execution Time so far: 5.59 seconds
-------------------------------------------------
[SAT Found] Makespan = 698
[VERIFY] VERIFY SUCCESS]
Total Execution Time so far: 6.51 seconds
-------------------------------------------------
[SAT Found] Makespan = 697
[VERIFY] VERIFY SUCCESS]
Total Execution Time so far: 7.32 seconds
-------------------------------------------------
[SAT Found] Makespan = 696
[VERIFY] VERIFY SUCCESS]
Total Execution Time so far: 7.39 seconds
-------------------------------------------------
[SAT Found] Makespan = 695
[VERIFY] VERIFY SUCCESS]
Total Execution Time so far: 7.46 seconds
-------------------------------------------------
[SAT Found] Makespan = 694
[VERIFY] VERIFY SUCCESS]
Total Execution Time so far: 7.53 seconds
-------------------------------------------------
[SAT Found] Makespan = 693
[VERIFY] VERIFY SUCCESS]
Total Execution Time so far: 7.64 seconds
-------------------------------------------------
[SAT Found] Makespan = 692
[VERIFY] VERIFY SUCCESS]
Total Execution Time so far: 7.70 seconds
-------------------------------------------------
[SAT Found] Makespan = 691
[VERIFY] VERIFY SUCCESS]
Total Execution Time so far: 7.77 seconds
-------------------------------------------------
[SAT Found] Makespan = 690
[VERIFY] VERIFY SUCCESS]
Total Execution Time so far: 7.84 seconds
-------------------------------------------------
[SAT Found] Makespan = 689
[VERIFY] VERIFY SUCCESS]
Total Execution Time so far: 7.91 seconds
-------------------------------------------------
[SAT Found] Makespan = 688
[VERIFY] VERIFY SUCCESS]
Total Execution Time so far: 7.97 seconds
-------------------------------------------------
[SAT Found] Makespan = 687
[VERIFY] VERIFY SUCCESS]
Total Execution Time so far: 8.04 seconds
-------------------------------------------------
[SAT Found] Makespan = 686
[VERIFY] VERIFY SUCCESS]
Total Execution Time so far: 8.10 seconds
-------------------------------------------------
[SAT Found] Makespan = 685
[VERIFY] VERIFY SUCCESS]
Total Execution Time so far: 8.17 seconds
-------------------------------------------------
[SAT Found] Makespan = 684
[VERIFY] VERIFY SUCCESS]
Total Execution Time so far: 8.23 seconds
-------------------------------------------------
[SAT Found] Makespan = 683
[VERIFY] VERIFY SUCCESS]
Total Execution Time so far: 8.30 seconds
-------------------------------------------------
[runlim] sample:		9.94 time, 10.01 real, 529 MB, 0.97 load
[SAT Found] Makespan = 682
[VERIFY] VERIFY SUCCESS]
Total Execution Time so far: 14.47 seconds
-------------------------------------------------
[SAT Found] Makespan = 681
[VERIFY] VERIFY SUCCESS]
Total Execution Time so far: 15.30 seconds
-------------------------------------------------
[SAT Found] Makespan = 680
[VERIFY] VERIFY SUCCESS]
Total Execution Time so far: 16.74 seconds
-------------------------------------------------
[SAT Found] Makespan = 679
[VERIFY] VERIFY SUCCESS]
Total Execution Time so far: 17.27 seconds
-------------------------------------------------
[SAT Found] Makespan = 678
[VERIFY] VERIFY SUCCESS]
Total Execution Time so far: 18.17 seconds
-------------------------------------------------
[SAT Found] Makespan = 677
[VERIFY] VERIFY SUCCESS]
Total Execution Time so far: 18.83 seconds
-------------------------------------------------
[SAT Found] Makespan = 676
[VERIFY] VERIFY SUCCESS]
Total Execution Time so far: 18.91 seconds
-------------------------------------------------
[SAT Found] Makespan = 675
[VERIFY] VERIFY SUCCESS]
Total Execution Time so far: 19.27 seconds
-------------------------------------------------
[SAT Found] Makespan = 674
[VERIFY] VERIFY SUCCESS]
Total Execution Time so far: 19.35 seconds
-------------------------------------------------
[SAT Found] Makespan = 673
[VERIFY] VERIFY SUCCESS]
Total Execution Time so far: 19.42 seconds
-------------------------------------------------
[SAT Found] Makespan = 672
[VERIFY] VERIFY SUCCESS]
Total Execution Time so far: 19.75 seconds
-------------------------------------------------
[SAT Found] Makespan = 671
[VERIFY] VERIFY SUCCESS]
Total Execution Time so far: 19.81 seconds
-------------------------------------------------
[SAT Found] Makespan = 670
[VERIFY] VERIFY SUCCESS]
Total Execution Time so far: 19.88 seconds
-------------------------------------------------
[runlim] sample:		19.94 time, 20.01 real, 548 MB, 1.05 load
[SAT Found] Makespan = 669
[VERIFY] VERIFY SUCCESS]
Total Execution Time so far: 20.91 seconds
-------------------------------------------------
[SAT Found] Makespan = 668
[VERIFY] VERIFY SUCCESS]
Total Execution Time so far: 22.24 seconds
-------------------------------------------------
[SAT Found] Makespan = 667
[VERIFY] VERIFY SUCCESS]
Total Execution Time so far: 22.49 seconds
-------------------------------------------------
[SAT Found] Makespan = 666
[VERIFY] VERIFY SUCCESS]
Total Execution Time so far: 23.20 seconds
-------------------------------------------------
[SAT Found] Makespan = 665
[VERIFY] VERIFY SUCCESS]
Total Execution Time so far: 23.27 seconds
-------------------------------------------------
[SAT Found] Makespan = 664
[VERIFY] VERIFY SUCCESS]
Total Execution Time so far: 23.34 seconds
-------------------------------------------------
[SAT Found] Makespan = 663
[VERIFY] VERIFY SUCCESS]
Total Execution Time so far: 23.42 seconds
-------------------------------------------------
[SAT Found] Makespan = 662
[VERIFY] VERIFY SUCCESS]
Total Execution Time so far: 23.48 seconds
-------------------------------------------------
[SAT Found] Makespan = 661
[VERIFY] VERIFY SUCCESS]
Total Execution Time so far: 26.97 seconds
-------------------------------------------------
[runlim] sample:		29.93 time, 30.01 real, 529 MB, 1.04 load
[SAT Found] Makespan = 660
[VERIFY] VERIFY SUCCESS]
Total Execution Time so far: 30.19 seconds
-------------------------------------------------
[SAT Found] Makespan = 659
[VERIFY] VERIFY SUCCESS]
Total Execution Time so far: 33.55 seconds
-------------------------------------------------
[SAT Found] Makespan = 658
[VERIFY] VERIFY SUCCESS]
Total Execution Time so far: 34.23 seconds
-------------------------------------------------
[SAT Found] Makespan = 657
[VERIFY] VERIFY SUCCESS]
Total Execution Time so far: 34.89 seconds
-------------------------------------------------
[SAT Found] Makespan = 656
[VERIFY] VERIFY SUCCESS]
Total Execution Time so far: 37.76 seconds
-------------------------------------------------
[SAT Found] Makespan = 655
[VERIFY] VERIFY SUCCESS]
Total Execution Time so far: 38.39 seconds
-------------------------------------------------
[runlim] sample:		39.92 time, 40.01 real, 528 MB, 1.04 load
[SAT Found] Makespan = 654
[VERIFY] VERIFY SUCCESS]
Total Execution Time so far: 43.30 seconds
-------------------------------------------------
[SAT Found] Makespan = 653
[VERIFY] VERIFY SUCCESS]
Total Execution Time so far: 44.18 seconds
-------------------------------------------------
[SAT Found] Makespan = 652
[VERIFY] VERIFY SUCCESS]
Total Execution Time so far: 47.89 seconds
-------------------------------------------------
[runlim] sample:		49.92 time, 50.01 real, 526 MB, 1.03 load
[SAT Found] Makespan = 651
[VERIFY] VERIFY SUCCESS]
Total Execution Time so far: 50.27 seconds
-------------------------------------------------
[SAT Found] Makespan = 650
[VERIFY] VERIFY SUCCESS]
Total Execution Time so far: 53.27 seconds
-------------------------------------------------
[SAT Found] Makespan = 649
[VERIFY] VERIFY SUCCESS]
Total Execution Time so far: 53.34 seconds
-------------------------------------------------
[SAT Found] Makespan = 648
[VERIFY] VERIFY SUCCESS]
Total Execution Time so far: 53.41 seconds
-------------------------------------------------
[SAT Found] Makespan = 647
[VERIFY] VERIFY SUCCESS]
Total Execution Time so far: 57.38 seconds
-------------------------------------------------
[runlim] sample:		59.91 time, 60.01 real, 526 MB, 1.03 load
[SAT Found] Makespan = 646
[VERIFY] VERIFY SUCCESS]
Total Execution Time so far: 62.98 seconds
-------------------------------------------------
[SAT Found] Makespan = 645
[VERIFY] VERIFY SUCCESS]
Total Execution Time so far: 63.75 seconds
-------------------------------------------------
[SAT Found] Makespan = 644
[VERIFY] VERIFY SUCCESS]
Total Execution Time so far: 66.47 seconds
-------------------------------------------------
[SAT Found] Makespan = 643
[VERIFY] VERIFY SUCCESS]
Total Execution Time so far: 66.54 seconds
-------------------------------------------------
[SAT Found] Makespan = 642
[VERIFY] VERIFY SUCCESS]
Total Execution Time so far: 66.61 seconds
-------------------------------------------------
[SAT Found] Makespan = 641
[VERIFY] VERIFY SUCCESS]
Total Execution Time so far: 66.67 seconds
-------------------------------------------------
[SAT Found] Makespan = 640
[VERIFY] VERIFY SUCCESS]
Total Execution Time so far: 66.75 seconds
-------------------------------------------------
[SAT Found] Makespan = 639
[VERIFY] VERIFY SUCCESS]
Total Execution Time so far: 66.82 seconds
-------------------------------------------------
[SAT Found] Makespan = 638
[VERIFY] VERIFY SUCCESS]
Total Execution Time so far: 66.89 seconds
-------------------------------------------------
[SAT Found] Makespan = 637
[VERIFY] VERIFY SUCCESS]
Total Execution Time so far: 69.32 seconds
-------------------------------------------------
[runlim] sample:		69.90 time, 70.01 real, 524 MB, 1.02 load
[SAT Found] Makespan = 636
[VERIFY] VERIFY SUCCESS]
Total Execution Time so far: 73.14 seconds
-------------------------------------------------
[SAT Found] Makespan = 635
[VERIFY] VERIFY SUCCESS]
Total Execution Time so far: 75.54 seconds
-------------------------------------------------
[SAT Found] Makespan = 634
[VERIFY] VERIFY SUCCESS]
Total Execution Time so far: 78.46 seconds
-------------------------------------------------
[runlim] sample:		79.90 time, 80.01 real, 523 MB, 1.02 load
[SAT Found] Makespan = 633
[VERIFY] VERIFY SUCCESS]
Total Execution Time so far: 80.80 seconds
-------------------------------------------------
[SAT Found] Makespan = 632
[VERIFY] VERIFY SUCCESS]
Total Execution Time so far: 81.42 seconds
-------------------------------------------------
[SAT Found] Makespan = 631
[VERIFY] VERIFY SUCCESS]
Total Execution Time so far: 82.44 seconds
-------------------------------------------------
[SAT Found] Makespan = 630
[VERIFY] VERIFY SUCCESS]
Total Execution Time so far: 87.34 seconds
-------------------------------------------------
[runlim] sample:		89.90 time, 90.01 real, 519 MB, 1.01 load
[SAT Found] Makespan = 629
[VERIFY] VERIFY SUCCESS]
Total Execution Time so far: 90.93 seconds
-------------------------------------------------
[SAT Found] Makespan = 628
[VERIFY] VERIFY SUCCESS]
Total Execution Time so far: 93.96 seconds
-------------------------------------------------
[SAT Found] Makespan = 627
[VERIFY] VERIFY SUCCESS]
Total Execution Time so far: 97.31 seconds
-------------------------------------------------
[SAT Found] Makespan = 626
[VERIFY] VERIFY SUCCESS]
Total Execution Time so far: 98.12 seconds
-------------------------------------------------
[runlim] sample:		99.88 time, 100.01 real, 519 MB, 1.01 load
[SAT Found] Makespan = 625
[VERIFY] VERIFY SUCCESS]
Total Execution Time so far: 100.62 seconds
-------------------------------------------------
[SAT Found] Makespan = 624
[VERIFY] VERIFY SUCCESS]
Total Execution Time so far: 103.25 seconds
-------------------------------------------------
[SAT Found] Makespan = 623
[VERIFY] VERIFY SUCCESS]
Total Execution Time so far: 106.62 seconds
-------------------------------------------------
[SAT Found] Makespan = 622
[VERIFY] VERIFY SUCCESS]
Total Execution Time so far: 107.25 seconds
-------------------------------------------------
[runlim] sample:		109.88 time, 110.01 real, 530 MB, 1.01 load
[SAT Found] Makespan = 621
[VERIFY] VERIFY SUCCESS]
Total Execution Time so far: 113.01 seconds
-------------------------------------------------
[runlim] sample:		119.87 time, 120.01 real, 498 MB, 1.08 load
[SAT Found] Makespan = 620
[VERIFY] VERIFY SUCCESS]
Total Execution Time so far: 124.61 seconds
-------------------------------------------------
[SAT Found] Makespan = 619
[VERIFY] VERIFY SUCCESS]
Total Execution Time so far: 124.82 seconds
-------------------------------------------------
[SAT Found] Makespan = 618
[VERIFY] VERIFY SUCCESS]
Total Execution Time so far: 127.94 seconds
-------------------------------------------------
[runlim] sample:		129.86 time, 130.01 real, 498 MB, 1.07 load
[SAT Found] Makespan = 617
[VERIFY] VERIFY SUCCESS]
Total Execution Time so far: 130.80 seconds
-------------------------------------------------
[SAT Found] Makespan = 616
[VERIFY] VERIFY SUCCESS]
Total Execution Time so far: 133.84 seconds
-------------------------------------------------
[runlim] sample:		139.86 time, 140.01 real, 498 MB, 1.06 load
[SAT Found] Makespan = 615
[VERIFY] VERIFY SUCCESS]
Total Execution Time so far: 141.42 seconds
-------------------------------------------------
[SAT Found] Makespan = 614
[VERIFY] VERIFY SUCCESS]
Total Execution Time so far: 145.47 seconds
-------------------------------------------------
[SAT Found] Makespan = 613
[VERIFY] VERIFY SUCCESS]
Total Execution Time so far: 148.50 seconds
-------------------------------------------------
[runlim] sample:		149.85 time, 150.01 real, 496 MB, 1.05 load
[SAT Found] Makespan = 612
[VERIFY] VERIFY SUCCESS]
Total Execution Time so far: 151.93 seconds
-------------------------------------------------
[SAT Found] Makespan = 611
[VERIFY] VERIFY SUCCESS]
Total Execution Time so far: 155.20 seconds
-------------------------------------------------
[runlim] sample:		159.84 time, 160.01 real, 495 MB, 1.04 load
[SAT Found] Makespan = 610
[VERIFY] VERIFY SUCCESS]
Total Execution Time so far: 166.26 seconds
-------------------------------------------------
[runlim] sample:		169.84 time, 170.01 real, 494 MB, 1.03 load
[SAT Found] Makespan = 609
[VERIFY] VERIFY SUCCESS]
Total Execution Time so far: 172.71 seconds
-------------------------------------------------
[SAT Found] Makespan = 608
[VERIFY] VERIFY SUCCESS]
Total Execution Time so far: 175.38 seconds
-------------------------------------------------
[SAT Found] Makespan = 607
[VERIFY] VERIFY SUCCESS]
Total Execution Time so far: 178.67 seconds
-------------------------------------------------
[runlim] sample:		179.84 time, 180.01 real, 496 MB, 1.03 load
[SAT Found] Makespan = 606
[VERIFY] VERIFY SUCCESS]
Total Execution Time so far: 181.78 seconds
-------------------------------------------------
[SAT Found] Makespan = 605
[VERIFY] VERIFY SUCCESS]
Total Execution Time so far: 185.96 seconds
-------------------------------------------------
[runlim] sample:		189.83 time, 190.01 real, 497 MB, 1.02 load
[SAT Found] Makespan = 604
[VERIFY] VERIFY SUCCESS]
Total Execution Time so far: 197.12 seconds
-------------------------------------------------
[runlim] sample:		199.83 time, 200.01 real, 528 MB, 1.02 load
[SAT Found] Makespan = 603
[VERIFY] VERIFY SUCCESS]
Total Execution Time so far: 202.90 seconds
-------------------------------------------------
[runlim] sample:		209.82 time, 210.01 real, 496 MB, 1.02 load
[SAT Found] Makespan = 602
[VERIFY] VERIFY SUCCESS]
Total Execution Time so far: 214.83 seconds
-------------------------------------------------
[runlim] sample:		219.81 time, 220.01 real, 494 MB, 1.09 load
[SAT Found] Makespan = 601
[VERIFY] VERIFY SUCCESS]
Total Execution Time so far: 224.63 seconds
-------------------------------------------------
[runlim] sample:		229.81 time, 230.01 real, 495 MB, 1.07 load
[runlim] sample:		239.80 time, 240.01 real, 497 MB, 1.06 load
[SAT Found] Makespan = 600
[VERIFY] VERIFY SUCCESS]
Total Execution Time so far: 243.26 seconds
-------------------------------------------------
[SAT Found] Makespan = 599
[VERIFY] VERIFY SUCCESS]
Total Execution Time so far: 247.40 seconds
-------------------------------------------------
[runlim] sample:		249.80 time, 250.01 real, 497 MB, 1.05 load
[runlim] sample:		259.79 time, 260.01 real, 495 MB, 1.04 load
[SAT Found] Makespan = 598
[VERIFY] VERIFY SUCCESS]
Total Execution Time so far: 260.53 seconds
-------------------------------------------------
[runlim] sample:		269.78 time, 270.01 real, 495 MB, 1.04 load
[SAT Found] Makespan = 597
[VERIFY] VERIFY SUCCESS]
Total Execution Time so far: 274.95 seconds
-------------------------------------------------
[runlim] sample:		279.78 time, 280.01 real, 497 MB, 1.03 load
[runlim] sample:		289.77 time, 290.01 real, 495 MB, 1.11 load
[SAT Found] Makespan = 596
[VERIFY] VERIFY SUCCESS]
Total Execution Time so far: 290.59 seconds
-------------------------------------------------
[SAT Found] Makespan = 595
[VERIFY] VERIFY SUCCESS]
Total Execution Time so far: 294.36 seconds
-------------------------------------------------
[runlim] sample:		299.77 time, 300.01 real, 497 MB, 1.09 load
[runlim] sample:		309.77 time, 310.01 real, 495 MB, 1.07 load
[runlim] sample:		319.75 time, 320.01 real, 498 MB, 1.06 load
[runlim] sample:		329.75 time, 330.01 real, 498 MB, 1.05 load
[SAT Found] Makespan = 594
[VERIFY] VERIFY SUCCESS]
Total Execution Time so far: 339.72 seconds
-------------------------------------------------
[runlim] sample:		339.75 time, 340.01 real, 492 MB, 1.04 load
[runlim] sample:		349.75 time, 350.01 real, 495 MB, 1.04 load
[SAT Found] Makespan = 593
[VERIFY] VERIFY SUCCESS]
Total Execution Time so far: 353.94 seconds
-------------------------------------------------
[runlim] sample:		359.75 time, 360.01 real, 496 MB, 1.03 load
[SAT Found] Makespan = 592
[VERIFY] VERIFY SUCCESS]
Total Execution Time so far: 368.17 seconds
-------------------------------------------------
[runlim] sample:		369.73 time, 370.01 real, 496 MB, 1.03 load
[runlim] sample:		379.73 time, 380.01 real, 495 MB, 1.02 load
[runlim] sample:		389.73 time, 390.01 real, 499 MB, 1.02 load
[runlim] sample:		399.73 time, 400.01 real, 499 MB, 1.01 load
[runlim] sample:		409.72 time, 410.01 real, 493 MB, 1.01 load
[SAT Found] Makespan = 591
[VERIFY] VERIFY SUCCESS]
Total Execution Time so far: 412.81 seconds
-------------------------------------------------
[runlim] sample:		419.71 time, 420.01 real, 497 MB, 1.16 load
[runlim] sample:		429.71 time, 430.01 real, 498 MB, 1.14 load
[runlim] sample:		439.70 time, 440.01 real, 498 MB, 1.12 load
[runlim] sample:		449.70 time, 450.01 real, 501 MB, 1.17 load
[runlim] sample:		459.69 time, 460.01 real, 495 MB, 1.15 load
[SAT Found] Makespan = 590
[VERIFY] VERIFY SUCCESS]
Total Execution Time so far: 461.74 seconds
-------------------------------------------------
[SAT Found] Makespan = 589
[VERIFY] VERIFY SUCCESS]
Total Execution Time so far: 465.92 seconds
-------------------------------------------------
[runlim] sample:		469.69 time, 470.01 real, 501 MB, 1.12 load
[runlim] sample:		479.68 time, 480.01 real, 502 MB, 1.10 load
[runlim] sample:		489.68 time, 490.01 real, 498 MB, 1.09 load
[runlim] sample:		499.67 time, 500.01 real, 500 MB, 1.07 load
[runlim] sample:		509.66 time, 510.01 real, 500 MB, 1.06 load
[runlim] sample:		519.66 time, 520.01 real, 497 MB, 1.05 load
[SAT Found] Makespan = 588
[VERIFY] VERIFY SUCCESS]
Total Execution Time so far: 524.43 seconds
-------------------------------------------------
[runlim] sample:		529.66 time, 530.01 real, 505 MB, 1.04 load
[runlim] sample:		539.65 time, 540.01 real, 506 MB, 1.04 load
[runlim] sample:		549.64 time, 550.01 real, 499 MB, 1.03 load
[runlim] sample:		559.64 time, 560.01 real, 607 MB, 1.02 load
[runlim] sample:		569.64 time, 570.01 real, 498 MB, 1.02 load
[SAT Found] Makespan = 587
[VERIFY] VERIFY SUCCESS]
Total Execution Time so far: 573.63 seconds
-------------------------------------------------
[runlim] sample:		579.63 time, 580.01 real, 497 MB, 1.02 load
[runlim] sample:		589.62 time, 590.01 real, 503 MB, 1.01 load
[runlim] sample:		599.62 time, 600.01 real, 503 MB, 1.01 load
[runlim] sample:		609.62 time, 610.01 real, 504 MB, 1.01 load
[runlim] sample:		619.61 time, 620.01 real, 497 MB, 1.01 load
[SAT Found] Makespan = 586
[VERIFY] VERIFY SUCCESS]
Total Execution Time so far: 620.35 seconds
-------------------------------------------------
[runlim] sample:		629.61 time, 630.01 real, 500 MB, 1.01 load
[runlim] sample:		639.60 time, 640.01 real, 502 MB, 1.00 load
[runlim] sample:		649.59 time, 650.01 real, 502 MB, 1.00 load
[runlim] sample:		659.59 time, 660.01 real, 496 MB, 1.00 load
[runlim] sample:		669.58 time, 670.01 real, 496 MB, 1.00 load
[runlim] sample:		679.58 time, 680.01 real, 508 MB, 1.00 load
[SAT Found] Makespan = 585
[VERIFY] VERIFY SUCCESS]
Total Execution Time so far: 682.13 seconds
-------------------------------------------------
[runlim] sample:		689.58 time, 690.01 real, 509 MB, 1.00 load
[SAT Found] Makespan = 584
[VERIFY] VERIFY SUCCESS]
Total Execution Time so far: 696.80 seconds
-------------------------------------------------
[runlim] sample:		699.57 time, 700.01 real, 502 MB, 1.00 load
[runlim] sample:		709.57 time, 710.01 real, 500 MB, 1.00 load
[runlim] sample:		719.56 time, 720.01 real, 500 MB, 1.00 load
[runlim] sample:		729.55 time, 730.01 real, 501 MB, 1.00 load
[runlim] sample:		739.55 time, 740.01 real, 502 MB, 1.00 load
[runlim] sample:		749.54 time, 750.01 real, 499 MB, 1.00 load
[SAT Found] Makespan = 583
[VERIFY] VERIFY SUCCESS]
Total Execution Time so far: 750.38 seconds
-------------------------------------------------
[runlim] sample:		759.54 time, 760.01 real, 500 MB, 1.00 load
[runlim] sample:		769.53 time, 770.01 real, 507 MB, 1.00 load
[runlim] sample:		779.53 time, 780.01 real, 503 MB, 1.00 load
[runlim] sample:		789.53 time, 790.01 real, 503 MB, 1.00 load
[runlim] sample:		799.52 time, 800.01 real, 502 MB, 1.00 load
[runlim] sample:		809.52 time, 810.01 real, 502 MB, 1.00 load
[SAT Found] Makespan = 582
[VERIFY] VERIFY SUCCESS]
Total Execution Time so far: 817.04 seconds
-------------------------------------------------
[runlim] sample:		819.51 time, 820.01 real, 510 MB, 1.00 load
[runlim] sample:		829.51 time, 830.01 real, 511 MB, 1.00 load
[runlim] sample:		839.50 time, 840.01 real, 505 MB, 1.00 load
[runlim] sample:		849.50 time, 850.01 real, 505 MB, 1.00 load
[runlim] sample:		859.49 time, 860.01 real, 499 MB, 1.00 load
[SAT Found] Makespan = 581
[VERIFY] VERIFY SUCCESS]
Total Execution Time so far: 864.42 seconds
-------------------------------------------------
[runlim] sample:		869.49 time, 870.01 real, 499 MB, 1.00 load
[runlim] sample:		879.48 time, 880.01 real, 506 MB, 1.00 load
[runlim] sample:		889.48 time, 890.01 real, 506 MB, 1.00 load
[runlim] sample:		899.47 time, 900.01 real, 504 MB, 1.00 load
[runlim] sample:		909.46 time, 910.01 real, 504 MB, 1.00 load
[runlim] sample:		919.46 time, 920.01 real, 502 MB, 1.08 load
[runlim] sample:		929.45 time, 930.01 real, 502 MB, 1.21 load
[runlim] sample:		939.45 time, 940.01 real, 518 MB, 1.18 load
[runlim] sample:		949.44 time, 950.01 real, 518 MB, 1.23 load
[runlim] sample:		959.44 time, 960.01 real, 511 MB, 1.19 load
[runlim] sample:		969.43 time, 970.01 real, 511 MB, 1.16 load
[runlim] sample:		979.43 time, 980.01 real, 499 MB, 1.14 load
[runlim] sample:		989.43 time, 990.01 real, 499 MB, 1.11 load
[runlim] sample:		999.42 time, 1000.01 real, 499 MB, 1.10 load
[runlim] sample:		1009.41 time, 1010.01 real, 500 MB, 1.08 load
[runlim] sample:		1019.41 time, 1020.01 real, 500 MB, 1.14 load
[runlim] sample:		1029.41 time, 1030.01 real, 500 MB, 1.12 load
[runlim] sample:		1039.40 time, 1040.01 real, 500 MB, 1.10 load
[runlim] sample:		1049.39 time, 1050.01 real, 500 MB, 1.08 load
[runlim] sample:		1059.39 time, 1060.01 real, 504 MB, 1.15 load
[runlim] sample:		1069.39 time, 1070.01 real, 539 MB, 1.12 load
[SAT Found] Makespan = 580
[VERIFY] VERIFY SUCCESS]
Total Execution Time so far: 1077.04 seconds
-------------------------------------------------
[runlim] sample:		1079.38 time, 1080.01 real, 505 MB, 1.10 load
[runlim] sample:		1089.38 time, 1090.01 real, 517 MB, 1.09 load
[runlim] sample:		1099.37 time, 1100.01 real, 518 MB, 1.07 load
[runlim] sample:		1109.37 time, 1110.01 real, 509 MB, 1.06 load
[runlim] sample:		1119.36 time, 1120.01 real, 509 MB, 1.05 load
[SAT Found] Makespan = 579
[VERIFY] VERIFY SUCCESS]
Total Execution Time so far: 1120.14 seconds
-------------------------------------------------
[runlim] sample:		1129.36 time, 1130.01 real, 502 MB, 1.04 load
[runlim] sample:		1139.36 time, 1140.01 real, 502 MB, 1.04 load
[runlim] sample:		1149.34 time, 1150.01 real, 510 MB, 1.03 load
[runlim] sample:		1159.34 time, 1160.01 real, 510 MB, 1.02 load
[runlim] sample:		1169.34 time, 1170.01 real, 510 MB, 1.02 load
[runlim] sample:		1179.32 time, 1180.01 real, 508 MB, 1.02 load
[runlim] sample:		1189.32 time, 1190.01 real, 508 MB, 1.01 load
[runlim] sample:		1199.32 time, 1200.01 real, 521 MB, 1.01 load
[runlim] sample:		1209.31 time, 1210.01 real, 521 MB, 1.01 load
[runlim] sample:		1219.30 time, 1220.01 real, 521 MB, 1.01 load
[runlim] sample:		1229.30 time, 1230.01 real, 509 MB, 1.01 load
[runlim] sample:		1239.29 time, 1240.01 real, 509 MB, 1.00 load
[runlim] sample:		1249.29 time, 1250.01 real, 502 MB, 1.00 load
[runlim] sample:		1259.28 time, 1260.01 real, 502 MB, 1.00 load
[runlim] sample:		1269.28 time, 1270.01 real, 539 MB, 1.00 load
[runlim] sample:		1279.27 time, 1280.01 real, 502 MB, 1.00 load
[runlim] sample:		1289.26 time, 1290.01 real, 502 MB, 1.00 load
[runlim] sample:		1299.26 time, 1300.01 real, 502 MB, 1.00 load
[runlim] sample:		1309.25 time, 1310.01 real, 502 MB, 1.00 load
[runlim] sample:		1319.25 time, 1320.01 real, 502 MB, 1.08 load
[runlim] sample:		1329.24 time, 1330.01 real, 502 MB, 1.07 load
[runlim] sample:		1339.24 time, 1340.01 real, 527 MB, 1.06 load
[runlim] sample:		1349.23 time, 1350.01 real, 527 MB, 1.05 load
[runlim] sample:		1359.23 time, 1360.01 real, 522 MB, 1.04 load
[runlim] sample:		1369.23 time, 1370.01 real, 522 MB, 1.03 load
[runlim] sample:		1379.22 time, 1380.01 real, 522 MB, 1.03 load
[runlim] sample:		1389.21 time, 1390.01 real, 524 MB, 1.02 load
[runlim] sample:		1399.20 time, 1400.01 real, 524 MB, 1.02 load
[runlim] sample:		1409.20 time, 1410.01 real, 524 MB, 1.02 load
[runlim] sample:		1419.19 time, 1420.01 real, 530 MB, 1.09 load
[runlim] sample:		1429.19 time, 1430.01 real, 530 MB, 1.15 load
[runlim] sample:		1439.19 time, 1440.01 real, 532 MB, 1.13 load
[runlim] sample:		1449.18 time, 1450.01 real, 532 MB, 1.19 load
[runlim] sample:		1459.17 time, 1460.01 real, 531 MB, 1.16 load
[SAT Found] Makespan = 578
[VERIFY] VERIFY SUCCESS]
Total Execution Time so far: 1468.67 seconds
-------------------------------------------------
[runlim] sample:		1469.17 time, 1470.01 real, 531 MB, 1.21 load
[runlim] sample:		1479.17 time, 1480.01 real, 531 MB, 1.18 load
[runlim] sample:		1489.16 time, 1490.01 real, 521 MB, 1.15 load
[runlim] sample:		1499.16 time, 1500.01 real, 521 MB, 1.13 load
[runlim] sample:		1509.15 time, 1510.01 real, 521 MB, 1.11 load
[runlim] sample:		1519.14 time, 1520.01 real, 509 MB, 1.09 load
[runlim] sample:		1529.14 time, 1530.01 real, 509 MB, 1.08 load
[SAT Found] Makespan = 577
[VERIFY] VERIFY SUCCESS]
Total Execution Time so far: 1532.34 seconds
-------------------------------------------------
[runlim] sample:		1539.14 time, 1540.01 real, 520 MB, 1.06 load
[runlim] sample:		1549.13 time, 1550.01 real, 520 MB, 1.05 load
[SAT Found] Makespan = 576
[VERIFY] VERIFY SUCCESS]
Total Execution Time so far: 1551.61 seconds
-------------------------------------------------
[SAT Found] Makespan = 575
[VERIFY] VERIFY SUCCESS]
Total Execution Time so far: 1555.00 seconds
-------------------------------------------------
[SAT Found] Makespan = 574
[VERIFY] VERIFY SUCCESS]
Total Execution Time so far: 1555.07 seconds
-------------------------------------------------
[runlim] sample:		1559.13 time, 1560.01 real, 521 MB, 1.05 load
[runlim] sample:		1569.12 time, 1570.01 real, 514 MB, 1.04 load
[runlim] sample:		1579.12 time, 1580.01 real, 514 MB, 1.03 load
[runlim] sample:		1589.11 time, 1590.01 real, 514 MB, 1.03 load
[runlim] sample:		1599.10 time, 1600.01 real, 512 MB, 1.10 load
[runlim] sample:		1609.10 time, 1610.01 real, 512 MB, 1.09 load
[runlim] sample:		1619.10 time, 1620.01 real, 520 MB, 1.07 load
[runlim] sample:		1629.09 time, 1630.01 real, 520 MB, 1.06 load
[runlim] sample:		1639.08 time, 1640.01 real, 520 MB, 1.05 load
[runlim] sample:		1649.07 time, 1650.01 real, 527 MB, 1.04 load
[runlim] sample:		1659.07 time, 1660.01 real, 527 MB, 1.04 load
[runlim] sample:		1669.06 time, 1670.01 real, 527 MB, 1.03 load
[runlim] sample:		1679.06 time, 1680.01 real, 506 MB, 1.02 load
[runlim] sample:		1689.06 time, 1690.01 real, 506 MB, 1.02 load
[runlim] sample:		1699.05 time, 1700.01 real, 506 MB, 1.02 load
[runlim] sample:		1709.05 time, 1710.01 real, 506 MB, 1.01 load
[runlim] sample:		1719.04 time, 1720.01 real, 507 MB, 1.01 load
[runlim] sample:		1729.04 time, 1730.01 real, 507 MB, 1.01 load
[runlim] sample:		1739.03 time, 1740.01 real, 507 MB, 1.01 load
[runlim] sample:		1749.02 time, 1750.01 real, 508 MB, 1.09 load
[runlim] sample:		1759.01 time, 1760.01 real, 508 MB, 1.07 load
[runlim] sample:		1769.01 time, 1770.01 real, 646 MB, 1.06 load
[runlim] sample:		1779.00 time, 1780.01 real, 531 MB, 1.05 load
[runlim] sample:		1789.00 time, 1790.01 real, 531 MB, 1.04 load
[runlim] sample:		1798.99 time, 1800.01 real, 673 MB, 1.04 load
[runlim] sample:		1808.99 time, 1810.01 real, 535 MB, 1.03 load
[runlim] sample:		1818.99 time, 1820.01 real, 535 MB, 1.02 load
[runlim] sample:		1828.98 time, 1830.01 real, 535 MB, 1.02 load
[runlim] sample:		1838.98 time, 1840.01 real, 538 MB, 1.02 load
[runlim] sample:		1848.97 time, 1850.01 real, 538 MB, 1.01 load
[runlim] sample:		1858.96 time, 1860.01 real, 538 MB, 1.01 load
[runlim] sample:		1868.96 time, 1870.01 real, 538 MB, 1.01 load
[runlim] sample:		1878.96 time, 1880.01 real, 536 MB, 1.09 load
[runlim] sample:		1888.95 time, 1890.01 real, 536 MB, 1.07 load
[runlim] sample:		1898.95 time, 1900.01 real, 536 MB, 1.14 load
[runlim] sample:		1908.95 time, 1910.01 real, 528 MB, 1.12 load
[runlim] sample:		1918.94 time, 1920.01 real, 528 MB, 1.18 load
[runlim] sample:		1928.94 time, 1930.01 real, 527 MB, 1.23 load
[runlim] sample:		1938.93 time, 1940.01 real, 527 MB, 1.19 load
[runlim] sample:		1948.93 time, 1950.01 real, 527 MB, 1.16 load
[runlim] sample:		1958.92 time, 1960.01 real, 527 MB, 1.14 load
[runlim] sample:		1968.92 time, 1970.01 real, 509 MB, 1.27 load
[runlim] sample:		1978.91 time, 1980.01 real, 511 MB, 1.23 load
[runlim] sample:		1988.90 time, 1990.01 real, 511 MB, 1.19 load
[runlim] sample:		1998.90 time, 2000.01 real, 511 MB, 1.24 load
[runlim] sample:		2008.90 time, 2010.01 real, 509 MB, 1.20 load
[runlim] sample:		2018.89 time, 2020.01 real, 509 MB, 1.17 load
[runlim] sample:		2028.89 time, 2030.01 real, 509 MB, 1.22 load
[runlim] sample:		2038.88 time, 2040.01 real, 620 MB, 1.19 load
[runlim] sample:		2048.88 time, 2050.01 real, 510 MB, 1.16 load
[runlim] sample:		2058.87 time, 2060.01 real, 510 MB, 1.13 load
[runlim] sample:		2068.87 time, 2070.01 real, 510 MB, 1.11 load
[runlim] sample:		2078.86 time, 2080.01 real, 510 MB, 1.10 load
[runlim] sample:		2088.85 time, 2090.01 real, 511 MB, 1.08 load
[runlim] sample:		2098.85 time, 2100.01 real, 511 MB, 1.07 load
[runlim] sample:		2108.84 time, 2110.01 real, 511 MB, 1.06 load
[runlim] sample:		2118.84 time, 2120.01 real, 511 MB, 1.05 load
[runlim] sample:		2128.84 time, 2130.01 real, 511 MB, 1.04 load
[runlim] sample:		2138.83 time, 2140.01 real, 511 MB, 1.03 load
[runlim] sample:		2148.83 time, 2150.01 real, 511 MB, 1.03 load
[runlim] sample:		2158.82 time, 2160.01 real, 511 MB, 1.10 load
[runlim] sample:		2168.81 time, 2170.01 real, 512 MB, 1.09 load
[runlim] sample:		2178.80 time, 2180.01 real, 512 MB, 1.15 load
[runlim] sample:		2188.80 time, 2190.01 real, 512 MB, 1.13 load
[runlim] sample:		2198.79 time, 2200.01 real, 512 MB, 1.11 load
[runlim] sample:		2208.80 time, 2210.01 real, 513 MB, 1.09 load
[runlim] sample:		2218.79 time, 2220.01 real, 513 MB, 1.08 load
[runlim] sample:		2228.78 time, 2230.01 real, 513 MB, 1.06 load
[runlim] sample:		2238.78 time, 2240.01 real, 513 MB, 1.05 load
[runlim] sample:		2248.78 time, 2250.01 real, 513 MB, 1.05 load
[runlim] sample:		2258.77 time, 2260.01 real, 513 MB, 1.04 load
[runlim] sample:		2268.77 time, 2270.01 real, 513 MB, 1.11 load
[runlim] sample:		2278.76 time, 2280.01 real, 513 MB, 1.09 load
[runlim] sample:		2288.75 time, 2290.01 real, 513 MB, 1.08 load
[runlim] sample:		2298.75 time, 2300.01 real, 513 MB, 1.06 load
[runlim] sample:		2308.75 time, 2310.01 real, 513 MB, 1.13 load
[runlim] sample:		2318.74 time, 2320.01 real, 513 MB, 1.11 load
[runlim] sample:		2328.74 time, 2330.01 real, 513 MB, 1.09 load
[runlim] sample:		2338.73 time, 2340.01 real, 513 MB, 1.08 load
[runlim] sample:		2348.73 time, 2350.01 real, 514 MB, 1.07 load
[runlim] sample:		2358.72 time, 2360.01 real, 514 MB, 1.06 load
[runlim] sample:		2368.72 time, 2370.01 real, 514 MB, 1.05 load
[runlim] sample:		2378.71 time, 2380.01 real, 514 MB, 1.04 load
[runlim] sample:		2388.71 time, 2390.01 real, 514 MB, 1.03 load
[runlim] sample:		2398.70 time, 2400.01 real, 514 MB, 1.03 load
[SAT Found] Makespan = 573
[VERIFY] VERIFY SUCCESS]
Total Execution Time so far: 2408.24 seconds
-------------------------------------------------
[runlim] sample:		2408.70 time, 2410.01 real, 513 MB, 1.02 load
[runlim] sample:		2418.69 time, 2420.01 real, 513 MB, 1.10 load
[runlim] sample:		2428.69 time, 2430.01 real, 527 MB, 1.16 load
[runlim] sample:		2438.69 time, 2440.01 real, 527 MB, 1.13 load
[runlim] sample:		2448.68 time, 2450.01 real, 527 MB, 1.11 load
[runlim] sample:		2458.67 time, 2460.01 real, 515 MB, 1.17 load
[runlim] sample:		2468.67 time, 2470.01 real, 515 MB, 1.15 load
[SAT Found] Makespan = 572
[VERIFY] VERIFY SUCCESS]
Total Execution Time so far: 2473.06 seconds
-------------------------------------------------
[runlim] sample:		2478.66 time, 2480.01 real, 516 MB, 1.20 load
[runlim] sample:		2488.66 time, 2490.01 real, 531 MB, 1.17 load
[runlim] sample:		2498.65 time, 2500.01 real, 531 MB, 1.15 load
[runlim] sample:		2508.65 time, 2510.01 real, 531 MB, 1.12 load
[runlim] sample:		2518.64 time, 2520.01 real, 531 MB, 1.10 load
[runlim] sample:		2528.64 time, 2530.01 real, 518 MB, 1.09 load
[runlim] sample:		2538.63 time, 2540.01 real, 519 MB, 1.07 load
[runlim] sample:		2548.62 time, 2550.01 real, 519 MB, 1.06 load
[runlim] sample:		2558.62 time, 2560.01 real, 519 MB, 1.05 load
[runlim] sample:		2568.62 time, 2570.01 real, 545 MB, 1.04 load
[runlim] sample:		2578.62 time, 2580.01 real, 545 MB, 1.04 load
[runlim] sample:		2588.61 time, 2590.01 real, 545 MB, 1.18 load
[runlim] sample:		2598.60 time, 2600.01 real, 545 MB, 1.16 load
[runlim] sample:		2608.60 time, 2610.01 real, 519 MB, 1.21 load
[runlim] sample:		2618.59 time, 2620.01 real, 519 MB, 1.18 load
[runlim] sample:		2628.59 time, 2630.01 real, 519 MB, 1.23 load
[runlim] sample:		2638.58 time, 2640.01 real, 519 MB, 1.20 load
[runlim] sample:		2648.58 time, 2650.01 real, 519 MB, 1.17 load
[runlim] sample:		2658.57 time, 2660.01 real, 516 MB, 1.14 load
[runlim] sample:		2668.57 time, 2670.01 real, 516 MB, 1.12 load
[runlim] sample:		2678.56 time, 2680.01 real, 516 MB, 1.10 load
[runlim] sample:		2688.56 time, 2690.01 real, 516 MB, 1.08 load
[runlim] sample:		2698.55 time, 2700.01 real, 526 MB, 1.07 load
[runlim] sample:		2708.55 time, 2710.01 real, 526 MB, 1.06 load
[runlim] sample:		2718.54 time, 2720.01 real, 526 MB, 1.05 load
[runlim] sample:		2728.54 time, 2730.01 real, 545 MB, 1.20 load
[SAT Found] Makespan = 571
[VERIFY] VERIFY SUCCESS]
Total Execution Time so far: 2737.39 seconds
-------------------------------------------------
[runlim] sample:		2738.54 time, 2740.01 real, 544 MB, 1.25 load
[runlim] sample:		2748.53 time, 2750.01 real, 544 MB, 1.21 load
[runlim] sample:		2758.53 time, 2760.01 real, 544 MB, 1.18 load
[runlim] sample:		2768.52 time, 2770.01 real, 544 MB, 1.15 load
[runlim] sample:		2778.51 time, 2780.01 real, 530 MB, 1.13 load
[runlim] sample:		2788.52 time, 2790.01 real, 530 MB, 1.11 load
[runlim] sample:		2798.51 time, 2800.01 real, 531 MB, 1.09 load
[runlim] sample:		2808.50 time, 2810.01 real, 533 MB, 1.08 load
[runlim] sample:		2818.50 time, 2820.01 real, 533 MB, 1.06 load
[runlim] sample:		2828.49 time, 2830.01 real, 533 MB, 1.05 load
[runlim] sample:		2838.49 time, 2840.01 real, 533 MB, 1.05 load
[runlim] sample:		2848.49 time, 2850.01 real, 536 MB, 1.04 load
[runlim] sample:		2858.49 time, 2860.01 real, 536 MB, 1.03 load
[runlim] sample:		2868.48 time, 2870.01 real, 536 MB, 1.11 load
[runlim] sample:		2878.48 time, 2880.01 real, 536 MB, 1.09 load
[runlim] sample:		2888.47 time, 2890.01 real, 536 MB, 1.16 load
[runlim] sample:		2898.47 time, 2900.01 real, 517 MB, 1.13 load
[runlim] sample:		2908.47 time, 2910.01 real, 517 MB, 1.11 load
[runlim] sample:		2918.46 time, 2920.01 real, 517 MB, 1.17 load
[runlim] sample:		2928.46 time, 2930.01 real, 517 MB, 1.22 load
[runlim] sample:		2938.45 time, 2940.01 real, 517 MB, 1.19 load
[runlim] sample:		2948.45 time, 2950.01 real, 517 MB, 1.16 load
[runlim] sample:		2958.44 time, 2960.01 real, 517 MB, 1.13 load
[runlim] sample:		2968.44 time, 2970.01 real, 517 MB, 1.11 load
[runlim] sample:		2978.43 time, 2980.01 real, 517 MB, 1.09 load
[runlim] sample:		2988.42 time, 2990.01 real, 542 MB, 1.08 load
[SAT Found] Makespan = 570
[VERIFY] VERIFY SUCCESS]
Total Execution Time so far: 2993.13 seconds
-------------------------------------------------
[runlim] sample:		2998.42 time, 3000.01 real, 542 MB, 1.15 load
[runlim] sample:		3008.42 time, 3010.01 real, 542 MB, 1.12 load
[runlim] sample:		3018.41 time, 3020.01 real, 538 MB, 1.27 load
[runlim] sample:		3028.40 time, 3030.01 real, 538 MB, 1.22 load
[runlim] sample:		3038.40 time, 3040.01 real, 539 MB, 1.27 load
[runlim] sample:		3048.39 time, 3050.01 real, 539 MB, 1.39 load
[runlim] sample:		3058.40 time, 3060.01 real, 534 MB, 1.33 load
[runlim] sample:		3068.39 time, 3070.01 real, 534 MB, 1.28 load
[SAT Found] Makespan = 569
[VERIFY] VERIFY SUCCESS]
Total Execution Time so far: 3073.33 seconds
-------------------------------------------------
[runlim] sample:		3078.39 time, 3080.01 real, 533 MB, 1.31 load
[runlim] sample:		3088.38 time, 3090.01 real, 533 MB, 1.26 load
[runlim] sample:		3098.38 time, 3100.01 real, 543 MB, 1.22 load
[runlim] sample:		3108.37 time, 3110.01 real, 543 MB, 1.19 load
[runlim] sample:		3118.37 time, 3120.01 real, 543 MB, 1.16 load
[runlim] sample:		3128.37 time, 3130.01 real, 543 MB, 1.13 load
[runlim] sample:		3138.35 time, 3140.01 real, 529 MB, 1.11 load
[runlim] sample:		3148.35 time, 3150.01 real, 529 MB, 1.09 load
[runlim] sample:		3158.35 time, 3160.01 real, 529 MB, 1.08 load
[runlim] sample:		3168.34 time, 3170.01 real, 529 MB, 1.15 load
[runlim] sample:		3178.34 time, 3180.01 real, 543 MB, 1.12 load
[runlim] sample:		3188.34 time, 3190.01 real, 543 MB, 1.10 load
[runlim] sample:		3198.33 time, 3200.01 real, 543 MB, 1.09 load
[runlim] sample:		3208.33 time, 3210.01 real, 543 MB, 1.22 load
[runlim] sample:		3218.33 time, 3220.01 real, 543 MB, 1.19 load
[runlim] sample:		3228.32 time, 3230.01 real, 543 MB, 1.16 load
[runlim] sample:		3238.32 time, 3240.01 real, 519 MB, 1.13 load
[runlim] sample:		3248.32 time, 3250.01 real, 519 MB, 1.11 load
[runlim] sample:		3258.32 time, 3260.01 real, 519 MB, 1.09 load
[runlim] sample:		3268.31 time, 3270.01 real, 519 MB, 1.08 load
[runlim] sample:		3278.31 time, 3280.01 real, 519 MB, 1.07 load
[runlim] sample:		3288.31 time, 3290.01 real, 520 MB, 1.06 load
[runlim] sample:		3298.30 time, 3300.01 real, 520 MB, 1.13 load
[runlim] sample:		3308.30 time, 3310.01 real, 520 MB, 1.11 load
[runlim] sample:		3318.30 time, 3320.01 real, 520 MB, 1.17 load
[runlim] sample:		3328.29 time, 3330.01 real, 520 MB, 1.14 load
[runlim] sample:		3338.29 time, 3340.01 real, 553 MB, 1.12 load
[runlim] sample:		3348.29 time, 3350.01 real, 553 MB, 1.10 load
[runlim] sample:		3358.29 time, 3360.01 real, 553 MB, 1.09 load
[runlim] sample:		3368.28 time, 3370.01 real, 553 MB, 1.07 load
[runlim] sample:		3378.28 time, 3380.01 real, 551 MB, 1.06 load
[runlim] sample:		3388.27 time, 3390.01 real, 551 MB, 1.05 load
[runlim] sample:		3398.27 time, 3400.01 real, 551 MB, 1.12 load
[runlim] sample:		3408.27 time, 3410.01 real, 551 MB, 1.10 load
[runlim] sample:		3418.27 time, 3420.01 real, 564 MB, 1.16 load
[runlim] sample:		3428.26 time, 3430.01 real, 564 MB, 1.21 load
[runlim] sample:		3438.26 time, 3440.01 real, 564 MB, 1.18 load
[runlim] sample:		3448.25 time, 3450.01 real, 564 MB, 1.23 load
[runlim] sample:		3458.25 time, 3460.01 real, 564 MB, 1.36 load
[runlim] sample:		3468.25 time, 3470.01 real, 564 MB, 1.30 load
[runlim] sample:		3478.25 time, 3480.01 real, 571 MB, 1.25 load
[runlim] sample:		3488.24 time, 3490.01 real, 571 MB, 1.21 load
[runlim] sample:		3498.24 time, 3500.01 real, 571 MB, 1.18 load
[runlim] sample:		3508.24 time, 3510.01 real, 571 MB, 1.15 load
[runlim] sample:		3518.23 time, 3520.01 real, 571 MB, 1.13 load
[runlim] sample:		3528.22 time, 3530.01 real, 551 MB, 1.11 load
[runlim] sample:		3538.22 time, 3540.01 real, 551 MB, 1.09 load
[runlim] sample:		3548.22 time, 3550.01 real, 551 MB, 1.08 load
[runlim] sample:		3558.21 time, 3560.01 real, 551 MB, 1.06 load
[runlim] sample:		3568.21 time, 3570.01 real, 551 MB, 1.05 load
[runlim] sample:		3578.21 time, 3580.01 real, 521 MB, 1.13 load
[runlim] sample:		3588.21 time, 3590.01 real, 521 MB, 1.11 load
[runlim] sample:		3598.20 time, 3600.01 real, 521 MB, 1.17 load
[runlim] end:			Sun Aug 16 06:21:20 2026
[runlim] status:		out of time
[runlim] result:		2
[runlim] children:		1
[runlim] processes:		2
[runlim] real:			3601.06 seconds
[runlim] time:			3598.20 seconds
[runlim] space:			741 MB
[runlim] load:			1.39 maximum
[runlim] samples:		36000
