[runlim] version:		2.0.0rc12
[runlim] host:			ap-Precision-7550
[runlim] time limit:		311040000 seconds
[runlim] real time limit:	3600 seconds
[runlim] space limit:		14000 MB
[runlim] argv[0]:		python3
[runlim] argv[1]:		-u
[runlim] argv[2]:		main_ver2.py
[runlim] argv[3]:		Datasets/PSFs/PSF01_10×7.txt
[runlim] argv[4]:		--order_transitive
[runlim] argv[5]:		--symmetry
[runlim] start:			Sun Aug 16 00:40:44 2026
[runlim] child:			7798
=== CONFIGURATION ===
File Path: Datasets/PSFs/PSF01_10×7.txt
Symmetry Breaking: True
Same Machine Mode (sm_mode): 2d
Transitive Order Precedence (All Ops): True
Full Transitive: False
=====================

Reading file: Datasets/PSFs/PSF01_10×7.txt
Finished reading file: Datasets/PSFs/PSF01_10×7.txt
=== GREEDY INITIAL SOLUTION ===
Scheduled Operations: 50/50
Makespan (UB): 488
-------------------------------------------------
[SAT Found] Makespan = 487
[VERIFY] VERIFY SUCCESS]
Total Execution Time so far: 1.00 seconds
-------------------------------------------------
[SAT Found] Makespan = 486
[VERIFY] VERIFY SUCCESS]
Total Execution Time so far: 1.02 seconds
-------------------------------------------------
[SAT Found] Makespan = 485
[VERIFY] VERIFY SUCCESS]
Total Execution Time so far: 1.04 seconds
-------------------------------------------------
[SAT Found] Makespan = 484
[VERIFY] VERIFY SUCCESS]
Total Execution Time so far: 1.06 seconds
-------------------------------------------------
[SAT Found] Makespan = 483
[VERIFY] VERIFY SUCCESS]
Total Execution Time so far: 1.08 seconds
-------------------------------------------------
[SAT Found] Makespan = 482
[VERIFY] VERIFY SUCCESS]
Total Execution Time so far: 1.10 seconds
-------------------------------------------------
[SAT Found] Makespan = 481
[VERIFY] VERIFY SUCCESS]
Total Execution Time so far: 1.12 seconds
-------------------------------------------------
[SAT Found] Makespan = 480
[VERIFY] VERIFY SUCCESS]
Total Execution Time so far: 1.13 seconds
-------------------------------------------------
[SAT Found] Makespan = 479
[VERIFY] VERIFY SUCCESS]
Total Execution Time so far: 1.16 seconds
-------------------------------------------------
[SAT Found] Makespan = 478
[VERIFY] VERIFY SUCCESS]
Total Execution Time so far: 1.18 seconds
-------------------------------------------------
[SAT Found] Makespan = 477
[VERIFY] VERIFY SUCCESS]
Total Execution Time so far: 1.20 seconds
-------------------------------------------------
[SAT Found] Makespan = 476
[VERIFY] VERIFY SUCCESS]
Total Execution Time so far: 1.22 seconds
-------------------------------------------------
[SAT Found] Makespan = 475
[VERIFY] VERIFY SUCCESS]
Total Execution Time so far: 1.24 seconds
-------------------------------------------------
[SAT Found] Makespan = 474
[VERIFY] VERIFY SUCCESS]
Total Execution Time so far: 1.26 seconds
-------------------------------------------------
[SAT Found] Makespan = 473
[VERIFY] VERIFY SUCCESS]
Total Execution Time so far: 1.28 seconds
-------------------------------------------------
[SAT Found] Makespan = 472
[VERIFY] VERIFY SUCCESS]
Total Execution Time so far: 1.54 seconds
-------------------------------------------------
[SAT Found] Makespan = 471
[VERIFY] VERIFY SUCCESS]
Total Execution Time so far: 1.64 seconds
-------------------------------------------------
[SAT Found] Makespan = 470
[VERIFY] VERIFY SUCCESS]
Total Execution Time so far: 1.74 seconds
-------------------------------------------------
[SAT Found] Makespan = 469
[VERIFY] VERIFY SUCCESS]
Total Execution Time so far: 1.78 seconds
-------------------------------------------------
[SAT Found] Makespan = 468
[VERIFY] VERIFY SUCCESS]
Total Execution Time so far: 1.80 seconds
-------------------------------------------------
[SAT Found] Makespan = 467
[VERIFY] VERIFY SUCCESS]
Total Execution Time so far: 1.82 seconds
-------------------------------------------------
[SAT Found] Makespan = 466
[VERIFY] VERIFY SUCCESS]
Total Execution Time so far: 1.84 seconds
-------------------------------------------------
[SAT Found] Makespan = 465
[VERIFY] VERIFY SUCCESS]
Total Execution Time so far: 1.86 seconds
-------------------------------------------------
[SAT Found] Makespan = 464
[VERIFY] VERIFY SUCCESS]
Total Execution Time so far: 1.88 seconds
-------------------------------------------------
[SAT Found] Makespan = 463
[VERIFY] VERIFY SUCCESS]
Total Execution Time so far: 1.90 seconds
-------------------------------------------------
[SAT Found] Makespan = 461
[VERIFY] VERIFY SUCCESS]
Total Execution Time so far: 2.37 seconds
-------------------------------------------------
[SAT Found] Makespan = 460
[VERIFY] VERIFY SUCCESS]
Total Execution Time so far: 2.43 seconds
-------------------------------------------------
[SAT Found] Makespan = 459
[VERIFY] VERIFY SUCCESS]
Total Execution Time so far: 2.57 seconds
-------------------------------------------------
[SAT Found] Makespan = 458
[VERIFY] VERIFY SUCCESS]
Total Execution Time so far: 2.59 seconds
-------------------------------------------------
[SAT Found] Makespan = 457
[VERIFY] VERIFY SUCCESS]
Total Execution Time so far: 4.79 seconds
-------------------------------------------------
[SAT Found] Makespan = 456
[VERIFY] VERIFY SUCCESS]
Total Execution Time so far: 4.89 seconds
-------------------------------------------------
[SAT Found] Makespan = 455
[VERIFY] VERIFY SUCCESS]
Total Execution Time so far: 4.91 seconds
-------------------------------------------------
[SAT Found] Makespan = 454
[VERIFY] VERIFY SUCCESS]
Total Execution Time so far: 4.93 seconds
-------------------------------------------------
[SAT Found] Makespan = 453
[VERIFY] VERIFY SUCCESS]
Total Execution Time so far: 5.12 seconds
-------------------------------------------------
[SAT Found] Makespan = 452
[VERIFY] VERIFY SUCCESS]
Total Execution Time so far: 5.39 seconds
-------------------------------------------------
[SAT Found] Makespan = 451
[VERIFY] VERIFY SUCCESS]
Total Execution Time so far: 5.60 seconds
-------------------------------------------------
[SAT Found] Makespan = 450
[VERIFY] VERIFY SUCCESS]
Total Execution Time so far: 6.15 seconds
-------------------------------------------------
[SAT Found] Makespan = 449
[VERIFY] VERIFY SUCCESS]
Total Execution Time so far: 6.42 seconds
-------------------------------------------------
[SAT Found] Makespan = 448
[VERIFY] VERIFY SUCCESS]
Total Execution Time so far: 6.64 seconds
-------------------------------------------------
[SAT Found] Makespan = 447
[VERIFY] VERIFY SUCCESS]
Total Execution Time so far: 6.98 seconds
-------------------------------------------------
[SAT Found] Makespan = 446
[VERIFY] VERIFY SUCCESS]
Total Execution Time so far: 7.22 seconds
-------------------------------------------------
[SAT Found] Makespan = 445
[VERIFY] VERIFY SUCCESS]
Total Execution Time so far: 7.30 seconds
-------------------------------------------------
[SAT Found] Makespan = 444
[VERIFY] VERIFY SUCCESS]
Total Execution Time so far: 7.33 seconds
-------------------------------------------------
[SAT Found] Makespan = 443
[VERIFY] VERIFY SUCCESS]
Total Execution Time so far: 7.35 seconds
-------------------------------------------------
[SAT Found] Makespan = 442
[VERIFY] VERIFY SUCCESS]
Total Execution Time so far: 7.37 seconds
-------------------------------------------------
[SAT Found] Makespan = 441
[VERIFY] VERIFY SUCCESS]
Total Execution Time so far: 7.39 seconds
-------------------------------------------------
[SAT Found] Makespan = 440
[VERIFY] VERIFY SUCCESS]
Total Execution Time so far: 7.65 seconds
-------------------------------------------------
[SAT Found] Makespan = 439
[VERIFY] VERIFY SUCCESS]
Total Execution Time so far: 7.91 seconds
-------------------------------------------------
[SAT Found] Makespan = 438
[VERIFY] VERIFY SUCCESS]
Total Execution Time so far: 8.11 seconds
-------------------------------------------------
[SAT Found] Makespan = 437
[VERIFY] VERIFY SUCCESS]
Total Execution Time so far: 8.29 seconds
-------------------------------------------------
[SAT Found] Makespan = 436
[VERIFY] VERIFY SUCCESS]
Total Execution Time so far: 8.31 seconds
-------------------------------------------------
[SAT Found] Makespan = 435
[VERIFY] VERIFY SUCCESS]
Total Execution Time so far: 8.33 seconds
-------------------------------------------------
[SAT Found] Makespan = 434
[VERIFY] VERIFY SUCCESS]
Total Execution Time so far: 8.35 seconds
-------------------------------------------------
[runlim] sample:		9.98 time, 10.01 real, 183 MB, 0.84 load
[SAT Found] Makespan = 433
[VERIFY] VERIFY SUCCESS]
Total Execution Time so far: 10.00 seconds
-------------------------------------------------
[SAT Found] Makespan = 432
[VERIFY] VERIFY SUCCESS]
Total Execution Time so far: 10.26 seconds
-------------------------------------------------
[SAT Found] Makespan = 431
[VERIFY] VERIFY SUCCESS]
Total Execution Time so far: 10.50 seconds
-------------------------------------------------
[SAT Found] Makespan = 430
[VERIFY] VERIFY SUCCESS]
Total Execution Time so far: 10.52 seconds
-------------------------------------------------
[SAT Found] Makespan = 429
[VERIFY] VERIFY SUCCESS]
Total Execution Time so far: 10.54 seconds
-------------------------------------------------
[SAT Found] Makespan = 428
[VERIFY] VERIFY SUCCESS]
Total Execution Time so far: 10.56 seconds
-------------------------------------------------
[SAT Found] Makespan = 427
[VERIFY] VERIFY SUCCESS]
Total Execution Time so far: 10.58 seconds
-------------------------------------------------
[SAT Found] Makespan = 426
[VERIFY] VERIFY SUCCESS]
Total Execution Time so far: 10.60 seconds
-------------------------------------------------
[SAT Found] Makespan = 425
[VERIFY] VERIFY SUCCESS]
Total Execution Time so far: 10.62 seconds
-------------------------------------------------
[SAT Found] Makespan = 424
[VERIFY] VERIFY SUCCESS]
Total Execution Time so far: 10.64 seconds
-------------------------------------------------
[SAT Found] Makespan = 423
[VERIFY] VERIFY SUCCESS]
Total Execution Time so far: 10.86 seconds
-------------------------------------------------
[SAT Found] Makespan = 422
[VERIFY] VERIFY SUCCESS]
Total Execution Time so far: 11.24 seconds
-------------------------------------------------
[SAT Found] Makespan = 421
[VERIFY] VERIFY SUCCESS]
Total Execution Time so far: 11.51 seconds
-------------------------------------------------
[SAT Found] Makespan = 420
[VERIFY] VERIFY SUCCESS]
Total Execution Time so far: 11.82 seconds
-------------------------------------------------
[SAT Found] Makespan = 419
[VERIFY] VERIFY SUCCESS]
Total Execution Time so far: 12.01 seconds
-------------------------------------------------
[SAT Found] Makespan = 418
[VERIFY] VERIFY SUCCESS]
Total Execution Time so far: 12.04 seconds
-------------------------------------------------
[SAT Found] Makespan = 417
[VERIFY] VERIFY SUCCESS]
Total Execution Time so far: 13.67 seconds
-------------------------------------------------
[SAT Found] Makespan = 416
[VERIFY] VERIFY SUCCESS]
Total Execution Time so far: 13.95 seconds
-------------------------------------------------
[SAT Found] Makespan = 415
[VERIFY] VERIFY SUCCESS]
Total Execution Time so far: 16.09 seconds
-------------------------------------------------
[SAT Found] Makespan = 414
[VERIFY] VERIFY SUCCESS]
Total Execution Time so far: 16.45 seconds
-------------------------------------------------
[SAT Found] Makespan = 413
[VERIFY] VERIFY SUCCESS]
Total Execution Time so far: 16.75 seconds
-------------------------------------------------
[SAT Found] Makespan = 412
[VERIFY] VERIFY SUCCESS]
Total Execution Time so far: 18.37 seconds
-------------------------------------------------
[SAT Found] Makespan = 411
[VERIFY] VERIFY SUCCESS]
Total Execution Time so far: 18.72 seconds
-------------------------------------------------
[SAT Found] Makespan = 410
[VERIFY] VERIFY SUCCESS]
Total Execution Time so far: 19.76 seconds
-------------------------------------------------
[runlim] sample:		19.97 time, 20.01 real, 214 MB, 0.94 load
[SAT Found] Makespan = 409
[VERIFY] VERIFY SUCCESS]
Total Execution Time so far: 20.08 seconds
-------------------------------------------------
[SAT Found] Makespan = 408
[VERIFY] VERIFY SUCCESS]
Total Execution Time so far: 21.13 seconds
-------------------------------------------------
[SAT Found] Makespan = 407
[VERIFY] VERIFY SUCCESS]
Total Execution Time so far: 27.83 seconds
-------------------------------------------------
[SAT Found] Makespan = 406
[VERIFY] VERIFY SUCCESS]
Total Execution Time so far: 28.28 seconds
-------------------------------------------------
[SAT Found] Makespan = 405
[VERIFY] VERIFY SUCCESS]
Total Execution Time so far: 28.99 seconds
-------------------------------------------------
[runlim] sample:		29.98 time, 30.01 real, 214 MB, 0.95 load
[SAT Found] Makespan = 404
[VERIFY] VERIFY SUCCESS]
Total Execution Time so far: 35.45 seconds
-------------------------------------------------
[SAT Found] Makespan = 403
[VERIFY] VERIFY SUCCESS]
Total Execution Time so far: 35.51 seconds
-------------------------------------------------
[SAT Found] Makespan = 402
[VERIFY] VERIFY SUCCESS]
Total Execution Time so far: 37.13 seconds
-------------------------------------------------
[SAT Found] Makespan = 401
[VERIFY] VERIFY SUCCESS]
Total Execution Time so far: 38.37 seconds
-------------------------------------------------
[runlim] sample:		39.97 time, 40.01 real, 231 MB, 0.96 load
[SAT Found] Makespan = 400
[VERIFY] VERIFY SUCCESS]
Total Execution Time so far: 45.67 seconds
-------------------------------------------------
[SAT Found] Makespan = 399
[VERIFY] VERIFY SUCCESS]
Total Execution Time so far: 46.10 seconds
-------------------------------------------------
[SAT Found] Makespan = 398
[VERIFY] VERIFY SUCCESS]
Total Execution Time so far: 46.54 seconds
-------------------------------------------------
[SAT Found] Makespan = 397
[VERIFY] VERIFY SUCCESS]
Total Execution Time so far: 48.68 seconds
-------------------------------------------------
[runlim] sample:		49.96 time, 50.01 real, 231 MB, 1.12 load
[SAT Found] Makespan = 396
[VERIFY] VERIFY SUCCESS]
Total Execution Time so far: 54.39 seconds
-------------------------------------------------
[runlim] sample:		59.96 time, 60.01 real, 231 MB, 1.10 load
[SAT Found] Makespan = 395
[VERIFY] VERIFY SUCCESS]
Total Execution Time so far: 62.69 seconds
-------------------------------------------------
[SAT Found] Makespan = 394
[VERIFY] VERIFY SUCCESS]
Total Execution Time so far: 69.43 seconds
-------------------------------------------------
[runlim] sample:		69.96 time, 70.01 real, 231 MB, 1.08 load
[SAT Found] Makespan = 393
[VERIFY] VERIFY SUCCESS]
Total Execution Time so far: 71.12 seconds
-------------------------------------------------
[SAT Found] Makespan = 392
[VERIFY] VERIFY SUCCESS]
Total Execution Time so far: 78.97 seconds
-------------------------------------------------
[SAT Found] Makespan = 391
[VERIFY] VERIFY SUCCESS]
Total Execution Time so far: 79.05 seconds
-------------------------------------------------
[runlim] sample:		79.95 time, 80.01 real, 231 MB, 1.07 load
[SAT Found] Makespan = 390
[VERIFY] VERIFY SUCCESS]
Total Execution Time so far: 88.74 seconds
-------------------------------------------------
[runlim] sample:		89.94 time, 90.01 real, 231 MB, 1.06 load
[runlim] sample:		99.94 time, 100.01 real, 211 MB, 1.21 load
[runlim] sample:		109.93 time, 110.01 real, 208 MB, 1.18 load
[SAT Found] Makespan = 389
[VERIFY] VERIFY SUCCESS]
Total Execution Time so far: 117.24 seconds
-------------------------------------------------
[SAT Found] Makespan = 388
[VERIFY] VERIFY SUCCESS]
Total Execution Time so far: 119.17 seconds
-------------------------------------------------
[runlim] sample:		119.94 time, 120.01 real, 213 MB, 1.15 load
[SAT Found] Makespan = 387
[VERIFY] VERIFY SUCCESS]
Total Execution Time so far: 126.50 seconds
-------------------------------------------------
[SAT Found] Makespan = 386
[VERIFY] VERIFY SUCCESS]
Total Execution Time so far: 128.79 seconds
-------------------------------------------------
[runlim] sample:		129.92 time, 130.01 real, 246 MB, 1.13 load
[SAT Found] Makespan = 385
[VERIFY] VERIFY SUCCESS]
Total Execution Time so far: 130.20 seconds
-------------------------------------------------
[SAT Found] Makespan = 384
[VERIFY] VERIFY SUCCESS]
Total Execution Time so far: 130.22 seconds
-------------------------------------------------
[SAT Found] Makespan = 383
[VERIFY] VERIFY SUCCESS]
Total Execution Time so far: 130.24 seconds
-------------------------------------------------
[SAT Found] Makespan = 382
[VERIFY] VERIFY SUCCESS]
Total Execution Time so far: 132.33 seconds
-------------------------------------------------
[runlim] sample:		139.92 time, 140.01 real, 246 MB, 1.11 load
[runlim] sample:		149.91 time, 150.01 real, 180 MB, 1.09 load
[runlim] sample:		159.91 time, 160.01 real, 179 MB, 1.08 load
[SAT Found] Makespan = 381
[VERIFY] VERIFY SUCCESS]
Total Execution Time so far: 164.68 seconds
-------------------------------------------------
[runlim] sample:		169.91 time, 170.01 real, 211 MB, 1.06 load
[SAT Found] Makespan = 380
[VERIFY] VERIFY SUCCESS]
Total Execution Time so far: 173.57 seconds
-------------------------------------------------
[runlim] sample:		179.90 time, 180.01 real, 182 MB, 1.05 load
[runlim] sample:		189.90 time, 190.01 real, 182 MB, 1.04 load
[runlim] sample:		199.90 time, 200.01 real, 180 MB, 1.04 load
[runlim] sample:		209.89 time, 210.01 real, 224 MB, 1.03 load
[runlim] sample:		219.89 time, 220.01 real, 190 MB, 1.03 load
[runlim] sample:		229.88 time, 230.01 real, 227 MB, 1.10 load
[SAT Found] Makespan = 379
[VERIFY] VERIFY SUCCESS]
Total Execution Time so far: 235.28 seconds
-------------------------------------------------
[runlim] sample:		239.87 time, 240.01 real, 239 MB, 1.09 load
[runlim] sample:		249.88 time, 250.01 real, 183 MB, 1.07 load
[runlim] sample:		259.86 time, 260.01 real, 184 MB, 1.06 load
[runlim] sample:		269.86 time, 270.01 real, 181 MB, 1.05 load
[runlim] sample:		279.86 time, 280.01 real, 207 MB, 1.04 load
[SAT Found] Makespan = 378
[VERIFY] VERIFY SUCCESS]
Total Execution Time so far: 285.13 seconds
-------------------------------------------------
[runlim] sample:		289.86 time, 290.01 real, 208 MB, 1.11 load
[SAT Found] Makespan = 377
[VERIFY] VERIFY SUCCESS]
Total Execution Time so far: 295.88 seconds
-------------------------------------------------
[runlim] sample:		299.85 time, 300.01 real, 208 MB, 1.17 load
[SAT Found] Makespan = 376
[VERIFY] VERIFY SUCCESS]
Total Execution Time so far: 307.15 seconds
-------------------------------------------------
[runlim] sample:		309.84 time, 310.01 real, 207 MB, 1.14 load
[runlim] sample:		319.84 time, 320.01 real, 207 MB, 1.12 load
[runlim] sample:		329.83 time, 330.01 real, 209 MB, 1.10 load
[runlim] sample:		339.84 time, 340.01 real, 182 MB, 1.08 load
[runlim] sample:		349.82 time, 350.01 real, 222 MB, 1.07 load
[runlim] sample:		359.82 time, 360.01 real, 210 MB, 1.14 load
[runlim] sample:		369.82 time, 370.01 real, 210 MB, 1.12 load
[SAT Found] Makespan = 375
[VERIFY] VERIFY SUCCESS]
Total Execution Time so far: 373.38 seconds
-------------------------------------------------
[runlim] sample:		379.81 time, 380.01 real, 187 MB, 1.18 load
[runlim] sample:		389.81 time, 390.01 real, 189 MB, 1.15 load
[runlim] sample:		399.81 time, 400.01 real, 189 MB, 1.13 load
[SAT Found] Makespan = 374
[VERIFY] VERIFY SUCCESS]
Total Execution Time so far: 407.54 seconds
-------------------------------------------------
[SAT Found] Makespan = 373
[VERIFY] VERIFY SUCCESS]
Total Execution Time so far: 407.57 seconds
-------------------------------------------------
[runlim] sample:		409.80 time, 410.01 real, 216 MB, 1.11 load
[runlim] sample:		419.79 time, 420.01 real, 221 MB, 1.17 load
[runlim] sample:		429.79 time, 430.01 real, 223 MB, 1.14 load
[runlim] sample:		439.79 time, 440.01 real, 218 MB, 1.12 load
[runlim] sample:		449.78 time, 450.01 real, 221 MB, 1.10 load
[runlim] sample:		459.78 time, 460.01 real, 221 MB, 1.09 load
[runlim] sample:		469.77 time, 470.01 real, 229 MB, 1.07 load
[runlim] sample:		479.76 time, 480.01 real, 228 MB, 1.06 load
[runlim] sample:		489.76 time, 490.01 real, 225 MB, 1.05 load
[runlim] sample:		499.76 time, 500.01 real, 225 MB, 1.04 load
[runlim] sample:		509.75 time, 510.01 real, 222 MB, 1.12 load
[runlim] sample:		519.74 time, 520.01 real, 223 MB, 1.10 load
[runlim] sample:		529.74 time, 530.01 real, 226 MB, 1.08 load
[runlim] sample:		539.73 time, 540.01 real, 226 MB, 1.07 load
[runlim] sample:		549.73 time, 550.01 real, 227 MB, 1.21 load
[runlim] sample:		559.72 time, 560.01 real, 227 MB, 1.18 load
[SAT Found] Makespan = 372
[VERIFY] VERIFY SUCCESS]
Total Execution Time so far: 563.00 seconds
-------------------------------------------------
[runlim] sample:		569.72 time, 570.01 real, 229 MB, 1.15 load
[runlim] sample:		579.72 time, 580.01 real, 235 MB, 1.13 load
[runlim] sample:		589.71 time, 590.01 real, 234 MB, 1.19 load
[runlim] sample:		599.71 time, 600.01 real, 234 MB, 1.16 load
[SAT Found] Makespan = 371
[VERIFY] VERIFY SUCCESS]
Total Execution Time so far: 606.85 seconds
-------------------------------------------------
[runlim] sample:		609.70 time, 610.01 real, 232 MB, 1.21 load
[runlim] sample:		619.69 time, 620.01 real, 232 MB, 1.18 load
[runlim] sample:		629.69 time, 630.01 real, 236 MB, 1.23 load
[runlim] sample:		639.68 time, 640.01 real, 234 MB, 1.20 load
[runlim] sample:		649.68 time, 650.01 real, 234 MB, 1.17 load
[runlim] sample:		659.68 time, 660.01 real, 234 MB, 1.22 load
[runlim] sample:		669.67 time, 670.01 real, 238 MB, 1.19 load
[runlim] sample:		679.67 time, 680.01 real, 238 MB, 1.16 load
[runlim] sample:		689.66 time, 690.01 real, 238 MB, 1.13 load
[runlim] sample:		699.66 time, 700.01 real, 231 MB, 1.11 load
[runlim] sample:		709.65 time, 710.01 real, 231 MB, 1.09 load
[runlim] sample:		719.64 time, 720.01 real, 232 MB, 1.08 load
[runlim] sample:		729.64 time, 730.01 real, 232 MB, 1.07 load
[runlim] sample:		739.63 time, 740.01 real, 232 MB, 1.06 load
[runlim] sample:		749.63 time, 750.01 real, 232 MB, 1.05 load
[runlim] sample:		759.62 time, 760.01 real, 233 MB, 1.04 load
[runlim] sample:		769.62 time, 770.01 real, 233 MB, 1.03 load
[SAT Found] Makespan = 370
[VERIFY] VERIFY SUCCESS]
Total Execution Time so far: 774.29 seconds
-------------------------------------------------
[runlim] sample:		779.62 time, 780.01 real, 236 MB, 1.03 load
[runlim] sample:		789.61 time, 790.01 real, 239 MB, 1.02 load
[runlim] sample:		799.60 time, 800.01 real, 239 MB, 1.02 load
[runlim] sample:		809.60 time, 810.01 real, 238 MB, 1.10 load
[runlim] sample:		819.60 time, 820.01 real, 238 MB, 1.08 load
[SAT Found] Makespan = 369
[VERIFY] VERIFY SUCCESS]
Total Execution Time so far: 821.64 seconds
-------------------------------------------------
[runlim] sample:		829.59 time, 830.01 real, 238 MB, 1.07 load
[runlim] sample:		839.58 time, 840.01 real, 238 MB, 1.06 load
[runlim] sample:		849.58 time, 850.01 real, 238 MB, 1.05 load
[runlim] sample:		859.58 time, 860.01 real, 236 MB, 1.04 load
[runlim] sample:		869.57 time, 870.01 real, 236 MB, 1.03 load
[runlim] sample:		879.56 time, 880.01 real, 242 MB, 1.03 load
[runlim] sample:		889.56 time, 890.01 real, 242 MB, 1.02 load
[runlim] sample:		899.55 time, 900.01 real, 243 MB, 1.02 load
[runlim] sample:		909.55 time, 910.01 real, 243 MB, 1.02 load
[runlim] sample:		919.55 time, 920.01 real, 239 MB, 1.01 load
[runlim] sample:		929.54 time, 930.01 real, 239 MB, 1.01 load
[runlim] sample:		939.54 time, 940.01 real, 236 MB, 1.01 load
[runlim] sample:		949.53 time, 950.01 real, 236 MB, 1.01 load
[runlim] sample:		959.53 time, 960.01 real, 236 MB, 1.00 load
[runlim] sample:		969.52 time, 970.01 real, 236 MB, 1.00 load
[runlim] sample:		979.52 time, 980.01 real, 237 MB, 1.00 load
[runlim] sample:		989.52 time, 990.01 real, 237 MB, 1.00 load
[runlim] sample:		999.51 time, 1000.01 real, 239 MB, 1.00 load
[runlim] sample:		1009.51 time, 1010.01 real, 239 MB, 1.00 load
[SAT Found] Makespan = 368
[VERIFY] VERIFY SUCCESS]
Total Execution Time so far: 1016.71 seconds
-------------------------------------------------
[runlim] sample:		1019.50 time, 1020.01 real, 245 MB, 1.00 load
[runlim] sample:		1029.49 time, 1030.01 real, 245 MB, 1.00 load
[runlim] sample:		1039.49 time, 1040.01 real, 241 MB, 1.00 load
[runlim] sample:		1049.49 time, 1050.01 real, 241 MB, 1.15 load
[runlim] sample:		1059.48 time, 1060.01 real, 237 MB, 1.13 load
[runlim] sample:		1069.48 time, 1070.01 real, 237 MB, 1.11 load
[runlim] sample:		1079.47 time, 1080.01 real, 247 MB, 1.09 load
[runlim] sample:		1089.46 time, 1090.01 real, 247 MB, 1.08 load
[runlim] sample:		1099.46 time, 1100.01 real, 247 MB, 1.06 load
[runlim] sample:		1109.45 time, 1110.01 real, 246 MB, 1.05 load
[runlim] sample:		1119.45 time, 1120.01 real, 246 MB, 1.05 load
[runlim] sample:		1129.44 time, 1130.01 real, 238 MB, 1.04 load
[runlim] sample:		1139.43 time, 1140.01 real, 238 MB, 1.03 load
[runlim] sample:		1149.43 time, 1150.01 real, 238 MB, 1.03 load
[runlim] sample:		1159.43 time, 1160.01 real, 238 MB, 1.02 load
[runlim] sample:		1169.42 time, 1170.01 real, 238 MB, 1.02 load
[runlim] sample:		1179.42 time, 1180.01 real, 238 MB, 1.02 load
[runlim] sample:		1189.41 time, 1190.01 real, 238 MB, 1.01 load
[runlim] sample:		1199.40 time, 1200.01 real, 239 MB, 1.01 load
[runlim] sample:		1209.40 time, 1210.01 real, 239 MB, 1.01 load
[runlim] sample:		1219.40 time, 1220.01 real, 248 MB, 1.01 load
[runlim] sample:		1229.39 time, 1230.01 real, 248 MB, 1.00 load
[runlim] sample:		1239.39 time, 1240.01 real, 248 MB, 1.00 load
[runlim] sample:		1249.38 time, 1250.01 real, 245 MB, 1.00 load
[runlim] sample:		1259.38 time, 1260.01 real, 245 MB, 1.00 load
[runlim] sample:		1269.38 time, 1270.01 real, 247 MB, 1.00 load
[SAT Found] Makespan = 367
[VERIFY] VERIFY SUCCESS]
Total Execution Time so far: 1273.17 seconds
-------------------------------------------------
[runlim] sample:		1279.37 time, 1280.01 real, 247 MB, 1.00 load
[runlim] sample:		1289.36 time, 1290.01 real, 246 MB, 1.00 load
[runlim] sample:		1299.36 time, 1300.01 real, 246 MB, 1.00 load
[runlim] sample:		1309.35 time, 1310.01 real, 246 MB, 1.00 load
[runlim] sample:		1319.36 time, 1320.01 real, 241 MB, 1.00 load
[runlim] sample:		1329.35 time, 1330.01 real, 241 MB, 1.00 load
[runlim] sample:		1339.35 time, 1340.01 real, 241 MB, 1.00 load
[runlim] sample:		1349.34 time, 1350.01 real, 249 MB, 1.00 load
[runlim] sample:		1359.33 time, 1360.01 real, 249 MB, 1.00 load
[runlim] sample:		1369.32 time, 1370.01 real, 250 MB, 1.00 load
[runlim] sample:		1379.32 time, 1380.01 real, 250 MB, 1.00 load
[runlim] sample:		1389.31 time, 1390.01 real, 250 MB, 1.00 load
[runlim] sample:		1399.31 time, 1400.01 real, 240 MB, 1.00 load
[runlim] sample:		1409.31 time, 1410.01 real, 240 MB, 1.00 load
[runlim] sample:		1419.30 time, 1420.01 real, 240 MB, 1.00 load
[runlim] sample:		1429.30 time, 1430.01 real, 240 MB, 1.00 load
[runlim] sample:		1439.29 time, 1440.01 real, 240 MB, 1.00 load
[runlim] sample:		1449.29 time, 1450.01 real, 241 MB, 1.00 load
[runlim] sample:		1459.29 time, 1460.01 real, 241 MB, 1.00 load
[runlim] sample:		1469.29 time, 1470.01 real, 241 MB, 1.00 load
[SAT Found] Makespan = 366
[VERIFY] VERIFY SUCCESS]
Total Execution Time so far: 1474.92 seconds
-------------------------------------------------
[runlim] sample:		1479.28 time, 1480.01 real, 244 MB, 1.00 load
[runlim] sample:		1489.27 time, 1490.01 real, 244 MB, 1.00 load
[runlim] sample:		1499.27 time, 1500.01 real, 244 MB, 1.00 load
[runlim] sample:		1509.27 time, 1510.01 real, 245 MB, 1.00 load
[runlim] sample:		1519.26 time, 1520.01 real, 245 MB, 1.00 load
[runlim] sample:		1529.26 time, 1530.01 real, 244 MB, 1.00 load
[runlim] sample:		1539.25 time, 1540.01 real, 244 MB, 1.00 load
[runlim] sample:		1549.25 time, 1550.01 real, 244 MB, 1.15 load
[runlim] sample:		1559.23 time, 1560.01 real, 253 MB, 1.13 load
[runlim] sample:		1569.23 time, 1570.01 real, 253 MB, 1.11 load
[runlim] sample:		1579.22 time, 1580.01 real, 253 MB, 1.09 load
[runlim] sample:		1589.22 time, 1590.01 real, 248 MB, 1.08 load
[runlim] sample:		1599.22 time, 1600.01 real, 248 MB, 1.06 load
[runlim] sample:		1609.21 time, 1610.01 real, 248 MB, 1.05 load
[runlim] sample:		1619.20 time, 1620.01 real, 241 MB, 1.05 load
[runlim] sample:		1629.20 time, 1630.01 real, 241 MB, 1.04 load
[runlim] sample:		1639.19 time, 1640.01 real, 241 MB, 1.11 load
[runlim] sample:		1649.19 time, 1650.01 real, 243 MB, 1.09 load
[runlim] sample:		1659.18 time, 1660.01 real, 243 MB, 1.08 load
[runlim] sample:		1669.18 time, 1670.01 real, 243 MB, 1.06 load
[runlim] sample:		1679.18 time, 1680.01 real, 243 MB, 1.05 load
[runlim] sample:		1689.17 time, 1690.01 real, 243 MB, 1.04 load
[runlim] sample:		1699.17 time, 1700.01 real, 243 MB, 1.04 load
[runlim] sample:		1709.16 time, 1710.01 real, 252 MB, 1.03 load
[runlim] sample:		1719.16 time, 1720.01 real, 252 MB, 1.03 load
[runlim] sample:		1729.15 time, 1730.01 real, 254 MB, 1.02 load
[runlim] sample:		1739.15 time, 1740.01 real, 254 MB, 1.02 load
[runlim] sample:		1749.14 time, 1750.01 real, 254 MB, 1.01 load
[runlim] sample:		1759.13 time, 1760.01 real, 254 MB, 1.01 load
[runlim] sample:		1769.13 time, 1770.01 real, 254 MB, 1.01 load
[runlim] sample:		1779.12 time, 1780.01 real, 254 MB, 1.01 load
[runlim] sample:		1789.12 time, 1790.01 real, 254 MB, 1.01 load
[runlim] sample:		1799.12 time, 1800.01 real, 256 MB, 1.00 load
[runlim] sample:		1809.12 time, 1810.01 real, 256 MB, 1.00 load
[runlim] sample:		1819.11 time, 1820.01 real, 256 MB, 1.00 load
[runlim] sample:		1829.10 time, 1830.01 real, 251 MB, 1.00 load
[runlim] sample:		1839.10 time, 1840.01 real, 251 MB, 1.00 load
[runlim] sample:		1849.09 time, 1850.01 real, 251 MB, 1.00 load
[runlim] sample:		1859.09 time, 1860.01 real, 249 MB, 1.00 load
[runlim] sample:		1869.08 time, 1870.01 real, 249 MB, 1.00 load
[runlim] sample:		1879.07 time, 1880.01 real, 249 MB, 1.00 load
[runlim] sample:		1889.08 time, 1890.01 real, 252 MB, 1.00 load
[runlim] sample:		1899.07 time, 1900.01 real, 252 MB, 1.00 load
[runlim] sample:		1909.07 time, 1910.01 real, 252 MB, 1.00 load
[runlim] sample:		1919.06 time, 1920.01 real, 243 MB, 1.00 load
[runlim] sample:		1929.05 time, 1930.01 real, 243 MB, 1.00 load
[runlim] sample:		1939.05 time, 1940.01 real, 243 MB, 1.00 load
[runlim] sample:		1949.05 time, 1950.01 real, 243 MB, 1.00 load
[runlim] sample:		1959.04 time, 1960.01 real, 244 MB, 1.00 load
[runlim] sample:		1969.03 time, 1970.01 real, 244 MB, 1.00 load
[runlim] sample:		1979.03 time, 1980.01 real, 244 MB, 1.00 load
[runlim] sample:		1989.03 time, 1990.01 real, 244 MB, 1.00 load
[runlim] sample:		1999.02 time, 2000.01 real, 244 MB, 1.00 load
[runlim] sample:		2009.02 time, 2010.01 real, 244 MB, 1.00 load
[runlim] sample:		2019.01 time, 2020.01 real, 244 MB, 1.00 load
[runlim] sample:		2029.00 time, 2030.01 real, 244 MB, 1.00 load
[runlim] sample:		2039.00 time, 2040.01 real, 245 MB, 1.00 load
[runlim] sample:		2048.99 time, 2050.01 real, 245 MB, 1.15 load
[runlim] sample:		2058.99 time, 2060.01 real, 245 MB, 1.29 load
[runlim] sample:		2068.99 time, 2070.01 real, 245 MB, 1.25 load
[runlim] sample:		2078.98 time, 2080.01 real, 246 MB, 1.21 load
[runlim] sample:		2088.98 time, 2090.01 real, 246 MB, 1.17 load
[runlim] sample:		2098.97 time, 2100.01 real, 246 MB, 1.15 load
[runlim] sample:		2108.97 time, 2110.01 real, 246 MB, 1.12 load
[runlim] sample:		2118.96 time, 2120.01 real, 247 MB, 1.10 load
[runlim] sample:		2128.96 time, 2130.01 real, 247 MB, 1.16 load
[runlim] sample:		2138.95 time, 2140.01 real, 247 MB, 1.14 load
[runlim] sample:		2148.95 time, 2150.01 real, 251 MB, 1.19 load
[runlim] sample:		2158.95 time, 2160.01 real, 251 MB, 1.16 load
[runlim] sample:		2168.94 time, 2170.01 real, 251 MB, 1.13 load
[runlim] sample:		2178.94 time, 2180.01 real, 251 MB, 1.11 load
[runlim] sample:		2188.93 time, 2190.01 real, 251 MB, 1.10 load
[runlim] sample:		2198.93 time, 2200.01 real, 251 MB, 1.08 load
[runlim] sample:		2208.93 time, 2210.01 real, 251 MB, 1.07 load
[runlim] sample:		2218.92 time, 2220.01 real, 251 MB, 1.06 load
[runlim] sample:		2228.92 time, 2230.01 real, 251 MB, 1.05 load
[runlim] sample:		2238.92 time, 2240.01 real, 251 MB, 1.04 load
[runlim] sample:		2248.91 time, 2250.01 real, 252 MB, 1.03 load
[runlim] sample:		2258.90 time, 2260.01 real, 252 MB, 1.03 load
[runlim] sample:		2268.90 time, 2270.01 real, 252 MB, 1.02 load
[runlim] sample:		2278.89 time, 2280.01 real, 252 MB, 1.02 load
[runlim] sample:		2288.89 time, 2290.01 real, 253 MB, 1.02 load
[runlim] sample:		2298.88 time, 2300.01 real, 253 MB, 1.01 load
[runlim] sample:		2308.88 time, 2310.01 real, 253 MB, 1.01 load
[runlim] sample:		2318.87 time, 2320.01 real, 253 MB, 1.09 load
[runlim] sample:		2328.87 time, 2330.01 real, 253 MB, 1.07 load
[runlim] sample:		2338.87 time, 2340.01 real, 253 MB, 1.06 load
[runlim] sample:		2348.86 time, 2350.01 real, 253 MB, 1.05 load
[runlim] sample:		2358.86 time, 2360.01 real, 253 MB, 1.12 load
[runlim] sample:		2368.85 time, 2370.01 real, 253 MB, 1.10 load
[runlim] sample:		2378.85 time, 2380.01 real, 253 MB, 1.09 load
[runlim] sample:		2388.84 time, 2390.01 real, 253 MB, 1.07 load
[runlim] sample:		2398.84 time, 2400.01 real, 253 MB, 1.06 load
[runlim] sample:		2408.83 time, 2410.01 real, 253 MB, 1.05 load
[runlim] sample:		2418.82 time, 2420.01 real, 258 MB, 1.04 load
[runlim] sample:		2428.82 time, 2430.01 real, 258 MB, 1.04 load
[runlim] sample:		2438.81 time, 2440.01 real, 258 MB, 1.03 load
[runlim] sample:		2448.81 time, 2450.01 real, 258 MB, 1.02 load
[runlim] sample:		2458.81 time, 2460.01 real, 264 MB, 1.02 load
[runlim] sample:		2468.81 time, 2470.01 real, 264 MB, 1.02 load
[runlim] sample:		2478.80 time, 2480.01 real, 264 MB, 1.01 load
[runlim] sample:		2488.80 time, 2490.01 real, 264 MB, 1.01 load
[runlim] sample:		2498.79 time, 2500.01 real, 264 MB, 1.01 load
[runlim] sample:		2508.79 time, 2510.01 real, 264 MB, 1.01 load
[runlim] sample:		2518.78 time, 2520.01 real, 264 MB, 1.01 load
[runlim] sample:		2528.78 time, 2530.01 real, 253 MB, 1.00 load
[runlim] sample:		2538.78 time, 2540.01 real, 253 MB, 1.00 load
[runlim] sample:		2548.77 time, 2550.01 real, 253 MB, 1.16 load
[runlim] sample:		2558.77 time, 2560.01 real, 265 MB, 1.13 load
[runlim] sample:		2568.76 time, 2570.01 real, 265 MB, 1.11 load
[runlim] sample:		2578.76 time, 2580.01 real, 265 MB, 1.09 load
[runlim] sample:		2588.75 time, 2590.01 real, 265 MB, 1.08 load
[runlim] sample:		2598.75 time, 2600.01 real, 263 MB, 1.07 load
[SAT Found] Makespan = 365
[VERIFY] VERIFY SUCCESS]
Total Execution Time so far: 2601.19 seconds
-------------------------------------------------
[runlim] sample:		2608.74 time, 2610.01 real, 263 MB, 1.06 load
[runlim] sample:		2618.74 time, 2620.01 real, 263 MB, 1.05 load
[runlim] sample:		2628.74 time, 2630.01 real, 258 MB, 1.04 load
[runlim] sample:		2638.74 time, 2640.01 real, 258 MB, 1.03 load
[runlim] sample:		2648.73 time, 2650.01 real, 258 MB, 1.03 load
[runlim] sample:		2658.72 time, 2660.01 real, 255 MB, 1.02 load
[runlim] sample:		2668.71 time, 2670.01 real, 259 MB, 1.02 load
[runlim] sample:		2678.71 time, 2680.01 real, 259 MB, 1.02 load
[runlim] sample:		2688.71 time, 2690.01 real, 259 MB, 1.01 load
[runlim] sample:		2698.71 time, 2700.01 real, 268 MB, 1.01 load
[runlim] sample:		2708.70 time, 2710.01 real, 268 MB, 1.01 load
[runlim] sample:		2718.70 time, 2720.01 real, 268 MB, 1.01 load
[runlim] sample:		2728.69 time, 2730.01 real, 268 MB, 1.00 load
[runlim] sample:		2738.68 time, 2740.01 real, 261 MB, 1.00 load
[runlim] sample:		2748.68 time, 2750.01 real, 261 MB, 1.00 load
[runlim] sample:		2758.67 time, 2760.01 real, 261 MB, 1.00 load
[runlim] sample:		2768.67 time, 2770.01 real, 261 MB, 1.00 load
[runlim] sample:		2778.67 time, 2780.01 real, 258 MB, 1.00 load
[runlim] sample:		2788.66 time, 2790.01 real, 258 MB, 1.00 load
[runlim] sample:		2798.66 time, 2800.01 real, 258 MB, 1.00 load
[runlim] sample:		2808.65 time, 2810.01 real, 258 MB, 1.00 load
[runlim] sample:		2818.65 time, 2820.01 real, 258 MB, 1.00 load
[runlim] sample:		2828.65 time, 2830.01 real, 258 MB, 1.00 load
[runlim] sample:		2838.64 time, 2840.01 real, 258 MB, 1.00 load
[SAT Found] Makespan = 364
[VERIFY] VERIFY SUCCESS]
Total Execution Time so far: 2849.39 seconds
-------------------------------------------------
[runlim] sample:		2848.64 time, 2850.01 real, 258 MB, 1.00 load
[runlim] sample:		2858.63 time, 2860.01 real, 258 MB, 1.00 load
[runlim] sample:		2868.62 time, 2870.01 real, 265 MB, 1.00 load
[runlim] sample:		2878.61 time, 2880.01 real, 265 MB, 1.00 load
[runlim] sample:		2888.60 time, 2890.01 real, 265 MB, 1.00 load
[runlim] sample:		2898.60 time, 2900.01 real, 265 MB, 1.00 load
[runlim] sample:		2908.59 time, 2910.01 real, 265 MB, 1.00 load
[runlim] sample:		2918.59 time, 2920.01 real, 263 MB, 1.00 load
[runlim] sample:		2928.58 time, 2930.01 real, 263 MB, 1.00 load
[runlim] sample:		2938.58 time, 2940.01 real, 263 MB, 1.00 load
[runlim] sample:		2948.57 time, 2950.01 real, 263 MB, 1.00 load
[runlim] sample:		2958.57 time, 2960.01 real, 268 MB, 1.00 load
[runlim] sample:		2968.56 time, 2970.01 real, 268 MB, 1.00 load
[runlim] sample:		2978.56 time, 2980.01 real, 268 MB, 1.00 load
[runlim] sample:		2988.55 time, 2990.01 real, 268 MB, 1.00 load
[runlim] sample:		2998.55 time, 3000.01 real, 265 MB, 1.00 load
[runlim] sample:		3008.54 time, 3010.01 real, 265 MB, 1.00 load
[runlim] sample:		3018.53 time, 3020.01 real, 265 MB, 1.00 load
[runlim] sample:		3028.53 time, 3030.01 real, 265 MB, 1.00 load
[runlim] sample:		3038.52 time, 3040.01 real, 265 MB, 1.00 load
[runlim] sample:		3048.51 time, 3050.01 real, 261 MB, 1.15 load
[runlim] sample:		3058.51 time, 3060.01 real, 261 MB, 1.13 load
[runlim] sample:		3068.51 time, 3070.01 real, 278 MB, 1.11 load
[runlim] sample:		3078.50 time, 3080.01 real, 278 MB, 1.09 load
[runlim] sample:		3088.49 time, 3090.01 real, 278 MB, 1.08 load
[runlim] sample:		3098.49 time, 3100.01 real, 279 MB, 1.06 load
[runlim] sample:		3108.48 time, 3110.01 real, 279 MB, 1.05 load
[SAT Found] Makespan = 363
[VERIFY] VERIFY SUCCESS]
Total Execution Time so far: 3115.27 seconds
-------------------------------------------------
[SAT Found] Makespan = 362
[VERIFY] VERIFY SUCCESS]
Total Execution Time so far: 3115.37 seconds
-------------------------------------------------
[runlim] sample:		3118.48 time, 3120.01 real, 279 MB, 1.05 load
[runlim] sample:		3128.47 time, 3130.01 real, 279 MB, 1.04 load
[runlim] sample:		3138.46 time, 3140.01 real, 279 MB, 1.03 load
[runlim] sample:		3148.45 time, 3150.01 real, 283 MB, 1.03 load
[runlim] sample:		3158.45 time, 3160.01 real, 283 MB, 1.02 load
[runlim] sample:		3168.45 time, 3170.01 real, 283 MB, 1.02 load
[runlim] sample:		3178.44 time, 3180.01 real, 283 MB, 1.02 load
[runlim] sample:		3188.43 time, 3190.01 real, 283 MB, 1.01 load
[runlim] sample:		3198.43 time, 3200.01 real, 283 MB, 1.01 load
[runlim] sample:		3208.42 time, 3210.01 real, 283 MB, 1.01 load
[runlim] sample:		3218.41 time, 3220.01 real, 283 MB, 1.01 load
[runlim] sample:		3228.41 time, 3230.01 real, 287 MB, 1.00 load
[runlim] sample:		3238.41 time, 3240.01 real, 287 MB, 1.00 load
[runlim] sample:		3248.40 time, 3250.01 real, 287 MB, 1.00 load
[runlim] sample:		3258.40 time, 3260.01 real, 287 MB, 1.00 load
[runlim] sample:		3268.39 time, 3270.01 real, 287 MB, 1.00 load
[runlim] sample:		3278.38 time, 3280.01 real, 280 MB, 1.00 load
[runlim] sample:		3288.38 time, 3290.01 real, 280 MB, 1.00 load
[runlim] sample:		3298.37 time, 3300.01 real, 280 MB, 1.00 load
[runlim] sample:		3308.36 time, 3310.01 real, 280 MB, 1.00 load
[runlim] sample:		3318.36 time, 3320.01 real, 280 MB, 1.00 load
[runlim] sample:		3328.35 time, 3330.01 real, 280 MB, 1.00 load
[runlim] sample:		3338.35 time, 3340.01 real, 280 MB, 1.00 load
[runlim] sample:		3348.34 time, 3350.01 real, 280 MB, 1.00 load
[runlim] sample:		3358.33 time, 3360.01 real, 280 MB, 1.00 load
[runlim] sample:		3368.33 time, 3370.01 real, 280 MB, 1.00 load
[runlim] sample:		3378.32 time, 3380.01 real, 280 MB, 1.00 load
[runlim] sample:		3388.32 time, 3390.01 real, 282 MB, 1.08 load
[runlim] sample:		3398.31 time, 3400.01 real, 282 MB, 1.07 load
[runlim] sample:		3408.31 time, 3410.01 real, 282 MB, 1.06 load
[runlim] sample:		3418.30 time, 3420.01 real, 282 MB, 1.05 load
[runlim] sample:		3428.30 time, 3430.01 real, 292 MB, 1.04 load
[runlim] sample:		3438.29 time, 3440.01 real, 292 MB, 1.03 load
[runlim] sample:		3448.29 time, 3450.01 real, 292 MB, 1.03 load
[runlim] sample:		3458.28 time, 3460.01 real, 292 MB, 1.02 load
[runlim] sample:		3468.27 time, 3470.01 real, 292 MB, 1.02 load
[runlim] sample:		3478.27 time, 3480.01 real, 292 MB, 1.02 load
[runlim] sample:		3488.26 time, 3490.01 real, 292 MB, 1.01 load
[runlim] sample:		3498.25 time, 3500.01 real, 292 MB, 1.01 load
[runlim] sample:		3508.25 time, 3510.01 real, 292 MB, 1.01 load
[runlim] sample:		3518.24 time, 3520.01 real, 292 MB, 1.01 load
[runlim] sample:		3528.24 time, 3530.01 real, 295 MB, 1.00 load
[runlim] sample:		3538.23 time, 3540.01 real, 295 MB, 1.00 load
[runlim] sample:		3548.23 time, 3550.01 real, 295 MB, 1.16 load
[runlim] sample:		3558.22 time, 3560.01 real, 295 MB, 1.13 load
[runlim] sample:		3568.22 time, 3570.01 real, 293 MB, 1.11 load
[runlim] sample:		3578.22 time, 3580.01 real, 293 MB, 1.09 load
[runlim] sample:		3588.21 time, 3590.01 real, 293 MB, 1.08 load
[runlim] sample:		3598.21 time, 3600.01 real, 293 MB, 1.15 load
[runlim] end:			Sun Aug 16 01:40:45 2026
[runlim] status:		out of time
[runlim] result:		2
[runlim] children:		1
[runlim] processes:		2
[runlim] real:			3601.06 seconds
[runlim] time:			3598.21 seconds
[runlim] space:			368 MB
[runlim] load:			1.29 maximum
[runlim] samples:		36000
