[runlim] version:		2.0.0rc12
[runlim] host:			ap-Precision-7550
[runlim] time limit:		311040000 seconds
[runlim] real time limit:	3600 seconds
[runlim] space limit:		14000 MB
[runlim] argv[0]:		python3
[runlim] argv[1]:		-u
[runlim] argv[2]:		main_ver2.py
[runlim] argv[3]:		Datasets/MPSFs/MPSF09.txt
[runlim] start:			Wed Aug 12 10:27:19 2026
[runlim] child:			15027
=== CONFIGURATION ===
File Path: Datasets/MPSFs/MPSF09.txt
Symmetry Breaking: False
Same Machine Mode (sm_mode): 2d
Transitive Order Precedence (All Ops): False
Full Transitive: False
=====================

Reading file: Datasets/MPSFs/MPSF09.txt
Finished reading file: Datasets/MPSFs/MPSF09.txt
=== GREEDY INITIAL SOLUTION ===
Scheduled Operations: 45/45
Makespan (UB): 345
-------------------------------------------------
[SAT Found] Makespan = 344
[VERIFY] VERIFY SUCCESS]
Total Execution Time so far: 0.99 seconds
-------------------------------------------------
[SAT Found] Makespan = 343
[VERIFY] VERIFY SUCCESS]
Total Execution Time so far: 1.16 seconds
-------------------------------------------------
[SAT Found] Makespan = 342
[VERIFY] VERIFY SUCCESS]
Total Execution Time so far: 3.71 seconds
-------------------------------------------------
[SAT Found] Makespan = 341
[VERIFY] VERIFY SUCCESS]
Total Execution Time so far: 3.96 seconds
-------------------------------------------------
[SAT Found] Makespan = 340
[VERIFY] VERIFY SUCCESS]
Total Execution Time so far: 4.15 seconds
-------------------------------------------------
[SAT Found] Makespan = 331
[VERIFY] VERIFY SUCCESS]
Total Execution Time so far: 4.57 seconds
-------------------------------------------------
[SAT Found] Makespan = 330
[VERIFY] VERIFY SUCCESS]
Total Execution Time so far: 4.78 seconds
-------------------------------------------------
[SAT Found] Makespan = 329
[VERIFY] VERIFY SUCCESS]
Total Execution Time so far: 5.02 seconds
-------------------------------------------------
[SAT Found] Makespan = 328
[VERIFY] VERIFY SUCCESS]
Total Execution Time so far: 5.26 seconds
-------------------------------------------------
[SAT Found] Makespan = 327
[VERIFY] VERIFY SUCCESS]
Total Execution Time so far: 6.24 seconds
-------------------------------------------------
[SAT Found] Makespan = 326
[VERIFY] VERIFY SUCCESS]
Total Execution Time so far: 6.81 seconds
-------------------------------------------------
[SAT Found] Makespan = 325
[VERIFY] VERIFY SUCCESS]
Total Execution Time so far: 8.48 seconds
-------------------------------------------------
[SAT Found] Makespan = 324
[VERIFY] VERIFY SUCCESS]
Total Execution Time so far: 9.50 seconds
-------------------------------------------------
[SAT Found] Makespan = 323
[VERIFY] VERIFY SUCCESS]
Total Execution Time so far: 9.70 seconds
-------------------------------------------------
[SAT Found] Makespan = 322
[VERIFY] VERIFY SUCCESS]
Total Execution Time so far: 9.89 seconds
-------------------------------------------------
[SAT Found] Makespan = 321
[VERIFY] VERIFY SUCCESS]
Total Execution Time so far: 9.91 seconds
-------------------------------------------------
[runlim] sample:		9.99 time, 10.01 real, 228 MB, 1.11 load
[SAT Found] Makespan = 320
[VERIFY] VERIFY SUCCESS]
Total Execution Time so far: 11.45 seconds
-------------------------------------------------
[SAT Found] Makespan = 319
[VERIFY] VERIFY SUCCESS]
Total Execution Time so far: 11.46 seconds
-------------------------------------------------
[SAT Found] Makespan = 318
[VERIFY] VERIFY SUCCESS]
Total Execution Time so far: 13.62 seconds
-------------------------------------------------
[SAT Found] Makespan = 317
[VERIFY] VERIFY SUCCESS]
Total Execution Time so far: 13.92 seconds
-------------------------------------------------
[SAT Found] Makespan = 316
[VERIFY] VERIFY SUCCESS]
Total Execution Time so far: 18.96 seconds
-------------------------------------------------
[SAT Found] Makespan = 315
[VERIFY] VERIFY SUCCESS]
Total Execution Time so far: 19.89 seconds
-------------------------------------------------
[runlim] sample:		19.99 time, 20.01 real, 202 MB, 1.09 load
[SAT Found] Makespan = 314
[VERIFY] VERIFY SUCCESS]
Total Execution Time so far: 20.31 seconds
-------------------------------------------------
[SAT Found] Makespan = 313
[VERIFY] VERIFY SUCCESS]
Total Execution Time so far: 25.28 seconds
-------------------------------------------------
[SAT Found] Makespan = 312
[VERIFY] VERIFY SUCCESS]
Total Execution Time so far: 26.46 seconds
-------------------------------------------------
[runlim] sample:		29.99 time, 30.01 real, 227 MB, 1.08 load
[SAT Found] Makespan = 311
[VERIFY] VERIFY SUCCESS]
Total Execution Time so far: 32.75 seconds
-------------------------------------------------
[SAT Found] Makespan = 310
[VERIFY] VERIFY SUCCESS]
Total Execution Time so far: 39.02 seconds
-------------------------------------------------
[runlim] sample:		39.98 time, 40.01 real, 227 MB, 1.07 load
[SAT Found] Makespan = 309
[VERIFY] VERIFY SUCCESS]
Total Execution Time so far: 45.62 seconds
-------------------------------------------------
[runlim] sample:		49.98 time, 50.01 real, 227 MB, 1.14 load
[SAT Found] Makespan = 308
[VERIFY] VERIFY SUCCESS]
Total Execution Time so far: 59.56 seconds
-------------------------------------------------
[runlim] sample:		59.97 time, 60.01 real, 167 MB, 1.11 load
[SAT Found] Makespan = 307
[VERIFY] VERIFY SUCCESS]
Total Execution Time so far: 60.70 seconds
-------------------------------------------------
[SAT Found] Makespan = 306
[VERIFY] VERIFY SUCCESS]
Total Execution Time so far: 60.94 seconds
-------------------------------------------------
[SAT Found] Makespan = 305
[VERIFY] VERIFY SUCCESS]
Total Execution Time so far: 60.95 seconds
-------------------------------------------------
[runlim] sample:		69.96 time, 70.01 real, 228 MB, 1.10 load
[runlim] sample:		79.96 time, 80.01 real, 228 MB, 1.08 load
[SAT Found] Makespan = 304
[VERIFY] VERIFY SUCCESS]
Total Execution Time so far: 84.66 seconds
-------------------------------------------------
[SAT Found] Makespan = 303
[VERIFY] VERIFY SUCCESS]
Total Execution Time so far: 86.08 seconds
-------------------------------------------------
[runlim] sample:		89.96 time, 90.01 real, 170 MB, 1.07 load
[SAT Found] Makespan = 302
[VERIFY] VERIFY SUCCESS]
Total Execution Time so far: 91.78 seconds
-------------------------------------------------
[SAT Found] Makespan = 301
[VERIFY] VERIFY SUCCESS]
Total Execution Time so far: 93.19 seconds
-------------------------------------------------
[SAT Found] Makespan = 300
[VERIFY] VERIFY SUCCESS]
Total Execution Time so far: 93.20 seconds
-------------------------------------------------
[SAT Found] Makespan = 299
[VERIFY] VERIFY SUCCESS]
Total Execution Time so far: 93.22 seconds
-------------------------------------------------
[SAT Found] Makespan = 298
[VERIFY] VERIFY SUCCESS]
Total Execution Time so far: 93.23 seconds
-------------------------------------------------
[SAT Found] Makespan = 297
[VERIFY] VERIFY SUCCESS]
Total Execution Time so far: 93.24 seconds
-------------------------------------------------
[SAT Found] Makespan = 296
[VERIFY] VERIFY SUCCESS]
Total Execution Time so far: 97.74 seconds
-------------------------------------------------
[runlim] sample:		99.95 time, 100.01 real, 197 MB, 1.06 load
[SAT Found] Makespan = 295
[VERIFY] VERIFY SUCCESS]
Total Execution Time so far: 101.55 seconds
-------------------------------------------------
[runlim] sample:		109.95 time, 110.01 real, 231 MB, 1.05 load
[runlim] sample:		119.94 time, 120.01 real, 231 MB, 1.04 load
[runlim] sample:		129.93 time, 130.01 real, 174 MB, 1.03 load
[runlim] sample:		139.94 time, 140.01 real, 201 MB, 1.10 load
[runlim] sample:		149.93 time, 150.01 real, 172 MB, 1.09 load
[runlim] sample:		159.93 time, 160.01 real, 202 MB, 1.07 load
[runlim] sample:		169.92 time, 170.01 real, 211 MB, 1.06 load
[runlim] sample:		179.92 time, 180.01 real, 233 MB, 1.05 load
[runlim] sample:		189.91 time, 190.01 real, 233 MB, 1.04 load
[SAT Found] Makespan = 294
[VERIFY] VERIFY SUCCESS]
Total Execution Time so far: 195.00 seconds
-------------------------------------------------
[SAT Found] Makespan = 293
[VERIFY] VERIFY SUCCESS]
Total Execution Time so far: 195.06 seconds
-------------------------------------------------
[runlim] sample:		199.90 time, 200.01 real, 202 MB, 1.04 load
[SAT Found] Makespan = 292
[VERIFY] VERIFY SUCCESS]
Total Execution Time so far: 203.45 seconds
-------------------------------------------------
[SAT Found] Makespan = 291
[VERIFY] VERIFY SUCCESS]
Total Execution Time so far: 205.65 seconds
-------------------------------------------------
[runlim] sample:		209.90 time, 210.01 real, 201 MB, 1.03 load
[runlim] sample:		219.89 time, 220.01 real, 204 MB, 1.10 load
[runlim] sample:		229.89 time, 230.01 real, 200 MB, 1.08 load
[SAT Found] Makespan = 290
[VERIFY] VERIFY SUCCESS]
Total Execution Time so far: 232.46 seconds
-------------------------------------------------
[SAT Found] Makespan = 289
[VERIFY] VERIFY SUCCESS]
Total Execution Time so far: 239.11 seconds
-------------------------------------------------
[runlim] sample:		239.88 time, 240.01 real, 174 MB, 1.23 load
[runlim] sample:		249.88 time, 250.01 real, 175 MB, 1.19 load
[runlim] sample:		259.86 time, 260.01 real, 201 MB, 1.16 load
[runlim] sample:		269.87 time, 270.01 real, 172 MB, 1.44 load
[SAT Found] Makespan = 288
[VERIFY] VERIFY SUCCESS]
Total Execution Time so far: 277.38 seconds
-------------------------------------------------
[runlim] sample:		279.86 time, 280.01 real, 212 MB, 1.45 load
[runlim] sample:		289.85 time, 290.01 real, 209 MB, 1.38 load
[runlim] sample:		299.85 time, 300.01 real, 207 MB, 1.32 load
[runlim] sample:		309.84 time, 310.01 real, 214 MB, 1.27 load
[SAT Found] Makespan = 287
[VERIFY] VERIFY SUCCESS]
Total Execution Time so far: 314.13 seconds
-------------------------------------------------
[runlim] sample:		319.84 time, 320.01 real, 213 MB, 1.39 load
[runlim] sample:		329.83 time, 330.01 real, 212 MB, 1.33 load
[runlim] sample:		339.83 time, 340.01 real, 209 MB, 1.28 load
[runlim] sample:		349.82 time, 350.01 real, 215 MB, 1.24 load
[runlim] sample:		359.82 time, 360.01 real, 215 MB, 1.20 load
[runlim] sample:		369.81 time, 370.01 real, 213 MB, 1.17 load
[runlim] sample:		379.81 time, 380.01 real, 208 MB, 1.14 load
[runlim] sample:		389.80 time, 390.01 real, 208 MB, 1.12 load
[runlim] sample:		399.80 time, 400.01 real, 209 MB, 1.10 load
[runlim] sample:		409.79 time, 410.01 real, 209 MB, 1.08 load
[runlim] sample:		419.79 time, 420.01 real, 210 MB, 1.07 load
[runlim] sample:		429.79 time, 430.01 real, 217 MB, 1.06 load
[runlim] sample:		439.78 time, 440.01 real, 220 MB, 1.05 load
[SAT Found] Makespan = 286
[VERIFY] VERIFY SUCCESS]
Total Execution Time so far: 447.54 seconds
-------------------------------------------------
[runlim] sample:		449.78 time, 450.01 real, 218 MB, 1.04 load
[runlim] sample:		459.78 time, 460.01 real, 216 MB, 1.04 load
[runlim] sample:		469.77 time, 470.01 real, 214 MB, 1.03 load
[runlim] sample:		479.77 time, 480.01 real, 210 MB, 1.02 load
[runlim] sample:		489.76 time, 490.01 real, 217 MB, 1.02 load
[runlim] sample:		499.76 time, 500.01 real, 219 MB, 1.02 load
[runlim] sample:		509.75 time, 510.01 real, 216 MB, 1.01 load
[runlim] sample:		519.74 time, 520.01 real, 211 MB, 1.01 load
[runlim] sample:		529.74 time, 530.01 real, 212 MB, 1.01 load
[runlim] sample:		539.73 time, 540.01 real, 212 MB, 1.01 load
[runlim] sample:		549.73 time, 550.01 real, 212 MB, 1.01 load
[runlim] sample:		559.73 time, 560.01 real, 213 MB, 1.00 load
[runlim] sample:		569.72 time, 570.01 real, 222 MB, 1.00 load
[runlim] sample:		579.72 time, 580.01 real, 222 MB, 1.00 load
[runlim] sample:		589.71 time, 590.01 real, 225 MB, 1.00 load
[runlim] sample:		599.71 time, 600.01 real, 223 MB, 1.00 load
[runlim] sample:		609.71 time, 610.01 real, 226 MB, 1.00 load
[runlim] sample:		619.71 time, 620.01 real, 226 MB, 1.00 load
[runlim] sample:		629.70 time, 630.01 real, 230 MB, 1.00 load
[runlim] sample:		639.69 time, 640.01 real, 225 MB, 1.00 load
[runlim] sample:		649.68 time, 650.01 real, 225 MB, 1.00 load
[runlim] sample:		659.69 time, 660.01 real, 226 MB, 1.00 load
[runlim] sample:		669.68 time, 670.01 real, 226 MB, 1.00 load
[runlim] sample:		679.67 time, 680.01 real, 226 MB, 1.00 load
[runlim] sample:		689.67 time, 690.01 real, 214 MB, 1.00 load
[runlim] sample:		699.67 time, 700.01 real, 213 MB, 1.00 load
[runlim] sample:		709.67 time, 710.01 real, 213 MB, 1.00 load
[runlim] sample:		719.65 time, 720.01 real, 214 MB, 1.00 load
[runlim] sample:		729.65 time, 730.01 real, 214 MB, 1.00 load
[runlim] sample:		739.65 time, 740.01 real, 214 MB, 1.00 load
[runlim] sample:		749.64 time, 750.01 real, 215 MB, 1.00 load
[runlim] sample:		759.63 time, 760.01 real, 215 MB, 1.00 load
[runlim] sample:		769.63 time, 770.01 real, 215 MB, 1.08 load
[runlim] sample:		779.62 time, 780.01 real, 216 MB, 1.14 load
[runlim] sample:		789.62 time, 790.01 real, 216 MB, 1.12 load
[runlim] sample:		799.62 time, 800.01 real, 216 MB, 1.17 load
[runlim] sample:		809.62 time, 810.01 real, 216 MB, 1.15 load
[runlim] sample:		819.62 time, 820.01 real, 216 MB, 1.12 load
[runlim] sample:		829.61 time, 830.01 real, 217 MB, 1.10 load
[runlim] sample:		839.60 time, 840.01 real, 217 MB, 1.16 load
[runlim] sample:		849.60 time, 850.01 real, 217 MB, 1.14 load
[runlim] sample:		859.60 time, 860.01 real, 217 MB, 1.11 load
[runlim] sample:		869.60 time, 870.01 real, 217 MB, 1.10 load
[runlim] sample:		879.59 time, 880.01 real, 217 MB, 1.08 load
[runlim] sample:		889.58 time, 890.01 real, 217 MB, 1.07 load
[runlim] sample:		899.58 time, 900.01 real, 218 MB, 1.06 load
[runlim] sample:		909.58 time, 910.01 real, 218 MB, 1.05 load
[runlim] sample:		919.58 time, 920.01 real, 218 MB, 1.04 load
[runlim] sample:		929.58 time, 930.01 real, 218 MB, 1.03 load
[runlim] sample:		939.57 time, 940.01 real, 218 MB, 1.03 load
[runlim] sample:		949.56 time, 950.01 real, 228 MB, 1.02 load
[runlim] sample:		959.56 time, 960.01 real, 228 MB, 1.02 load
[runlim] sample:		969.56 time, 970.01 real, 232 MB, 1.02 load
[runlim] sample:		979.56 time, 980.01 real, 242 MB, 1.01 load
[runlim] sample:		989.55 time, 990.01 real, 242 MB, 1.01 load
[runlim] sample:		999.55 time, 1000.01 real, 234 MB, 1.01 load
[runlim] sample:		1009.54 time, 1010.01 real, 241 MB, 1.01 load
[runlim] sample:		1019.54 time, 1020.01 real, 241 MB, 1.00 load
[SAT Found] Makespan = 285
[VERIFY] VERIFY SUCCESS]
Total Execution Time so far: 1023.28 seconds
-------------------------------------------------
[runlim] sample:		1029.54 time, 1030.01 real, 238 MB, 1.00 load
[SAT Found] Makespan = 284
[VERIFY] VERIFY SUCCESS]
Total Execution Time so far: 1033.75 seconds
-------------------------------------------------
[runlim] sample:		1039.53 time, 1040.01 real, 230 MB, 1.00 load
[runlim] sample:		1049.53 time, 1050.01 real, 241 MB, 1.00 load
[runlim] sample:		1059.52 time, 1060.01 real, 238 MB, 1.00 load
[runlim] sample:		1069.52 time, 1070.01 real, 240 MB, 1.00 load
[runlim] sample:		1079.52 time, 1080.01 real, 240 MB, 1.00 load
[runlim] sample:		1089.51 time, 1090.01 real, 250 MB, 1.00 load
[runlim] sample:		1099.51 time, 1100.01 real, 238 MB, 1.00 load
[runlim] sample:		1109.51 time, 1110.01 real, 238 MB, 1.00 load
[runlim] sample:		1119.50 time, 1120.01 real, 235 MB, 1.00 load
[runlim] sample:		1129.50 time, 1130.01 real, 235 MB, 1.00 load
[runlim] sample:		1139.49 time, 1140.01 real, 235 MB, 1.00 load
[runlim] sample:		1149.49 time, 1150.01 real, 235 MB, 1.00 load
[runlim] sample:		1159.48 time, 1160.01 real, 238 MB, 1.00 load
[runlim] sample:		1169.48 time, 1170.01 real, 238 MB, 1.00 load
[runlim] sample:		1179.48 time, 1180.01 real, 251 MB, 1.00 load
[runlim] sample:		1189.48 time, 1190.01 real, 251 MB, 1.00 load
[runlim] sample:		1199.47 time, 1200.01 real, 249 MB, 1.00 load
[runlim] sample:		1209.46 time, 1210.01 real, 254 MB, 1.00 load
[runlim] sample:		1219.46 time, 1220.01 real, 254 MB, 1.00 load
[runlim] sample:		1229.45 time, 1230.01 real, 255 MB, 1.00 load
[runlim] sample:		1239.45 time, 1240.01 real, 255 MB, 1.00 load
[runlim] sample:		1249.45 time, 1250.01 real, 251 MB, 1.00 load
[runlim] sample:		1259.44 time, 1260.01 real, 251 MB, 1.00 load
[runlim] sample:		1269.44 time, 1270.01 real, 250 MB, 1.08 load
[runlim] sample:		1279.43 time, 1280.01 real, 250 MB, 1.14 load
[runlim] sample:		1289.43 time, 1290.01 real, 246 MB, 1.12 load
[runlim] sample:		1299.43 time, 1300.01 real, 246 MB, 1.10 load
[runlim] sample:		1309.42 time, 1310.01 real, 237 MB, 1.08 load
[runlim] sample:		1319.42 time, 1320.01 real, 237 MB, 1.07 load
[runlim] sample:		1329.41 time, 1330.01 real, 237 MB, 1.06 load
[runlim] sample:		1339.40 time, 1340.01 real, 237 MB, 1.05 load
[runlim] sample:		1349.40 time, 1350.01 real, 286 MB, 1.04 load
[runlim] sample:		1359.40 time, 1360.01 real, 238 MB, 1.04 load
[runlim] sample:		1369.40 time, 1370.01 real, 238 MB, 1.03 load
[runlim] sample:		1379.39 time, 1380.01 real, 238 MB, 1.02 load
[runlim] sample:		1389.38 time, 1390.01 real, 238 MB, 1.02 load
[runlim] sample:		1399.38 time, 1400.01 real, 239 MB, 1.02 load
[runlim] sample:		1409.37 time, 1410.01 real, 239 MB, 1.01 load
[runlim] sample:		1419.37 time, 1420.01 real, 239 MB, 1.01 load
[runlim] sample:		1429.36 time, 1430.01 real, 239 MB, 1.01 load
[runlim] sample:		1439.36 time, 1440.01 real, 239 MB, 1.01 load
[runlim] sample:		1449.35 time, 1450.01 real, 240 MB, 1.01 load
[runlim] sample:		1459.35 time, 1460.01 real, 240 MB, 1.08 load
[runlim] sample:		1469.35 time, 1470.01 real, 240 MB, 1.07 load
[runlim] sample:		1479.35 time, 1480.01 real, 240 MB, 1.06 load
[runlim] sample:		1489.35 time, 1490.01 real, 240 MB, 1.05 load
[runlim] sample:		1499.34 time, 1500.01 real, 240 MB, 1.04 load
[runlim] sample:		1509.33 time, 1510.01 real, 240 MB, 1.04 load
[runlim] sample:		1519.33 time, 1520.01 real, 240 MB, 1.03 load
[runlim] sample:		1529.33 time, 1530.01 real, 241 MB, 1.02 load
[runlim] sample:		1539.32 time, 1540.01 real, 241 MB, 1.02 load
[runlim] sample:		1549.32 time, 1550.01 real, 241 MB, 1.02 load
[runlim] sample:		1559.32 time, 1560.01 real, 241 MB, 1.01 load
[runlim] sample:		1569.31 time, 1570.01 real, 241 MB, 1.01 load
[runlim] sample:		1579.31 time, 1580.01 real, 241 MB, 1.01 load
[runlim] sample:		1589.31 time, 1590.01 real, 241 MB, 1.01 load
[runlim] sample:		1599.30 time, 1600.01 real, 256 MB, 1.01 load
[runlim] sample:		1609.29 time, 1610.01 real, 256 MB, 1.00 load
[runlim] sample:		1619.29 time, 1620.01 real, 263 MB, 1.00 load
[runlim] sample:		1629.29 time, 1630.01 real, 263 MB, 1.00 load
[runlim] sample:		1639.28 time, 1640.01 real, 267 MB, 1.00 load
[runlim] sample:		1649.28 time, 1650.01 real, 267 MB, 1.00 load
[runlim] sample:		1659.28 time, 1660.01 real, 267 MB, 1.00 load
[runlim] sample:		1669.27 time, 1670.01 real, 260 MB, 1.00 load
[runlim] sample:		1679.26 time, 1680.01 real, 260 MB, 1.00 load
[runlim] sample:		1689.26 time, 1690.01 real, 268 MB, 1.00 load
[runlim] sample:		1699.25 time, 1700.01 real, 268 MB, 1.00 load
[runlim] sample:		1709.25 time, 1710.01 real, 267 MB, 1.00 load
[SAT Found] Makespan = 283
[VERIFY] VERIFY SUCCESS]
Total Execution Time so far: 1711.93 seconds
-------------------------------------------------
[runlim] sample:		1719.25 time, 1720.01 real, 267 MB, 1.00 load
[runlim] sample:		1729.24 time, 1730.01 real, 267 MB, 1.00 load
[runlim] sample:		1739.24 time, 1740.01 real, 257 MB, 1.00 load
[runlim] sample:		1749.24 time, 1750.01 real, 257 MB, 1.00 load
[runlim] sample:		1759.23 time, 1760.01 real, 249 MB, 1.00 load
[runlim] sample:		1769.23 time, 1770.01 real, 249 MB, 1.08 load
[runlim] sample:		1779.22 time, 1780.01 real, 249 MB, 1.22 load
[runlim] sample:		1789.22 time, 1790.01 real, 257 MB, 1.19 load
[runlim] sample:		1799.21 time, 1800.01 real, 257 MB, 1.16 load
[runlim] sample:		1809.20 time, 1810.01 real, 246 MB, 1.13 load
[runlim] sample:		1819.20 time, 1820.01 real, 246 MB, 1.11 load
[runlim] sample:		1829.20 time, 1830.01 real, 246 MB, 1.09 load
[runlim] sample:		1839.19 time, 1840.01 real, 246 MB, 1.16 load
[runlim] sample:		1849.18 time, 1850.01 real, 246 MB, 1.13 load
[runlim] sample:		1859.18 time, 1860.01 real, 246 MB, 1.19 load
[runlim] sample:		1869.18 time, 1870.01 real, 248 MB, 1.16 load
[SAT Found] Makespan = 282
[VERIFY] VERIFY SUCCESS]
Total Execution Time so far: 1870.25 seconds
-------------------------------------------------
[runlim] sample:		1879.18 time, 1880.01 real, 248 MB, 1.14 load
[runlim] sample:		1889.17 time, 1890.01 real, 258 MB, 1.12 load
[runlim] sample:		1899.16 time, 1900.01 real, 258 MB, 1.10 load
[runlim] sample:		1909.16 time, 1910.01 real, 258 MB, 1.08 load
[runlim] sample:		1919.16 time, 1920.01 real, 254 MB, 1.07 load
[runlim] sample:		1929.15 time, 1930.01 real, 254 MB, 1.06 load
[runlim] sample:		1939.15 time, 1940.01 real, 254 MB, 1.20 load
[runlim] sample:		1949.14 time, 1950.01 real, 267 MB, 1.17 load
[runlim] sample:		1959.14 time, 1960.01 real, 267 MB, 1.14 load
[runlim] sample:		1969.13 time, 1970.01 real, 267 MB, 1.12 load
[runlim] sample:		1979.13 time, 1980.01 real, 247 MB, 1.10 load
[runlim] sample:		1989.13 time, 1990.01 real, 247 MB, 1.08 load
[runlim] sample:		1999.12 time, 2000.01 real, 247 MB, 1.07 load
[runlim] sample:		2009.11 time, 2010.01 real, 247 MB, 1.06 load
[runlim] sample:		2019.11 time, 2020.01 real, 247 MB, 1.05 load
[runlim] sample:		2029.11 time, 2030.01 real, 252 MB, 1.04 load
[SAT Found] Makespan = 281
[VERIFY] VERIFY SUCCESS]
Total Execution Time so far: 2030.55 seconds
-------------------------------------------------
[SAT Found] Makespan = 280
[VERIFY] VERIFY SUCCESS]
Total Execution Time so far: 2030.64 seconds
-------------------------------------------------
[runlim] sample:		2039.10 time, 2040.01 real, 252 MB, 1.03 load
[runlim] sample:		2049.10 time, 2050.01 real, 259 MB, 1.03 load
[runlim] sample:		2059.09 time, 2060.01 real, 259 MB, 1.02 load
[runlim] sample:		2069.09 time, 2070.01 real, 259 MB, 1.02 load
[runlim] sample:		2079.08 time, 2080.01 real, 253 MB, 1.02 load
[runlim] sample:		2089.08 time, 2090.01 real, 261 MB, 1.01 load
[runlim] sample:		2099.08 time, 2100.01 real, 273 MB, 1.01 load
[runlim] sample:		2109.07 time, 2110.01 real, 273 MB, 1.01 load
[runlim] sample:		2119.07 time, 2120.01 real, 273 MB, 1.09 load
[runlim] sample:		2129.07 time, 2130.01 real, 255 MB, 1.07 load
[runlim] sample:		2139.06 time, 2140.01 real, 255 MB, 1.06 load
[runlim] sample:		2149.06 time, 2150.01 real, 255 MB, 1.05 load
[runlim] sample:		2159.05 time, 2160.01 real, 256 MB, 1.04 load
[runlim] sample:		2169.05 time, 2170.01 real, 256 MB, 1.04 load
[runlim] sample:		2179.05 time, 2180.01 real, 256 MB, 1.03 load
[SAT Found] Makespan = 279
[VERIFY] VERIFY SUCCESS]
Total Execution Time so far: 2188.64 seconds
-------------------------------------------------
[SAT Found] Makespan = 278
[VERIFY] VERIFY SUCCESS]
Total Execution Time so far: 2188.73 seconds
-------------------------------------------------
[runlim] sample:		2189.04 time, 2190.01 real, 264 MB, 1.02 load
[runlim] sample:		2199.03 time, 2200.01 real, 264 MB, 1.02 load
[runlim] sample:		2209.03 time, 2210.01 real, 266 MB, 1.02 load
[runlim] sample:		2219.02 time, 2220.01 real, 266 MB, 1.01 load
[runlim] sample:		2229.02 time, 2230.01 real, 266 MB, 1.01 load
[runlim] sample:		2239.02 time, 2240.01 real, 261 MB, 1.01 load
[runlim] sample:		2249.01 time, 2250.01 real, 261 MB, 1.15 load
[runlim] sample:		2259.01 time, 2260.01 real, 261 MB, 1.20 load
[runlim] sample:		2269.00 time, 2270.01 real, 272 MB, 1.25 load
[runlim] sample:		2279.00 time, 2280.01 real, 272 MB, 1.29 load
[runlim] sample:		2289.00 time, 2290.01 real, 272 MB, 1.24 load
[runlim] sample:		2298.99 time, 2300.01 real, 256 MB, 1.21 load
[runlim] sample:		2308.98 time, 2310.01 real, 256 MB, 1.17 load
[runlim] sample:		2318.98 time, 2320.01 real, 256 MB, 1.15 load
[runlim] sample:		2328.98 time, 2330.01 real, 257 MB, 1.12 load
[runlim] sample:		2338.98 time, 2340.01 real, 257 MB, 1.10 load
[runlim] sample:		2348.97 time, 2350.01 real, 257 MB, 1.09 load
[runlim] sample:		2358.96 time, 2360.01 real, 266 MB, 1.07 load
[SAT Found] Makespan = 277
[VERIFY] VERIFY SUCCESS]
Total Execution Time so far: 2368.50 seconds
-------------------------------------------------
[runlim] sample:		2368.95 time, 2370.01 real, 266 MB, 1.06 load
[runlim] sample:		2378.95 time, 2380.01 real, 266 MB, 1.05 load
[runlim] sample:		2388.95 time, 2390.01 real, 273 MB, 1.04 load
[runlim] sample:		2398.94 time, 2400.01 real, 273 MB, 1.04 load
[runlim] sample:		2408.94 time, 2410.01 real, 262 MB, 1.11 load
[runlim] sample:		2418.94 time, 2420.01 real, 262 MB, 1.09 load
[runlim] sample:		2428.94 time, 2430.01 real, 262 MB, 1.08 load
[runlim] sample:		2438.93 time, 2440.01 real, 274 MB, 1.07 load
[runlim] sample:		2448.93 time, 2450.01 real, 274 MB, 1.06 load
[runlim] sample:		2458.92 time, 2460.01 real, 274 MB, 1.05 load
[runlim] sample:		2468.91 time, 2470.01 real, 257 MB, 1.04 load
[runlim] sample:		2478.91 time, 2480.01 real, 257 MB, 1.03 load
[runlim] sample:		2488.91 time, 2490.01 real, 272 MB, 1.03 load
[runlim] sample:		2498.91 time, 2500.01 real, 272 MB, 1.02 load
[runlim] sample:		2508.90 time, 2510.01 real, 272 MB, 1.17 load
[runlim] sample:		2518.90 time, 2520.01 real, 272 MB, 1.14 load
[runlim] sample:		2528.89 time, 2530.01 real, 272 MB, 1.12 load
[runlim] sample:		2538.89 time, 2540.01 real, 281 MB, 1.10 load
[runlim] sample:		2548.88 time, 2550.01 real, 281 MB, 1.08 load
[runlim] sample:		2558.87 time, 2560.01 real, 284 MB, 1.07 load
[runlim] sample:		2568.87 time, 2570.01 real, 284 MB, 1.06 load
[runlim] sample:		2578.86 time, 2580.01 real, 284 MB, 1.05 load
[runlim] sample:		2588.86 time, 2590.01 real, 302 MB, 1.04 load
[runlim] sample:		2598.86 time, 2600.01 real, 302 MB, 1.04 load
[runlim] sample:		2608.85 time, 2610.01 real, 302 MB, 1.03 load
[runlim] sample:		2618.85 time, 2620.01 real, 300 MB, 1.02 load
[runlim] sample:		2628.85 time, 2630.01 real, 300 MB, 1.02 load
[runlim] sample:		2638.84 time, 2640.01 real, 300 MB, 1.02 load
[runlim] sample:		2648.84 time, 2650.01 real, 300 MB, 1.01 load
[runlim] sample:		2658.83 time, 2660.01 real, 293 MB, 1.01 load
[runlim] sample:		2668.83 time, 2670.01 real, 293 MB, 1.01 load
[runlim] sample:		2678.82 time, 2680.01 real, 293 MB, 1.01 load
[runlim] sample:		2688.82 time, 2690.01 real, 283 MB, 1.01 load
[runlim] sample:		2698.82 time, 2700.01 real, 283 MB, 1.00 load
[runlim] sample:		2708.81 time, 2710.01 real, 283 MB, 1.00 load
[runlim] sample:		2718.80 time, 2720.01 real, 273 MB, 1.00 load
[runlim] sample:		2728.80 time, 2730.01 real, 273 MB, 1.00 load
[runlim] sample:		2738.80 time, 2740.01 real, 273 MB, 1.00 load
[runlim] sample:		2748.79 time, 2750.01 real, 273 MB, 1.00 load
[runlim] sample:		2758.79 time, 2760.01 real, 274 MB, 1.00 load
[runlim] sample:		2768.79 time, 2770.01 real, 274 MB, 1.08 load
[runlim] sample:		2778.79 time, 2780.01 real, 274 MB, 1.14 load
[runlim] sample:		2788.78 time, 2790.01 real, 274 MB, 1.12 load
[runlim] sample:		2798.77 time, 2800.01 real, 274 MB, 1.10 load
[runlim] sample:		2808.77 time, 2810.01 real, 274 MB, 1.16 load
[runlim] sample:		2818.77 time, 2820.01 real, 274 MB, 1.13 load
[runlim] sample:		2828.76 time, 2830.01 real, 275 MB, 1.19 load
[runlim] sample:		2838.75 time, 2840.01 real, 275 MB, 1.16 load
[runlim] sample:		2848.75 time, 2850.01 real, 275 MB, 1.21 load
[runlim] sample:		2858.74 time, 2860.01 real, 275 MB, 1.17 load
[runlim] sample:		2868.74 time, 2870.01 real, 275 MB, 1.22 load
[runlim] sample:		2878.73 time, 2880.01 real, 275 MB, 1.19 load
[runlim] sample:		2888.73 time, 2890.01 real, 275 MB, 1.16 load
[runlim] sample:		2898.72 time, 2900.01 real, 275 MB, 1.13 load
[runlim] sample:		2908.72 time, 2910.01 real, 276 MB, 1.11 load
[runlim] sample:		2918.72 time, 2920.01 real, 276 MB, 1.09 load
[runlim] sample:		2928.71 time, 2930.01 real, 276 MB, 1.08 load
[runlim] sample:		2938.71 time, 2940.01 real, 276 MB, 1.07 load
[runlim] sample:		2948.71 time, 2950.01 real, 276 MB, 1.06 load
[runlim] sample:		2958.70 time, 2960.01 real, 276 MB, 1.05 load
[runlim] sample:		2968.70 time, 2970.01 real, 276 MB, 1.04 load
[runlim] sample:		2978.69 time, 2980.01 real, 276 MB, 1.03 load
[runlim] sample:		2988.69 time, 2990.01 real, 276 MB, 1.03 load
[runlim] sample:		2998.68 time, 3000.01 real, 277 MB, 1.02 load
[runlim] sample:		3008.67 time, 3010.01 real, 277 MB, 1.02 load
[runlim] sample:		3018.67 time, 3020.01 real, 277 MB, 1.09 load
[runlim] sample:		3028.66 time, 3030.01 real, 277 MB, 1.08 load
[runlim] sample:		3038.66 time, 3040.01 real, 277 MB, 1.06 load
[runlim] sample:		3048.66 time, 3050.01 real, 277 MB, 1.05 load
[runlim] sample:		3058.65 time, 3060.01 real, 293 MB, 1.04 load
[runlim] sample:		3068.65 time, 3070.01 real, 293 MB, 1.04 load
[runlim] sample:		3078.64 time, 3080.01 real, 293 MB, 1.03 load
[runlim] sample:		3088.64 time, 3090.01 real, 300 MB, 1.03 load
[runlim] sample:		3098.64 time, 3100.01 real, 300 MB, 1.02 load
[runlim] sample:		3108.63 time, 3110.01 real, 300 MB, 1.02 load
[runlim] sample:		3118.63 time, 3120.01 real, 304 MB, 1.01 load
[runlim] sample:		3128.62 time, 3130.01 real, 308 MB, 1.01 load
[runlim] sample:		3138.62 time, 3140.01 real, 308 MB, 1.01 load
[runlim] sample:		3148.62 time, 3150.01 real, 308 MB, 1.01 load
[runlim] sample:		3158.61 time, 3160.01 real, 299 MB, 1.01 load
[runlim] sample:		3168.61 time, 3170.01 real, 299 MB, 1.17 load
[runlim] sample:		3178.60 time, 3180.01 real, 299 MB, 1.14 load
[runlim] sample:		3188.60 time, 3190.01 real, 299 MB, 1.12 load
[runlim] sample:		3198.59 time, 3200.01 real, 300 MB, 1.10 load
[runlim] sample:		3208.59 time, 3210.01 real, 300 MB, 1.08 load
[runlim] sample:		3218.58 time, 3220.01 real, 300 MB, 1.07 load
[runlim] sample:		3228.58 time, 3230.01 real, 310 MB, 1.06 load
[runlim] sample:		3238.58 time, 3240.01 real, 310 MB, 1.05 load
[SAT Found] Makespan = 276
[VERIFY] VERIFY SUCCESS]
Total Execution Time so far: 3241.99 seconds
-------------------------------------------------
[runlim] sample:		3248.57 time, 3250.01 real, 310 MB, 1.04 load
[runlim] sample:		3258.56 time, 3260.01 real, 304 MB, 1.03 load
[runlim] sample:		3268.55 time, 3270.01 real, 304 MB, 1.11 load
[runlim] sample:		3278.56 time, 3280.01 real, 322 MB, 1.17 load
[runlim] sample:		3288.55 time, 3290.01 real, 322 MB, 1.14 load
[runlim] sample:		3298.54 time, 3300.01 real, 308 MB, 1.12 load
[runlim] sample:		3308.54 time, 3310.01 real, 308 MB, 1.10 load
[runlim] sample:		3318.53 time, 3320.01 real, 308 MB, 1.08 load
[runlim] sample:		3328.53 time, 3330.01 real, 311 MB, 1.07 load
[runlim] sample:		3338.52 time, 3340.01 real, 311 MB, 1.06 load
[runlim] sample:		3348.51 time, 3350.01 real, 311 MB, 1.05 load
[runlim] sample:		3358.51 time, 3360.01 real, 311 MB, 1.04 load
[runlim] sample:		3368.51 time, 3370.01 real, 299 MB, 1.04 load
[runlim] sample:		3378.51 time, 3380.01 real, 299 MB, 1.03 load
[runlim] sample:		3388.50 time, 3390.01 real, 299 MB, 1.02 load
[runlim] sample:		3398.50 time, 3400.01 real, 299 MB, 1.02 load
[runlim] sample:		3408.49 time, 3410.01 real, 299 MB, 1.02 load
[runlim] sample:		3418.49 time, 3420.01 real, 299 MB, 1.01 load
[SAT Found] Makespan = 275
[VERIFY] VERIFY SUCCESS]
Total Execution Time so far: 3428.81 seconds
-------------------------------------------------
[runlim] sample:		3428.48 time, 3430.01 real, 299 MB, 1.01 load
[runlim] sample:		3438.48 time, 3440.01 real, 320 MB, 1.01 load
[runlim] sample:		3448.48 time, 3450.01 real, 321 MB, 1.01 load
[runlim] sample:		3458.47 time, 3460.01 real, 321 MB, 1.01 load
[runlim] sample:		3468.47 time, 3470.01 real, 321 MB, 1.00 load
[runlim] sample:		3478.47 time, 3480.01 real, 307 MB, 1.00 load
[runlim] sample:		3488.46 time, 3490.01 real, 307 MB, 1.08 load
[runlim] sample:		3498.46 time, 3500.01 real, 307 MB, 1.07 load
[runlim] sample:		3508.45 time, 3510.01 real, 318 MB, 1.06 load
[runlim] sample:		3518.44 time, 3520.01 real, 318 MB, 1.05 load
[runlim] sample:		3528.44 time, 3530.01 real, 318 MB, 1.04 load
[runlim] sample:		3538.44 time, 3540.01 real, 318 MB, 1.03 load
[runlim] sample:		3548.43 time, 3550.01 real, 301 MB, 1.03 load
[runlim] sample:		3558.43 time, 3560.01 real, 301 MB, 1.02 load
[runlim] sample:		3568.43 time, 3570.01 real, 301 MB, 1.02 load
[runlim] sample:		3578.42 time, 3580.01 real, 301 MB, 1.02 load
[runlim] sample:		3588.42 time, 3590.01 real, 301 MB, 1.01 load
[runlim] sample:		3598.41 time, 3600.01 real, 301 MB, 1.01 load
[runlim] end:			Wed Aug 12 11:27:20 2026
[runlim] status:		out of time
[runlim] result:		2
[runlim] children:		1
[runlim] processes:		2
[runlim] real:			3601.06 seconds
[runlim] time:			3598.41 seconds
[runlim] space:			394 MB
[runlim] load:			1.49 maximum
[runlim] samples:		36000
