[runlim] version:		2.0.0rc12
[runlim] host:			ap-Precision-7550
[runlim] time limit:		311040000 seconds
[runlim] real time limit:	3600 seconds
[runlim] space limit:		14000 MB
[runlim] argv[0]:		python3
[runlim] argv[1]:		-u
[runlim] argv[2]:		main_ver2.py
[runlim] argv[3]:		Datasets/MPSFs/MPSF03.txt
[runlim] start:			Tue Aug 11 14:03:06 2026
[runlim] child:			12117
=== CONFIGURATION ===
File Path: Datasets/MPSFs/MPSF03.txt
Symmetry Breaking: False
Same Machine Mode (sm_mode): 2d
Transitive Order Precedence (All Ops): False
Full Transitive: False
=====================

Reading file: Datasets/MPSFs/MPSF03.txt
Finished reading file: Datasets/MPSFs/MPSF03.txt
=== GREEDY INITIAL SOLUTION ===
Scheduled Operations: 16/16
Makespan (UB): 206
-------------------------------------------------
[SAT Found] Makespan = 205
[VERIFY] VERIFY SUCCESS]
Total Execution Time so far: 0.04 seconds
-------------------------------------------------
[SAT Found] Makespan = 204
[VERIFY] VERIFY SUCCESS]
Total Execution Time so far: 0.04 seconds
-------------------------------------------------
[SAT Found] Makespan = 203
[VERIFY] VERIFY SUCCESS]
Total Execution Time so far: 0.05 seconds
-------------------------------------------------
[SAT Found] Makespan = 202
[VERIFY] VERIFY SUCCESS]
Total Execution Time so far: 0.05 seconds
-------------------------------------------------
[SAT Found] Makespan = 201
[VERIFY] VERIFY SUCCESS]
Total Execution Time so far: 0.05 seconds
-------------------------------------------------
[SAT Found] Makespan = 200
[VERIFY] VERIFY SUCCESS]
Total Execution Time so far: 0.05 seconds
-------------------------------------------------
[SAT Found] Makespan = 199
[VERIFY] VERIFY SUCCESS]
Total Execution Time so far: 0.05 seconds
-------------------------------------------------
[SAT Found] Makespan = 190
[VERIFY] VERIFY SUCCESS]
Total Execution Time so far: 0.05 seconds
-------------------------------------------------
[SAT Found] Makespan = 189
[VERIFY] VERIFY SUCCESS]
Total Execution Time so far: 0.05 seconds
-------------------------------------------------
[SAT Found] Makespan = 188
[VERIFY] VERIFY SUCCESS]
Total Execution Time so far: 0.06 seconds
-------------------------------------------------
[SAT Found] Makespan = 187
[VERIFY] VERIFY SUCCESS]
Total Execution Time so far: 0.06 seconds
-------------------------------------------------
[SAT Found] Makespan = 186
[VERIFY] VERIFY SUCCESS]
Total Execution Time so far: 0.06 seconds
-------------------------------------------------
[SAT Found] Makespan = 185
[VERIFY] VERIFY SUCCESS]
Total Execution Time so far: 0.06 seconds
-------------------------------------------------
[SAT Found] Makespan = 184
[VERIFY] VERIFY SUCCESS]
Total Execution Time so far: 0.06 seconds
-------------------------------------------------
[SAT Found] Makespan = 183
[VERIFY] VERIFY SUCCESS]
Total Execution Time so far: 0.06 seconds
-------------------------------------------------
[SAT Found] Makespan = 182
[VERIFY] VERIFY SUCCESS]
Total Execution Time so far: 0.06 seconds
-------------------------------------------------
[SAT Found] Makespan = 181
[VERIFY] VERIFY SUCCESS]
Total Execution Time so far: 0.07 seconds
-------------------------------------------------
[SAT Found] Makespan = 180
[VERIFY] VERIFY SUCCESS]
Total Execution Time so far: 0.07 seconds
-------------------------------------------------
[SAT Found] Makespan = 179
[VERIFY] VERIFY SUCCESS]
Total Execution Time so far: 0.07 seconds
-------------------------------------------------
[SAT Found] Makespan = 178
[VERIFY] VERIFY SUCCESS]
Total Execution Time so far: 0.07 seconds
-------------------------------------------------
[SAT Found] Makespan = 177
[VERIFY] VERIFY SUCCESS]
Total Execution Time so far: 0.07 seconds
-------------------------------------------------
[SAT Found] Makespan = 176
[VERIFY] VERIFY SUCCESS]
Total Execution Time so far: 0.07 seconds
-------------------------------------------------
[SAT Found] Makespan = 175
[VERIFY] VERIFY SUCCESS]
Total Execution Time so far: 0.07 seconds
-------------------------------------------------
[SAT Found] Makespan = 174
[VERIFY] VERIFY SUCCESS]
Total Execution Time so far: 0.08 seconds
-------------------------------------------------
[SAT Found] Makespan = 173
[VERIFY] VERIFY SUCCESS]
Total Execution Time so far: 0.08 seconds
-------------------------------------------------
[SAT Found] Makespan = 172
[VERIFY] VERIFY SUCCESS]
Total Execution Time so far: 0.08 seconds
-------------------------------------------------
[SAT Found] Makespan = 171
[VERIFY] VERIFY SUCCESS]
Total Execution Time so far: 0.08 seconds
-------------------------------------------------
[SAT Found] Makespan = 168
[VERIFY] VERIFY SUCCESS]
Total Execution Time so far: 0.08 seconds
-------------------------------------------------
[SAT Found] Makespan = 164
[VERIFY] VERIFY SUCCESS]
Total Execution Time so far: 0.08 seconds
-------------------------------------------------
[SAT Found] Makespan = 163
[VERIFY] VERIFY SUCCESS]
Total Execution Time so far: 0.09 seconds
-------------------------------------------------
[SAT Found] Makespan = 162
[VERIFY] VERIFY SUCCESS]
Total Execution Time so far: 0.09 seconds
-------------------------------------------------
[SAT Found] Makespan = 161
[VERIFY] VERIFY SUCCESS]
Total Execution Time so far: 0.09 seconds
-------------------------------------------------
[SAT Found] Makespan = 160
[VERIFY] VERIFY SUCCESS]
Total Execution Time so far: 0.10 seconds
-------------------------------------------------
[SAT Found] Makespan = 159
[VERIFY] VERIFY SUCCESS]
Total Execution Time so far: 0.11 seconds
-------------------------------------------------
[SAT Found] Makespan = 158
[VERIFY] VERIFY SUCCESS]
Total Execution Time so far: 0.11 seconds
-------------------------------------------------
[SAT Found] Makespan = 157
[VERIFY] VERIFY SUCCESS]
Total Execution Time so far: 0.12 seconds
-------------------------------------------------
[SAT Found] Makespan = 154
[VERIFY] VERIFY SUCCESS]
Total Execution Time so far: 0.12 seconds
-------------------------------------------------
[SAT Found] Makespan = 153
[VERIFY] VERIFY SUCCESS]
Total Execution Time so far: 0.16 seconds
-------------------------------------------------
[SAT Found] Makespan = 152
[VERIFY] VERIFY SUCCESS]
Total Execution Time so far: 0.16 seconds
-------------------------------------------------
[SAT Found] Makespan = 151
[VERIFY] VERIFY SUCCESS]
Total Execution Time so far: 0.17 seconds
-------------------------------------------------
[SAT Found] Makespan = 150
[VERIFY] VERIFY SUCCESS]
Total Execution Time so far: 0.17 seconds
-------------------------------------------------
[SAT Found] Makespan = 149
[VERIFY] VERIFY SUCCESS]
Total Execution Time so far: 0.17 seconds
-------------------------------------------------
[SAT Found] Makespan = 148
[VERIFY] VERIFY SUCCESS]
Total Execution Time so far: 0.18 seconds
-------------------------------------------------
[SAT Found] Makespan = 147
[VERIFY] VERIFY SUCCESS]
Total Execution Time so far: 0.24 seconds
-------------------------------------------------
[SAT Found] Makespan = 146
[VERIFY] VERIFY SUCCESS]
Total Execution Time so far: 0.25 seconds
-------------------------------------------------
[SAT Found] Makespan = 145
[VERIFY] VERIFY SUCCESS]
Total Execution Time so far: 0.25 seconds
-------------------------------------------------
[SAT Found] Makespan = 144
[VERIFY] VERIFY SUCCESS]
Total Execution Time so far: 0.35 seconds
-------------------------------------------------
[UNSAT] Can't find a better solution. OPTIMAL!

==========================================
OPTIMAL MAKESPAN: 144
Total Execution Time: 0.45 seconds
==========================================
[runlim] end:			Tue Aug 11 14:03:07 2026
[runlim] status:		ok
[runlim] result:		0
[runlim] children:		1
[runlim] processes:		2
[runlim] real:			0.49 seconds
[runlim] time:			0.40 seconds
[runlim] space:			29 MB
[runlim] load:			1.28 maximum
[runlim] samples:		5
