[runlim] version:		2.0.0rc12
[runlim] host:			ap-Precision-7550
[runlim] time limit:		311040000 seconds
[runlim] real time limit:	3600 seconds
[runlim] space limit:		14000 MB
[runlim] argv[0]:		python3
[runlim] argv[1]:		-u
[runlim] argv[2]:		main_ver2.py
[runlim] argv[3]:		Datasets/MPSFs/MPSF09.txt
[runlim] argv[4]:		--order_transitive
[runlim] argv[5]:		--symmetry
[runlim] start:			Wed Aug 12 14:25:00 2026
[runlim] child:			18977
=== CONFIGURATION ===
File Path: Datasets/MPSFs/MPSF09.txt
Symmetry Breaking: True
Same Machine Mode (sm_mode): 2d
Transitive Order Precedence (All Ops): True
Full Transitive: False
=====================

Reading file: Datasets/MPSFs/MPSF09.txt
Finished reading file: Datasets/MPSFs/MPSF09.txt
=== GREEDY INITIAL SOLUTION ===
Scheduled Operations: 45/45
Makespan (UB): 345
-------------------------------------------------
[SAT Found] Makespan = 344
[VERIFY] VERIFY SUCCESS]
Total Execution Time so far: 1.78 seconds
-------------------------------------------------
[SAT Found] Makespan = 343
[VERIFY] VERIFY SUCCESS]
Total Execution Time so far: 3.94 seconds
-------------------------------------------------
[SAT Found] Makespan = 342
[VERIFY] VERIFY SUCCESS]
Total Execution Time so far: 5.48 seconds
-------------------------------------------------
[SAT Found] Makespan = 341
[VERIFY] VERIFY SUCCESS]
Total Execution Time so far: 5.67 seconds
-------------------------------------------------
[SAT Found] Makespan = 340
[VERIFY] VERIFY SUCCESS]
Total Execution Time so far: 5.92 seconds
-------------------------------------------------
[SAT Found] Makespan = 339
[VERIFY] VERIFY SUCCESS]
Total Execution Time so far: 6.24 seconds
-------------------------------------------------
[SAT Found] Makespan = 338
[VERIFY] VERIFY SUCCESS]
Total Execution Time so far: 6.48 seconds
-------------------------------------------------
[SAT Found] Makespan = 337
[VERIFY] VERIFY SUCCESS]
Total Execution Time so far: 6.74 seconds
-------------------------------------------------
[SAT Found] Makespan = 336
[VERIFY] VERIFY SUCCESS]
Total Execution Time so far: 6.75 seconds
-------------------------------------------------
[SAT Found] Makespan = 335
[VERIFY] VERIFY SUCCESS]
Total Execution Time so far: 8.45 seconds
-------------------------------------------------
[SAT Found] Makespan = 334
[VERIFY] VERIFY SUCCESS]
Total Execution Time so far: 8.85 seconds
-------------------------------------------------
[SAT Found] Makespan = 333
[VERIFY] VERIFY SUCCESS]
Total Execution Time so far: 9.05 seconds
-------------------------------------------------
[SAT Found] Makespan = 332
[VERIFY] VERIFY SUCCESS]
Total Execution Time so far: 9.38 seconds
-------------------------------------------------
[SAT Found] Makespan = 331
[VERIFY] VERIFY SUCCESS]
Total Execution Time so far: 9.40 seconds
-------------------------------------------------
[SAT Found] Makespan = 330
[VERIFY] VERIFY SUCCESS]
Total Execution Time so far: 9.42 seconds
-------------------------------------------------
[SAT Found] Makespan = 329
[VERIFY] VERIFY SUCCESS]
Total Execution Time so far: 9.53 seconds
-------------------------------------------------
[SAT Found] Makespan = 328
[VERIFY] VERIFY SUCCESS]
Total Execution Time so far: 9.74 seconds
-------------------------------------------------
[SAT Found] Makespan = 327
[VERIFY] VERIFY SUCCESS]
Total Execution Time so far: 9.94 seconds
-------------------------------------------------
[SAT Found] Makespan = 326
[VERIFY] VERIFY SUCCESS]
Total Execution Time so far: 9.96 seconds
-------------------------------------------------
[SAT Found] Makespan = 325
[VERIFY] VERIFY SUCCESS]
Total Execution Time so far: 9.98 seconds
-------------------------------------------------
[runlim] sample:		9.99 time, 10.01 real, 206 MB, 0.66 load
[SAT Found] Makespan = 324
[VERIFY] VERIFY SUCCESS]
Total Execution Time so far: 9.99 seconds
-------------------------------------------------
[SAT Found] Makespan = 323
[VERIFY] VERIFY SUCCESS]
Total Execution Time so far: 10.29 seconds
-------------------------------------------------
[SAT Found] Makespan = 322
[VERIFY] VERIFY SUCCESS]
Total Execution Time so far: 10.49 seconds
-------------------------------------------------
[SAT Found] Makespan = 321
[VERIFY] VERIFY SUCCESS]
Total Execution Time so far: 10.68 seconds
-------------------------------------------------
[SAT Found] Makespan = 320
[VERIFY] VERIFY SUCCESS]
Total Execution Time so far: 10.96 seconds
-------------------------------------------------
[SAT Found] Makespan = 319
[VERIFY] VERIFY SUCCESS]
Total Execution Time so far: 12.30 seconds
-------------------------------------------------
[SAT Found] Makespan = 318
[VERIFY] VERIFY SUCCESS]
Total Execution Time so far: 14.75 seconds
-------------------------------------------------
[SAT Found] Makespan = 317
[VERIFY] VERIFY SUCCESS]
Total Execution Time so far: 16.31 seconds
-------------------------------------------------
[SAT Found] Makespan = 315
[VERIFY] VERIFY SUCCESS]
Total Execution Time so far: 17.36 seconds
-------------------------------------------------
[SAT Found] Makespan = 314
[VERIFY] VERIFY SUCCESS]
Total Execution Time so far: 17.38 seconds
-------------------------------------------------
[SAT Found] Makespan = 313
[VERIFY] VERIFY SUCCESS]
Total Execution Time so far: 17.39 seconds
-------------------------------------------------
[SAT Found] Makespan = 312
[VERIFY] VERIFY SUCCESS]
Total Execution Time so far: 17.41 seconds
-------------------------------------------------
[SAT Found] Makespan = 311
[VERIFY] VERIFY SUCCESS]
Total Execution Time so far: 17.42 seconds
-------------------------------------------------
[SAT Found] Makespan = 310
[VERIFY] VERIFY SUCCESS]
Total Execution Time so far: 17.61 seconds
-------------------------------------------------
[SAT Found] Makespan = 309
[VERIFY] VERIFY SUCCESS]
Total Execution Time so far: 17.81 seconds
-------------------------------------------------
[runlim] sample:		19.99 time, 20.01 real, 226 MB, 0.71 load
[runlim] sample:		29.99 time, 30.01 real, 226 MB, 0.76 load
[runlim] sample:		39.98 time, 40.01 real, 226 MB, 0.87 load
[SAT Found] Makespan = 308
[VERIFY] VERIFY SUCCESS]
Total Execution Time so far: 41.39 seconds
-------------------------------------------------
[SAT Found] Makespan = 307
[VERIFY] VERIFY SUCCESS]
Total Execution Time so far: 46.00 seconds
-------------------------------------------------
[runlim] sample:		49.98 time, 50.01 real, 227 MB, 0.89 load
[SAT Found] Makespan = 306
[VERIFY] VERIFY SUCCESS]
Total Execution Time so far: 56.31 seconds
-------------------------------------------------
[runlim] sample:		59.97 time, 60.01 real, 227 MB, 0.91 load
[SAT Found] Makespan = 305
[VERIFY] VERIFY SUCCESS]
Total Execution Time so far: 61.38 seconds
-------------------------------------------------
[SAT Found] Makespan = 304
[VERIFY] VERIFY SUCCESS]
Total Execution Time so far: 66.70 seconds
-------------------------------------------------
[SAT Found] Makespan = 299
[VERIFY] VERIFY SUCCESS]
Total Execution Time so far: 66.71 seconds
-------------------------------------------------
[runlim] sample:		69.97 time, 70.01 real, 229 MB, 0.92 load
[SAT Found] Makespan = 298
[VERIFY] VERIFY SUCCESS]
Total Execution Time so far: 70.39 seconds
-------------------------------------------------
[SAT Found] Makespan = 297
[VERIFY] VERIFY SUCCESS]
Total Execution Time so far: 71.59 seconds
-------------------------------------------------
[runlim] sample:		79.96 time, 80.01 real, 170 MB, 0.93 load
[runlim] sample:		89.95 time, 90.01 real, 172 MB, 0.94 load
[runlim] sample:		99.94 time, 100.01 real, 197 MB, 1.11 load
[SAT Found] Makespan = 296
[VERIFY] VERIFY SUCCESS]
Total Execution Time so far: 100.23 seconds
-------------------------------------------------
[runlim] sample:		109.95 time, 110.01 real, 207 MB, 1.09 load
[runlim] sample:		119.94 time, 120.01 real, 207 MB, 1.08 load
[SAT Found] Makespan = 295
[VERIFY] VERIFY SUCCESS]
Total Execution Time so far: 122.02 seconds
-------------------------------------------------
[runlim] sample:		129.93 time, 130.01 real, 171 MB, 1.06 load
[runlim] sample:		139.92 time, 140.01 real, 203 MB, 1.05 load
[SAT Found] Makespan = 294
[VERIFY] VERIFY SUCCESS]
Total Execution Time so far: 149.54 seconds
-------------------------------------------------
[runlim] sample:		149.91 time, 150.01 real, 204 MB, 1.05 load
[runlim] sample:		159.91 time, 160.01 real, 172 MB, 1.11 load
[runlim] sample:		169.91 time, 170.01 real, 198 MB, 1.09 load
[SAT Found] Makespan = 293
[VERIFY] VERIFY SUCCESS]
Total Execution Time so far: 178.17 seconds
-------------------------------------------------
[runlim] sample:		179.90 time, 180.01 real, 176 MB, 1.08 load
[runlim] sample:		189.89 time, 190.01 real, 175 MB, 1.07 load
[runlim] sample:		199.88 time, 200.01 real, 199 MB, 1.06 load
[SAT Found] Makespan = 292
[VERIFY] VERIFY SUCCESS]
Total Execution Time so far: 204.81 seconds
-------------------------------------------------
[runlim] sample:		209.88 time, 210.01 real, 208 MB, 1.05 load
[runlim] sample:		219.87 time, 220.01 real, 210 MB, 1.04 load
[SAT Found] Makespan = 291
[VERIFY] VERIFY SUCCESS]
Total Execution Time so far: 229.93 seconds
-------------------------------------------------
[runlim] sample:		229.87 time, 230.01 real, 200 MB, 1.03 load
[runlim] sample:		239.86 time, 240.01 real, 174 MB, 1.03 load
[runlim] sample:		249.86 time, 250.01 real, 176 MB, 1.02 load
[runlim] sample:		259.85 time, 260.01 real, 206 MB, 1.02 load
[SAT Found] Makespan = 290
[VERIFY] VERIFY SUCCESS]
Total Execution Time so far: 264.34 seconds
-------------------------------------------------
[runlim] sample:		269.84 time, 270.01 real, 207 MB, 1.02 load
[runlim] sample:		279.84 time, 280.01 real, 203 MB, 1.01 load
[runlim] sample:		289.83 time, 290.01 real, 202 MB, 1.01 load
[runlim] sample:		299.83 time, 300.01 real, 210 MB, 1.01 load
[SAT Found] Makespan = 289
[VERIFY] VERIFY SUCCESS]
Total Execution Time so far: 302.67 seconds
-------------------------------------------------
[runlim] sample:		309.82 time, 310.01 real, 208 MB, 1.01 load
[runlim] sample:		319.82 time, 320.01 real, 205 MB, 1.00 load
[runlim] sample:		329.81 time, 330.01 real, 204 MB, 1.00 load
[runlim] sample:		339.80 time, 340.01 real, 209 MB, 1.00 load
[SAT Found] Makespan = 288
[VERIFY] VERIFY SUCCESS]
Total Execution Time so far: 343.82 seconds
-------------------------------------------------
[runlim] sample:		349.80 time, 350.01 real, 208 MB, 1.00 load
[runlim] sample:		359.79 time, 360.01 real, 207 MB, 1.00 load
[runlim] sample:		369.78 time, 370.01 real, 204 MB, 1.00 load
[SAT Found] Makespan = 287
[VERIFY] VERIFY SUCCESS]
Total Execution Time so far: 378.88 seconds
-------------------------------------------------
[runlim] sample:		379.78 time, 380.01 real, 208 MB, 1.00 load
[SAT Found] Makespan = 286
[VERIFY] VERIFY SUCCESS]
Total Execution Time so far: 388.26 seconds
-------------------------------------------------
[runlim] sample:		389.77 time, 390.01 real, 209 MB, 1.00 load
[runlim] sample:		399.76 time, 400.01 real, 208 MB, 1.00 load
[runlim] sample:		409.75 time, 410.01 real, 208 MB, 1.00 load
[runlim] sample:		419.75 time, 420.01 real, 208 MB, 1.00 load
[runlim] sample:		429.74 time, 430.01 real, 213 MB, 1.00 load
[SAT Found] Makespan = 285
[VERIFY] VERIFY SUCCESS]
Total Execution Time so far: 436.79 seconds
-------------------------------------------------
[runlim] sample:		439.74 time, 440.01 real, 212 MB, 1.00 load
[runlim] sample:		449.74 time, 450.01 real, 211 MB, 1.00 load
[runlim] sample:		459.73 time, 460.01 real, 210 MB, 1.00 load
[runlim] sample:		469.72 time, 470.01 real, 214 MB, 1.00 load
[runlim] sample:		479.71 time, 480.01 real, 219 MB, 1.00 load
[runlim] sample:		489.71 time, 490.01 real, 219 MB, 1.07 load
[runlim] sample:		499.71 time, 500.01 real, 210 MB, 1.06 load
[runlim] sample:		509.70 time, 510.01 real, 210 MB, 1.05 load
[runlim] sample:		519.69 time, 520.01 real, 210 MB, 1.04 load
[runlim] sample:		529.69 time, 530.01 real, 211 MB, 1.04 load
[runlim] sample:		539.68 time, 540.01 real, 211 MB, 1.03 load
[runlim] sample:		549.67 time, 550.01 real, 216 MB, 1.02 load
[runlim] sample:		559.66 time, 560.01 real, 218 MB, 1.02 load
[runlim] sample:		569.66 time, 570.01 real, 218 MB, 1.02 load
[runlim] sample:		579.65 time, 580.01 real, 221 MB, 1.01 load
[runlim] sample:		589.65 time, 590.01 real, 225 MB, 1.01 load
[runlim] sample:		599.64 time, 600.01 real, 227 MB, 1.16 load
[runlim] sample:		609.64 time, 610.01 real, 224 MB, 1.14 load
[runlim] sample:		619.63 time, 620.01 real, 224 MB, 1.12 load
[runlim] sample:		629.62 time, 630.01 real, 224 MB, 1.10 load
[runlim] sample:		639.61 time, 640.01 real, 221 MB, 1.08 load
[runlim] sample:		649.61 time, 650.01 real, 219 MB, 1.07 load
[runlim] sample:		659.61 time, 660.01 real, 219 MB, 1.13 load
[runlim] sample:		669.59 time, 670.01 real, 213 MB, 1.11 load
[runlim] sample:		679.59 time, 680.01 real, 213 MB, 1.09 load
[runlim] sample:		689.58 time, 690.01 real, 213 MB, 1.08 load
[runlim] sample:		699.57 time, 700.01 real, 213 MB, 1.07 load
[runlim] sample:		709.57 time, 710.01 real, 214 MB, 1.06 load
[runlim] sample:		719.56 time, 720.01 real, 214 MB, 1.05 load
[runlim] sample:		729.56 time, 730.01 real, 214 MB, 1.04 load
[runlim] sample:		739.56 time, 740.01 real, 215 MB, 1.03 load
[runlim] sample:		749.55 time, 750.01 real, 215 MB, 1.03 load
[runlim] sample:		759.54 time, 760.01 real, 215 MB, 1.02 load
[runlim] sample:		769.54 time, 770.01 real, 215 MB, 1.02 load
[runlim] sample:		779.53 time, 780.01 real, 215 MB, 1.02 load
[runlim] sample:		789.52 time, 790.01 real, 215 MB, 1.01 load
[runlim] sample:		799.52 time, 800.01 real, 216 MB, 1.01 load
[runlim] sample:		809.51 time, 810.01 real, 216 MB, 1.01 load
[runlim] sample:		819.50 time, 820.01 real, 216 MB, 1.01 load
[runlim] sample:		829.50 time, 830.01 real, 215 MB, 1.00 load
[runlim] sample:		839.49 time, 840.01 real, 215 MB, 1.00 load
[runlim] sample:		849.49 time, 850.01 real, 216 MB, 1.00 load
[runlim] sample:		859.48 time, 860.01 real, 216 MB, 1.00 load
[runlim] sample:		869.47 time, 870.01 real, 216 MB, 1.16 load
[runlim] sample:		879.47 time, 880.01 real, 217 MB, 1.14 load
[runlim] sample:		889.47 time, 890.01 real, 217 MB, 1.11 load
[runlim] sample:		899.46 time, 900.01 real, 217 MB, 1.10 load
[runlim] sample:		909.45 time, 910.01 real, 217 MB, 1.08 load
[runlim] sample:		919.45 time, 920.01 real, 219 MB, 1.07 load
[runlim] sample:		929.44 time, 930.01 real, 231 MB, 1.06 load
[runlim] sample:		939.43 time, 940.01 real, 231 MB, 1.05 load
[runlim] sample:		949.43 time, 950.01 real, 232 MB, 1.04 load
[runlim] sample:		959.42 time, 960.01 real, 232 MB, 1.03 load
[runlim] sample:		969.42 time, 970.01 real, 233 MB, 1.03 load
[SAT Found] Makespan = 284
[VERIFY] VERIFY SUCCESS]
Total Execution Time so far: 977.78 seconds
-------------------------------------------------
[SAT Found] Makespan = 283
[VERIFY] VERIFY SUCCESS]
Total Execution Time so far: 977.91 seconds
-------------------------------------------------
[runlim] sample:		979.41 time, 980.01 real, 237 MB, 1.02 load
[runlim] sample:		989.40 time, 990.01 real, 249 MB, 1.02 load
[runlim] sample:		999.39 time, 1000.01 real, 235 MB, 1.02 load
[runlim] sample:		1009.39 time, 1010.01 real, 235 MB, 1.01 load
[runlim] sample:		1019.39 time, 1020.01 real, 233 MB, 1.01 load
[runlim] sample:		1029.38 time, 1030.01 real, 242 MB, 1.01 load
[runlim] sample:		1039.38 time, 1040.01 real, 242 MB, 1.01 load
[runlim] sample:		1049.37 time, 1050.01 real, 235 MB, 1.00 load
[runlim] sample:		1059.36 time, 1060.01 real, 235 MB, 1.00 load
[runlim] sample:		1069.36 time, 1070.01 real, 230 MB, 1.00 load
[runlim] sample:		1079.35 time, 1080.01 real, 230 MB, 1.00 load
[runlim] sample:		1089.34 time, 1090.01 real, 231 MB, 1.00 load
[runlim] sample:		1099.34 time, 1100.01 real, 231 MB, 1.15 load
[runlim] sample:		1109.34 time, 1110.01 real, 231 MB, 1.13 load
[runlim] sample:		1119.32 time, 1120.01 real, 245 MB, 1.11 load
[SAT Found] Makespan = 282
[VERIFY] VERIFY SUCCESS]
Total Execution Time so far: 1120.51 seconds
-------------------------------------------------
[runlim] sample:		1129.32 time, 1130.01 real, 245 MB, 1.09 load
[runlim] sample:		1139.32 time, 1140.01 real, 240 MB, 1.08 load
[runlim] sample:		1149.31 time, 1150.01 real, 240 MB, 1.07 load
[runlim] sample:		1159.30 time, 1160.01 real, 234 MB, 1.06 load
[runlim] sample:		1169.30 time, 1170.01 real, 246 MB, 1.05 load
[runlim] sample:		1179.30 time, 1180.01 real, 246 MB, 1.04 load
[runlim] sample:		1189.28 time, 1190.01 real, 240 MB, 1.03 load
[runlim] sample:		1199.28 time, 1200.01 real, 240 MB, 1.03 load
[runlim] sample:		1209.27 time, 1210.01 real, 233 MB, 1.02 load
[runlim] sample:		1219.26 time, 1220.01 real, 233 MB, 1.02 load
[runlim] sample:		1229.27 time, 1230.01 real, 234 MB, 1.02 load
[runlim] sample:		1239.26 time, 1240.01 real, 234 MB, 1.01 load
[runlim] sample:		1249.26 time, 1250.01 real, 234 MB, 1.01 load
[runlim] sample:		1259.25 time, 1260.01 real, 234 MB, 1.01 load
[runlim] sample:		1269.24 time, 1270.01 real, 248 MB, 1.01 load
[runlim] sample:		1279.23 time, 1280.01 real, 248 MB, 1.00 load
[runlim] sample:		1289.23 time, 1290.01 real, 249 MB, 1.00 load
[runlim] sample:		1299.23 time, 1300.01 real, 249 MB, 1.00 load
[runlim] sample:		1309.21 time, 1310.01 real, 255 MB, 1.00 load
[runlim] sample:		1319.21 time, 1320.01 real, 255 MB, 1.08 load
[runlim] sample:		1329.21 time, 1330.01 real, 255 MB, 1.07 load
[runlim] sample:		1339.20 time, 1340.01 real, 255 MB, 1.06 load
[runlim] sample:		1349.20 time, 1350.01 real, 255 MB, 1.05 load
[runlim] sample:		1359.19 time, 1360.01 real, 245 MB, 1.04 load
[runlim] sample:		1369.19 time, 1370.01 real, 245 MB, 1.03 load
[runlim] sample:		1379.18 time, 1380.01 real, 246 MB, 1.03 load
[runlim] sample:		1389.17 time, 1390.01 real, 246 MB, 1.02 load
[runlim] sample:		1399.17 time, 1400.01 real, 244 MB, 1.02 load
[runlim] sample:		1409.17 time, 1410.01 real, 244 MB, 1.02 load
[runlim] sample:		1419.16 time, 1420.01 real, 235 MB, 1.01 load
[runlim] sample:		1429.16 time, 1430.01 real, 235 MB, 1.01 load
[runlim] sample:		1439.15 time, 1440.01 real, 235 MB, 1.01 load
[runlim] sample:		1449.14 time, 1450.01 real, 236 MB, 1.01 load
[runlim] sample:		1459.13 time, 1460.01 real, 236 MB, 1.00 load
[runlim] sample:		1469.14 time, 1470.01 real, 236 MB, 1.00 load
[runlim] sample:		1479.13 time, 1480.01 real, 236 MB, 1.00 load
[runlim] sample:		1489.12 time, 1490.01 real, 237 MB, 1.00 load
[runlim] sample:		1499.12 time, 1500.01 real, 237 MB, 1.00 load
[runlim] sample:		1509.11 time, 1510.01 real, 237 MB, 1.15 load
[runlim] sample:		1519.11 time, 1520.01 real, 237 MB, 1.12 load
[runlim] sample:		1529.10 time, 1530.01 real, 237 MB, 1.10 load
[runlim] sample:		1539.10 time, 1540.01 real, 237 MB, 1.09 load
[runlim] sample:		1549.09 time, 1550.01 real, 237 MB, 1.08 load
[runlim] sample:		1559.08 time, 1560.01 real, 237 MB, 1.07 load
[runlim] sample:		1569.08 time, 1570.01 real, 238 MB, 1.06 load
[runlim] sample:		1579.07 time, 1580.01 real, 238 MB, 1.05 load
[runlim] sample:		1589.07 time, 1590.01 real, 238 MB, 1.04 load
[runlim] sample:		1599.06 time, 1600.01 real, 238 MB, 1.11 load
[runlim] sample:		1609.06 time, 1610.01 real, 238 MB, 1.17 load
[runlim] sample:		1619.05 time, 1620.01 real, 238 MB, 1.22 load
[runlim] sample:		1629.05 time, 1630.01 real, 238 MB, 1.26 load
[runlim] sample:		1639.04 time, 1640.01 real, 238 MB, 1.29 load
[runlim] sample:		1649.03 time, 1650.01 real, 239 MB, 1.25 load
[runlim] sample:		1659.03 time, 1660.01 real, 239 MB, 1.21 load
[runlim] sample:		1669.02 time, 1670.01 real, 239 MB, 1.18 load
[runlim] sample:		1679.02 time, 1680.01 real, 239 MB, 1.15 load
[runlim] sample:		1689.02 time, 1690.01 real, 239 MB, 1.12 load
[SAT Found] Makespan = 281
[VERIFY] VERIFY SUCCESS]
Total Execution Time so far: 1698.13 seconds
-------------------------------------------------
[runlim] sample:		1699.01 time, 1700.01 real, 239 MB, 1.10 load
[runlim] sample:		1709.00 time, 1710.01 real, 240 MB, 1.09 load
[runlim] sample:		1719.00 time, 1720.01 real, 240 MB, 1.07 load
[runlim] sample:		1728.99 time, 1730.01 real, 245 MB, 1.06 load
[runlim] sample:		1738.98 time, 1740.01 real, 245 MB, 1.05 load
[runlim] sample:		1748.98 time, 1750.01 real, 247 MB, 1.04 load
[runlim] sample:		1758.98 time, 1760.01 real, 247 MB, 1.04 load
[runlim] sample:		1768.98 time, 1770.01 real, 258 MB, 1.03 load
[runlim] sample:		1778.97 time, 1780.01 real, 260 MB, 1.03 load
[runlim] sample:		1788.97 time, 1790.01 real, 260 MB, 1.02 load
[runlim] sample:		1798.96 time, 1800.01 real, 260 MB, 1.02 load
[runlim] sample:		1808.95 time, 1810.01 real, 250 MB, 1.01 load
[runlim] sample:		1818.95 time, 1820.01 real, 250 MB, 1.01 load
[runlim] sample:		1828.95 time, 1830.01 real, 251 MB, 1.01 load
[runlim] sample:		1838.94 time, 1840.01 real, 251 MB, 1.01 load
[runlim] sample:		1848.94 time, 1850.01 real, 251 MB, 1.01 load
[SAT Found] Makespan = 280
[VERIFY] VERIFY SUCCESS]
Total Execution Time so far: 1852.57 seconds
-------------------------------------------------
[runlim] sample:		1858.93 time, 1860.01 real, 256 MB, 1.00 load
[runlim] sample:		1868.93 time, 1870.01 real, 256 MB, 1.00 load
[runlim] sample:		1878.92 time, 1880.01 real, 260 MB, 1.00 load
[runlim] sample:		1888.91 time, 1890.01 real, 260 MB, 1.00 load
[runlim] sample:		1898.91 time, 1900.01 real, 260 MB, 1.00 load
[runlim] sample:		1908.90 time, 1910.01 real, 261 MB, 1.00 load
[runlim] sample:		1918.90 time, 1920.01 real, 261 MB, 1.00 load
[runlim] sample:		1928.89 time, 1930.01 real, 262 MB, 1.00 load
[runlim] sample:		1938.89 time, 1940.01 real, 262 MB, 1.00 load
[runlim] sample:		1948.88 time, 1950.01 real, 252 MB, 1.00 load
[runlim] sample:		1958.87 time, 1960.01 real, 252 MB, 1.00 load
[runlim] sample:		1968.87 time, 1970.01 real, 252 MB, 1.00 load
[runlim] sample:		1978.87 time, 1980.01 real, 252 MB, 1.00 load
[runlim] sample:		1988.86 time, 1990.01 real, 252 MB, 1.00 load
[runlim] sample:		1998.86 time, 2000.01 real, 252 MB, 1.00 load
[runlim] sample:		2008.85 time, 2010.01 real, 259 MB, 1.08 load
[SAT Found] Makespan = 279
[VERIFY] VERIFY SUCCESS]
Total Execution Time so far: 2011.24 seconds
-------------------------------------------------
[runlim] sample:		2018.85 time, 2020.01 real, 259 MB, 1.07 load
[runlim] sample:		2028.84 time, 2030.01 real, 266 MB, 1.06 load
[runlim] sample:		2038.83 time, 2040.01 real, 266 MB, 1.05 load
[runlim] sample:		2048.84 time, 2050.01 real, 259 MB, 1.04 load
[runlim] sample:		2058.83 time, 2060.01 real, 259 MB, 1.03 load
[runlim] sample:		2068.83 time, 2070.01 real, 267 MB, 1.03 load
[runlim] sample:		2078.82 time, 2080.01 real, 267 MB, 1.02 load
[runlim] sample:		2088.82 time, 2090.01 real, 267 MB, 1.02 load
[runlim] sample:		2098.81 time, 2100.01 real, 258 MB, 1.10 load
[runlim] sample:		2108.80 time, 2110.01 real, 258 MB, 1.15 load
[runlim] sample:		2118.79 time, 2120.01 real, 265 MB, 1.13 load
[runlim] sample:		2128.79 time, 2130.01 real, 265 MB, 1.26 load
[runlim] sample:		2138.79 time, 2140.01 real, 261 MB, 1.22 load
[runlim] sample:		2148.78 time, 2150.01 real, 261 MB, 1.19 load
[runlim] sample:		2158.78 time, 2160.01 real, 261 MB, 1.16 load
[runlim] sample:		2168.77 time, 2170.01 real, 261 MB, 1.13 load
[SAT Found] Makespan = 278
[VERIFY] VERIFY SUCCESS]
Total Execution Time so far: 2176.07 seconds
-------------------------------------------------
[runlim] sample:		2178.76 time, 2180.01 real, 261 MB, 1.11 load
[runlim] sample:		2188.76 time, 2190.01 real, 278 MB, 1.10 load
[runlim] sample:		2198.76 time, 2200.01 real, 278 MB, 1.24 load
[runlim] sample:		2208.75 time, 2210.01 real, 278 MB, 1.20 load
[runlim] sample:		2218.74 time, 2220.01 real, 267 MB, 1.17 load
[runlim] sample:		2228.74 time, 2230.01 real, 267 MB, 1.14 load
[runlim] sample:		2238.74 time, 2240.01 real, 267 MB, 1.12 load
[runlim] sample:		2248.73 time, 2250.01 real, 280 MB, 1.10 load
[runlim] sample:		2258.73 time, 2260.01 real, 280 MB, 1.09 load
[runlim] sample:		2268.72 time, 2270.01 real, 280 MB, 1.07 load
[runlim] sample:		2278.72 time, 2280.01 real, 267 MB, 1.06 load
[runlim] sample:		2288.71 time, 2290.01 real, 267 MB, 1.05 load
[runlim] sample:		2298.71 time, 2300.01 real, 267 MB, 1.04 load
[runlim] sample:		2308.71 time, 2310.01 real, 262 MB, 1.04 load
[runlim] sample:		2318.70 time, 2320.01 real, 262 MB, 1.03 load
[runlim] sample:		2328.70 time, 2330.01 real, 262 MB, 1.02 load
[runlim] sample:		2338.69 time, 2340.01 real, 264 MB, 1.02 load
[SAT Found] Makespan = 277
[VERIFY] VERIFY SUCCESS]
Total Execution Time so far: 2349.41 seconds
-------------------------------------------------
[runlim] sample:		2348.69 time, 2350.01 real, 264 MB, 1.02 load
[runlim] sample:		2358.68 time, 2360.01 real, 277 MB, 1.01 load
[runlim] sample:		2368.68 time, 2370.01 real, 277 MB, 1.01 load
[runlim] sample:		2378.67 time, 2380.01 real, 277 MB, 1.01 load
[runlim] sample:		2388.67 time, 2390.01 real, 281 MB, 1.01 load
[runlim] sample:		2398.66 time, 2400.01 real, 281 MB, 1.01 load
[runlim] sample:		2408.66 time, 2410.01 real, 281 MB, 1.00 load
[runlim] sample:		2418.65 time, 2420.01 real, 285 MB, 1.00 load
[runlim] sample:		2428.65 time, 2430.01 real, 285 MB, 1.00 load
[runlim] sample:		2438.64 time, 2440.01 real, 285 MB, 1.00 load
[runlim] sample:		2448.63 time, 2450.01 real, 277 MB, 1.00 load
[runlim] sample:		2458.63 time, 2460.01 real, 277 MB, 1.00 load
[runlim] sample:		2468.62 time, 2470.01 real, 277 MB, 1.00 load
[runlim] sample:		2478.62 time, 2480.01 real, 273 MB, 1.00 load
[runlim] sample:		2488.61 time, 2490.01 real, 273 MB, 1.00 load
[runlim] sample:		2498.61 time, 2500.01 real, 273 MB, 1.00 load
[runlim] sample:		2508.61 time, 2510.01 real, 277 MB, 1.00 load
[runlim] sample:		2518.60 time, 2520.01 real, 277 MB, 1.00 load
[SAT Found] Makespan = 276
[VERIFY] VERIFY SUCCESS]
Total Execution Time so far: 2528.48 seconds
-------------------------------------------------
[runlim] sample:		2528.60 time, 2530.01 real, 277 MB, 1.00 load
[runlim] sample:		2538.59 time, 2540.01 real, 289 MB, 1.00 load
[runlim] sample:		2548.58 time, 2550.01 real, 289 MB, 1.00 load
[runlim] sample:		2558.58 time, 2560.01 real, 289 MB, 1.00 load
[runlim] sample:		2568.57 time, 2570.01 real, 280 MB, 1.00 load
[runlim] sample:		2578.57 time, 2580.01 real, 280 MB, 1.00 load
[runlim] sample:		2588.56 time, 2590.01 real, 280 MB, 1.00 load
[runlim] sample:		2598.56 time, 2600.01 real, 288 MB, 1.08 load
[runlim] sample:		2608.56 time, 2610.01 real, 288 MB, 1.21 load
[runlim] sample:		2618.55 time, 2620.01 real, 288 MB, 1.18 load
[runlim] sample:		2628.55 time, 2630.01 real, 278 MB, 1.15 load
[runlim] sample:		2638.55 time, 2640.01 real, 278 MB, 1.13 load
[runlim] sample:		2648.54 time, 2650.01 real, 278 MB, 1.11 load
[runlim] sample:		2658.53 time, 2660.01 real, 274 MB, 1.09 load
[runlim] sample:		2668.53 time, 2670.01 real, 274 MB, 1.08 load
[runlim] sample:		2678.53 time, 2680.01 real, 274 MB, 1.06 load
[runlim] sample:		2688.52 time, 2690.01 real, 274 MB, 1.05 load
[runlim] sample:		2698.51 time, 2700.01 real, 280 MB, 1.12 load
[runlim] sample:		2708.50 time, 2710.01 real, 280 MB, 1.10 load
[runlim] sample:		2718.50 time, 2720.01 real, 294 MB, 1.08 load
[SAT Found] Makespan = 275
[VERIFY] VERIFY SUCCESS]
Total Execution Time so far: 2720.11 seconds
-------------------------------------------------
[runlim] sample:		2728.50 time, 2730.01 real, 294 MB, 1.07 load
[runlim] sample:		2738.49 time, 2740.01 real, 294 MB, 1.06 load
[runlim] sample:		2748.49 time, 2750.01 real, 281 MB, 1.05 load
[runlim] sample:		2758.48 time, 2760.01 real, 281 MB, 1.04 load
[runlim] sample:		2768.48 time, 2770.01 real, 281 MB, 1.04 load
[runlim] sample:		2778.47 time, 2780.01 real, 285 MB, 1.03 load
[runlim] sample:		2788.47 time, 2790.01 real, 285 MB, 1.02 load
[runlim] sample:		2798.46 time, 2800.01 real, 285 MB, 1.02 load
[runlim] sample:		2808.46 time, 2810.01 real, 293 MB, 1.02 load
[runlim] sample:		2818.45 time, 2820.01 real, 291 MB, 1.01 load
[runlim] sample:		2828.44 time, 2830.01 real, 291 MB, 1.01 load
[runlim] sample:		2838.44 time, 2840.01 real, 291 MB, 1.01 load
[runlim] sample:		2848.44 time, 2850.01 real, 284 MB, 1.01 load
[runlim] sample:		2858.43 time, 2860.01 real, 284 MB, 1.01 load
[runlim] sample:		2868.43 time, 2870.01 real, 284 MB, 1.00 load
[runlim] sample:		2878.42 time, 2880.01 real, 284 MB, 1.00 load
[runlim] sample:		2888.42 time, 2890.01 real, 287 MB, 1.00 load
[runlim] sample:		2898.42 time, 2900.01 real, 287 MB, 1.00 load
[runlim] sample:		2908.41 time, 2910.01 real, 287 MB, 1.00 load
[SAT Found] Makespan = 274
[VERIFY] VERIFY SUCCESS]
Total Execution Time so far: 2918.44 seconds
-------------------------------------------------
[SAT Found] Makespan = 273
[VERIFY] VERIFY SUCCESS]
Total Execution Time so far: 2918.55 seconds
-------------------------------------------------
[runlim] sample:		2918.41 time, 2920.01 real, 309 MB, 1.00 load
[runlim] sample:		2928.41 time, 2930.01 real, 309 MB, 1.00 load
[runlim] sample:		2938.40 time, 2940.01 real, 309 MB, 1.00 load
[runlim] sample:		2948.40 time, 2950.01 real, 295 MB, 1.00 load
[runlim] sample:		2958.40 time, 2960.01 real, 296 MB, 1.00 load
[runlim] sample:		2968.39 time, 2970.01 real, 296 MB, 1.00 load
[runlim] sample:		2978.38 time, 2980.01 real, 296 MB, 1.00 load
[runlim] sample:		2988.38 time, 2990.01 real, 296 MB, 1.00 load
[runlim] sample:		2998.37 time, 3000.01 real, 296 MB, 1.00 load
[runlim] sample:		3008.38 time, 3010.01 real, 296 MB, 1.00 load
[runlim] sample:		3018.37 time, 3020.01 real, 296 MB, 1.00 load
[runlim] sample:		3028.37 time, 3030.01 real, 296 MB, 1.00 load
[runlim] sample:		3038.37 time, 3040.01 real, 296 MB, 1.00 load
[runlim] sample:		3048.36 time, 3050.01 real, 285 MB, 1.00 load
[runlim] sample:		3058.35 time, 3060.01 real, 285 MB, 1.00 load
[runlim] sample:		3068.35 time, 3070.01 real, 285 MB, 1.00 load
[runlim] sample:		3078.35 time, 3080.01 real, 285 MB, 1.08 load
[runlim] sample:		3088.35 time, 3090.01 real, 289 MB, 1.07 load
[runlim] sample:		3098.34 time, 3100.01 real, 289 MB, 1.14 load
[runlim] sample:		3108.34 time, 3110.01 real, 289 MB, 1.19 load
[runlim] sample:		3118.33 time, 3120.01 real, 309 MB, 1.16 load
[runlim] sample:		3128.33 time, 3130.01 real, 309 MB, 1.13 load
[runlim] sample:		3138.32 time, 3140.01 real, 309 MB, 1.11 load
[runlim] sample:		3148.32 time, 3150.01 real, 310 MB, 1.10 load
[runlim] sample:		3158.31 time, 3160.01 real, 310 MB, 1.08 load
[runlim] sample:		3168.31 time, 3170.01 real, 310 MB, 1.07 load
[runlim] sample:		3178.31 time, 3180.01 real, 321 MB, 1.06 load
[runlim] sample:		3188.31 time, 3190.01 real, 321 MB, 1.05 load
[runlim] sample:		3198.30 time, 3200.01 real, 321 MB, 1.04 load
[runlim] sample:		3208.30 time, 3210.01 real, 321 MB, 1.03 load
[runlim] sample:		3218.29 time, 3220.01 real, 313 MB, 1.03 load
[runlim] sample:		3228.29 time, 3230.01 real, 313 MB, 1.02 load
[runlim] sample:		3238.28 time, 3240.01 real, 313 MB, 1.02 load
[runlim] sample:		3248.29 time, 3250.01 real, 305 MB, 1.02 load
[runlim] sample:		3258.28 time, 3260.01 real, 305 MB, 1.01 load
[runlim] sample:		3268.28 time, 3270.01 real, 305 MB, 1.09 load
[runlim] sample:		3278.27 time, 3280.01 real, 311 MB, 1.08 load
[runlim] sample:		3288.27 time, 3290.01 real, 292 MB, 1.06 load
[runlim] sample:		3298.26 time, 3300.01 real, 292 MB, 1.05 load
[runlim] sample:		3308.26 time, 3310.01 real, 292 MB, 1.04 load
[runlim] sample:		3318.25 time, 3320.01 real, 292 MB, 1.04 load
[runlim] sample:		3328.26 time, 3330.01 real, 292 MB, 1.03 load
[runlim] sample:		3338.25 time, 3340.01 real, 292 MB, 1.03 load
[runlim] sample:		3348.25 time, 3350.01 real, 292 MB, 1.02 load
[runlim] sample:		3358.25 time, 3360.01 real, 292 MB, 1.02 load
[runlim] sample:		3368.24 time, 3370.01 real, 293 MB, 1.01 load
[runlim] sample:		3378.23 time, 3380.01 real, 293 MB, 1.01 load
[runlim] sample:		3388.23 time, 3390.01 real, 293 MB, 1.01 load
[runlim] sample:		3398.22 time, 3400.01 real, 293 MB, 1.01 load
[runlim] sample:		3408.22 time, 3410.01 real, 293 MB, 1.01 load
[runlim] sample:		3418.21 time, 3420.01 real, 294 MB, 1.00 load
[runlim] sample:		3428.22 time, 3430.01 real, 294 MB, 1.00 load
[runlim] sample:		3438.21 time, 3440.01 real, 294 MB, 1.00 load
[runlim] sample:		3448.21 time, 3450.01 real, 294 MB, 1.00 load
[runlim] sample:		3458.20 time, 3460.01 real, 295 MB, 1.00 load
[runlim] sample:		3468.20 time, 3470.01 real, 295 MB, 1.00 load
[runlim] sample:		3478.20 time, 3480.01 real, 295 MB, 1.00 load
[runlim] sample:		3488.19 time, 3490.01 real, 295 MB, 1.00 load
[runlim] sample:		3498.19 time, 3500.01 real, 295 MB, 1.00 load
[runlim] sample:		3508.18 time, 3510.01 real, 295 MB, 1.00 load
[runlim] sample:		3518.17 time, 3520.01 real, 295 MB, 1.00 load
[runlim] sample:		3528.17 time, 3530.01 real, 295 MB, 1.08 load
[runlim] sample:		3538.17 time, 3540.01 real, 295 MB, 1.07 load
[runlim] sample:		3548.16 time, 3550.01 real, 295 MB, 1.06 load
[runlim] sample:		3558.16 time, 3560.01 real, 295 MB, 1.05 load
[runlim] sample:		3568.15 time, 3570.01 real, 295 MB, 1.04 load
[runlim] sample:		3578.15 time, 3580.01 real, 295 MB, 1.03 load
[runlim] sample:		3588.14 time, 3590.01 real, 295 MB, 1.03 load
[runlim] sample:		3598.14 time, 3600.01 real, 295 MB, 1.10 load
[runlim] end:			Wed Aug 12 15:25:01 2026
[runlim] status:		out of time
[runlim] result:		2
[runlim] children:		1
[runlim] processes:		2
[runlim] real:			3601.06 seconds
[runlim] time:			3598.14 seconds
[runlim] space:			408 MB
[runlim] load:			1.32 maximum
[runlim] samples:		36000
