[runlim] version:		2.0.0rc12
[runlim] host:			ap-Precision-7550
[runlim] time limit:		311040000 seconds
[runlim] real time limit:	3600 seconds
[runlim] space limit:		14000 MB
[runlim] argv[0]:		python3
[runlim] argv[1]:		-u
[runlim] argv[2]:		main_ver2.py
[runlim] argv[3]:		Datasets/MPSFs/MPSF10.txt
[runlim] argv[4]:		--sm_mode
[runlim] argv[5]:		1d
[runlim] start:			Wed Aug 12 13:36:35 2026
[runlim] child:			17784
=== CONFIGURATION ===
File Path: Datasets/MPSFs/MPSF10.txt
Symmetry Breaking: False
Same Machine Mode (sm_mode): 1d
Transitive Order Precedence (All Ops): False
Full Transitive: False
=====================

Reading file: Datasets/MPSFs/MPSF10.txt
Finished reading file: Datasets/MPSFs/MPSF10.txt
=== GREEDY INITIAL SOLUTION ===
Scheduled Operations: 50/50
Makespan (UB): 716
-------------------------------------------------
[SAT Found] Makespan = 715
[VERIFY] VERIFY SUCCESS]
Total Execution Time so far: 1.81 seconds
-------------------------------------------------
[SAT Found] Makespan = 714
[VERIFY] VERIFY SUCCESS]
Total Execution Time so far: 2.15 seconds
-------------------------------------------------
[SAT Found] Makespan = 713
[VERIFY] VERIFY SUCCESS]
Total Execution Time so far: 2.27 seconds
-------------------------------------------------
[SAT Found] Makespan = 712
[VERIFY] VERIFY SUCCESS]
Total Execution Time so far: 2.33 seconds
-------------------------------------------------
[SAT Found] Makespan = 711
[VERIFY] VERIFY SUCCESS]
Total Execution Time so far: 2.38 seconds
-------------------------------------------------
[SAT Found] Makespan = 710
[VERIFY] VERIFY SUCCESS]
Total Execution Time so far: 2.42 seconds
-------------------------------------------------
[SAT Found] Makespan = 709
[VERIFY] VERIFY SUCCESS]
Total Execution Time so far: 2.47 seconds
-------------------------------------------------
[SAT Found] Makespan = 708
[VERIFY] VERIFY SUCCESS]
Total Execution Time so far: 2.52 seconds
-------------------------------------------------
[SAT Found] Makespan = 707
[VERIFY] VERIFY SUCCESS]
Total Execution Time so far: 2.58 seconds
-------------------------------------------------
[SAT Found] Makespan = 706
[VERIFY] VERIFY SUCCESS]
Total Execution Time so far: 2.63 seconds
-------------------------------------------------
[SAT Found] Makespan = 705
[VERIFY] VERIFY SUCCESS]
Total Execution Time so far: 2.68 seconds
-------------------------------------------------
[SAT Found] Makespan = 704
[VERIFY] VERIFY SUCCESS]
Total Execution Time so far: 2.73 seconds
-------------------------------------------------
[SAT Found] Makespan = 703
[VERIFY] VERIFY SUCCESS]
Total Execution Time so far: 2.78 seconds
-------------------------------------------------
[SAT Found] Makespan = 702
[VERIFY] VERIFY SUCCESS]
Total Execution Time so far: 2.88 seconds
-------------------------------------------------
[SAT Found] Makespan = 701
[VERIFY] VERIFY SUCCESS]
Total Execution Time so far: 2.94 seconds
-------------------------------------------------
[SAT Found] Makespan = 700
[VERIFY] VERIFY SUCCESS]
Total Execution Time so far: 2.99 seconds
-------------------------------------------------
[SAT Found] Makespan = 699
[VERIFY] VERIFY SUCCESS]
Total Execution Time so far: 3.04 seconds
-------------------------------------------------
[SAT Found] Makespan = 698
[VERIFY] VERIFY SUCCESS]
Total Execution Time so far: 3.09 seconds
-------------------------------------------------
[SAT Found] Makespan = 697
[VERIFY] VERIFY SUCCESS]
Total Execution Time so far: 3.23 seconds
-------------------------------------------------
[SAT Found] Makespan = 696
[VERIFY] VERIFY SUCCESS]
Total Execution Time so far: 3.32 seconds
-------------------------------------------------
[SAT Found] Makespan = 695
[VERIFY] VERIFY SUCCESS]
Total Execution Time so far: 3.37 seconds
-------------------------------------------------
[SAT Found] Makespan = 694
[VERIFY] VERIFY SUCCESS]
Total Execution Time so far: 3.43 seconds
-------------------------------------------------
[SAT Found] Makespan = 693
[VERIFY] VERIFY SUCCESS]
Total Execution Time so far: 3.48 seconds
-------------------------------------------------
[SAT Found] Makespan = 692
[VERIFY] VERIFY SUCCESS]
Total Execution Time so far: 3.53 seconds
-------------------------------------------------
[SAT Found] Makespan = 691
[VERIFY] VERIFY SUCCESS]
Total Execution Time so far: 3.58 seconds
-------------------------------------------------
[SAT Found] Makespan = 690
[VERIFY] VERIFY SUCCESS]
Total Execution Time so far: 3.64 seconds
-------------------------------------------------
[SAT Found] Makespan = 689
[VERIFY] VERIFY SUCCESS]
Total Execution Time so far: 3.69 seconds
-------------------------------------------------
[SAT Found] Makespan = 688
[VERIFY] VERIFY SUCCESS]
Total Execution Time so far: 3.74 seconds
-------------------------------------------------
[SAT Found] Makespan = 687
[VERIFY] VERIFY SUCCESS]
Total Execution Time so far: 3.79 seconds
-------------------------------------------------
[SAT Found] Makespan = 686
[VERIFY] VERIFY SUCCESS]
Total Execution Time so far: 3.85 seconds
-------------------------------------------------
[SAT Found] Makespan = 685
[VERIFY] VERIFY SUCCESS]
Total Execution Time so far: 3.90 seconds
-------------------------------------------------
[SAT Found] Makespan = 684
[VERIFY] VERIFY SUCCESS]
Total Execution Time so far: 3.95 seconds
-------------------------------------------------
[SAT Found] Makespan = 683
[VERIFY] VERIFY SUCCESS]
Total Execution Time so far: 4.00 seconds
-------------------------------------------------
[SAT Found] Makespan = 682
[VERIFY] VERIFY SUCCESS]
Total Execution Time so far: 4.05 seconds
-------------------------------------------------
[SAT Found] Makespan = 681
[VERIFY] VERIFY SUCCESS]
Total Execution Time so far: 4.11 seconds
-------------------------------------------------
[SAT Found] Makespan = 680
[VERIFY] VERIFY SUCCESS]
Total Execution Time so far: 4.16 seconds
-------------------------------------------------
[SAT Found] Makespan = 679
[VERIFY] VERIFY SUCCESS]
Total Execution Time so far: 4.21 seconds
-------------------------------------------------
[SAT Found] Makespan = 678
[VERIFY] VERIFY SUCCESS]
Total Execution Time so far: 4.26 seconds
-------------------------------------------------
[SAT Found] Makespan = 677
[VERIFY] VERIFY SUCCESS]
Total Execution Time so far: 4.31 seconds
-------------------------------------------------
[SAT Found] Makespan = 676
[VERIFY] VERIFY SUCCESS]
Total Execution Time so far: 4.37 seconds
-------------------------------------------------
[SAT Found] Makespan = 675
[VERIFY] VERIFY SUCCESS]
Total Execution Time so far: 4.42 seconds
-------------------------------------------------
[SAT Found] Makespan = 674
[VERIFY] VERIFY SUCCESS]
Total Execution Time so far: 4.52 seconds
-------------------------------------------------
[SAT Found] Makespan = 673
[VERIFY] VERIFY SUCCESS]
Total Execution Time so far: 4.57 seconds
-------------------------------------------------
[SAT Found] Makespan = 672
[VERIFY] VERIFY SUCCESS]
Total Execution Time so far: 4.63 seconds
-------------------------------------------------
[SAT Found] Makespan = 671
[VERIFY] VERIFY SUCCESS]
Total Execution Time so far: 4.68 seconds
-------------------------------------------------
[SAT Found] Makespan = 670
[VERIFY] VERIFY SUCCESS]
Total Execution Time so far: 4.73 seconds
-------------------------------------------------
[SAT Found] Makespan = 669
[VERIFY] VERIFY SUCCESS]
Total Execution Time so far: 4.78 seconds
-------------------------------------------------
[SAT Found] Makespan = 668
[VERIFY] VERIFY SUCCESS]
Total Execution Time so far: 4.83 seconds
-------------------------------------------------
[SAT Found] Makespan = 667
[VERIFY] VERIFY SUCCESS]
Total Execution Time so far: 4.89 seconds
-------------------------------------------------
[SAT Found] Makespan = 666
[VERIFY] VERIFY SUCCESS]
Total Execution Time so far: 4.94 seconds
-------------------------------------------------
[SAT Found] Makespan = 665
[VERIFY] VERIFY SUCCESS]
Total Execution Time so far: 5.45 seconds
-------------------------------------------------
[SAT Found] Makespan = 664
[VERIFY] VERIFY SUCCESS]
Total Execution Time so far: 5.54 seconds
-------------------------------------------------
[SAT Found] Makespan = 663
[VERIFY] VERIFY SUCCESS]
Total Execution Time so far: 5.59 seconds
-------------------------------------------------
[SAT Found] Makespan = 662
[VERIFY] VERIFY SUCCESS]
Total Execution Time so far: 5.64 seconds
-------------------------------------------------
[SAT Found] Makespan = 661
[VERIFY] VERIFY SUCCESS]
Total Execution Time so far: 5.69 seconds
-------------------------------------------------
[SAT Found] Makespan = 660
[VERIFY] VERIFY SUCCESS]
Total Execution Time so far: 5.75 seconds
-------------------------------------------------
[SAT Found] Makespan = 659
[VERIFY] VERIFY SUCCESS]
Total Execution Time so far: 5.80 seconds
-------------------------------------------------
[SAT Found] Makespan = 658
[VERIFY] VERIFY SUCCESS]
Total Execution Time so far: 5.85 seconds
-------------------------------------------------
[SAT Found] Makespan = 657
[VERIFY] VERIFY SUCCESS]
Total Execution Time so far: 5.90 seconds
-------------------------------------------------
[SAT Found] Makespan = 656
[VERIFY] VERIFY SUCCESS]
Total Execution Time so far: 5.96 seconds
-------------------------------------------------
[SAT Found] Makespan = 655
[VERIFY] VERIFY SUCCESS]
Total Execution Time so far: 6.01 seconds
-------------------------------------------------
[SAT Found] Makespan = 654
[VERIFY] VERIFY SUCCESS]
Total Execution Time so far: 6.06 seconds
-------------------------------------------------
[SAT Found] Makespan = 653
[VERIFY] VERIFY SUCCESS]
Total Execution Time so far: 6.11 seconds
-------------------------------------------------
[SAT Found] Makespan = 652
[VERIFY] VERIFY SUCCESS]
Total Execution Time so far: 6.77 seconds
-------------------------------------------------
[SAT Found] Makespan = 646
[VERIFY] VERIFY SUCCESS]
Total Execution Time so far: 7.38 seconds
-------------------------------------------------
[SAT Found] Makespan = 645
[VERIFY] VERIFY SUCCESS]
Total Execution Time so far: 7.78 seconds
-------------------------------------------------
[SAT Found] Makespan = 644
[VERIFY] VERIFY SUCCESS]
Total Execution Time so far: 7.85 seconds
-------------------------------------------------
[runlim] sample:		9.99 time, 10.01 real, 333 MB, 1.03 load
[SAT Found] Makespan = 643
[VERIFY] VERIFY SUCCESS]
Total Execution Time so far: 12.33 seconds
-------------------------------------------------
[SAT Found] Makespan = 642
[VERIFY] VERIFY SUCCESS]
Total Execution Time so far: 13.08 seconds
-------------------------------------------------
[SAT Found] Makespan = 634
[VERIFY] VERIFY SUCCESS]
Total Execution Time so far: 13.19 seconds
-------------------------------------------------
[SAT Found] Makespan = 633
[VERIFY] VERIFY SUCCESS]
Total Execution Time so far: 13.26 seconds
-------------------------------------------------
[SAT Found] Makespan = 632
[VERIFY] VERIFY SUCCESS]
Total Execution Time so far: 13.33 seconds
-------------------------------------------------
[SAT Found] Makespan = 631
[VERIFY] VERIFY SUCCESS]
Total Execution Time so far: 14.30 seconds
-------------------------------------------------
[SAT Found] Makespan = 630
[VERIFY] VERIFY SUCCESS]
Total Execution Time so far: 14.40 seconds
-------------------------------------------------
[SAT Found] Makespan = 629
[VERIFY] VERIFY SUCCESS]
Total Execution Time so far: 14.48 seconds
-------------------------------------------------
[SAT Found] Makespan = 628
[VERIFY] VERIFY SUCCESS]
Total Execution Time so far: 14.54 seconds
-------------------------------------------------
[SAT Found] Makespan = 627
[VERIFY] VERIFY SUCCESS]
Total Execution Time so far: 14.61 seconds
-------------------------------------------------
[SAT Found] Makespan = 617
[VERIFY] VERIFY SUCCESS]
Total Execution Time so far: 14.68 seconds
-------------------------------------------------
[SAT Found] Makespan = 616
[VERIFY] VERIFY SUCCESS]
Total Execution Time so far: 15.21 seconds
-------------------------------------------------
[SAT Found] Makespan = 615
[VERIFY] VERIFY SUCCESS]
Total Execution Time so far: 15.81 seconds
-------------------------------------------------
[SAT Found] Makespan = 614
[VERIFY] VERIFY SUCCESS]
Total Execution Time so far: 16.26 seconds
-------------------------------------------------
[SAT Found] Makespan = 613
[VERIFY] VERIFY SUCCESS]
Total Execution Time so far: 16.78 seconds
-------------------------------------------------
[SAT Found] Makespan = 612
[VERIFY] VERIFY SUCCESS]
Total Execution Time so far: 17.40 seconds
-------------------------------------------------
[SAT Found] Makespan = 611
[VERIFY] VERIFY SUCCESS]
Total Execution Time so far: 17.94 seconds
-------------------------------------------------
[SAT Found] Makespan = 610
[VERIFY] VERIFY SUCCESS]
Total Execution Time so far: 18.45 seconds
-------------------------------------------------
[SAT Found] Makespan = 609
[VERIFY] VERIFY SUCCESS]
Total Execution Time so far: 19.01 seconds
-------------------------------------------------
[runlim] sample:		19.99 time, 20.01 real, 286 MB, 1.03 load
[SAT Found] Makespan = 608
[VERIFY] VERIFY SUCCESS]
Total Execution Time so far: 21.38 seconds
-------------------------------------------------
[SAT Found] Makespan = 607
[VERIFY] VERIFY SUCCESS]
Total Execution Time so far: 22.04 seconds
-------------------------------------------------
[SAT Found] Makespan = 606
[VERIFY] VERIFY SUCCESS]
Total Execution Time so far: 22.48 seconds
-------------------------------------------------
[SAT Found] Makespan = 605
[VERIFY] VERIFY SUCCESS]
Total Execution Time so far: 22.58 seconds
-------------------------------------------------
[SAT Found] Makespan = 604
[VERIFY] VERIFY SUCCESS]
Total Execution Time so far: 22.66 seconds
-------------------------------------------------
[SAT Found] Makespan = 603
[VERIFY] VERIFY SUCCESS]
Total Execution Time so far: 23.22 seconds
-------------------------------------------------
[SAT Found] Makespan = 602
[VERIFY] VERIFY SUCCESS]
Total Execution Time so far: 23.65 seconds
-------------------------------------------------
[SAT Found] Makespan = 601
[VERIFY] VERIFY SUCCESS]
Total Execution Time so far: 24.22 seconds
-------------------------------------------------
[SAT Found] Makespan = 600
[VERIFY] VERIFY SUCCESS]
Total Execution Time so far: 24.49 seconds
-------------------------------------------------
[SAT Found] Makespan = 599
[VERIFY] VERIFY SUCCESS]
Total Execution Time so far: 24.57 seconds
-------------------------------------------------
[SAT Found] Makespan = 598
[VERIFY] VERIFY SUCCESS]
Total Execution Time so far: 24.64 seconds
-------------------------------------------------
[SAT Found] Makespan = 597
[VERIFY] VERIFY SUCCESS]
Total Execution Time so far: 25.23 seconds
-------------------------------------------------
[SAT Found] Makespan = 596
[VERIFY] VERIFY SUCCESS]
Total Execution Time so far: 25.68 seconds
-------------------------------------------------
[SAT Found] Makespan = 595
[VERIFY] VERIFY SUCCESS]
Total Execution Time so far: 26.13 seconds
-------------------------------------------------
[SAT Found] Makespan = 594
[VERIFY] VERIFY SUCCESS]
Total Execution Time so far: 26.77 seconds
-------------------------------------------------
[SAT Found] Makespan = 593
[VERIFY] VERIFY SUCCESS]
Total Execution Time so far: 29.29 seconds
-------------------------------------------------
[runlim] sample:		29.98 time, 30.01 real, 326 MB, 1.02 load
[SAT Found] Makespan = 592
[VERIFY] VERIFY SUCCESS]
Total Execution Time so far: 33.35 seconds
-------------------------------------------------
[SAT Found] Makespan = 591
[VERIFY] VERIFY SUCCESS]
Total Execution Time so far: 34.19 seconds
-------------------------------------------------
[SAT Found] Makespan = 590
[VERIFY] VERIFY SUCCESS]
Total Execution Time so far: 34.67 seconds
-------------------------------------------------
[SAT Found] Makespan = 589
[VERIFY] VERIFY SUCCESS]
Total Execution Time so far: 35.17 seconds
-------------------------------------------------
[SAT Found] Makespan = 588
[VERIFY] VERIFY SUCCESS]
Total Execution Time so far: 37.50 seconds
-------------------------------------------------
[SAT Found] Makespan = 587
[VERIFY] VERIFY SUCCESS]
Total Execution Time so far: 38.05 seconds
-------------------------------------------------
[SAT Found] Makespan = 586
[VERIFY] VERIFY SUCCESS]
Total Execution Time so far: 38.53 seconds
-------------------------------------------------
[runlim] sample:		39.97 time, 40.01 real, 325 MB, 1.02 load
[SAT Found] Makespan = 585
[VERIFY] VERIFY SUCCESS]
Total Execution Time so far: 40.31 seconds
-------------------------------------------------
[SAT Found] Makespan = 584
[VERIFY] VERIFY SUCCESS]
Total Execution Time so far: 42.59 seconds
-------------------------------------------------
[SAT Found] Makespan = 583
[VERIFY] VERIFY SUCCESS]
Total Execution Time so far: 47.25 seconds
-------------------------------------------------
[SAT Found] Makespan = 582
[VERIFY] VERIFY SUCCESS]
Total Execution Time so far: 49.45 seconds
-------------------------------------------------
[runlim] sample:		49.97 time, 50.01 real, 280 MB, 1.02 load
[SAT Found] Makespan = 581
[VERIFY] VERIFY SUCCESS]
Total Execution Time so far: 58.18 seconds
-------------------------------------------------
[runlim] sample:		59.96 time, 60.01 real, 311 MB, 1.01 load
[SAT Found] Makespan = 580
[VERIFY] VERIFY SUCCESS]
Total Execution Time so far: 60.70 seconds
-------------------------------------------------
[SAT Found] Makespan = 579
[VERIFY] VERIFY SUCCESS]
Total Execution Time so far: 63.02 seconds
-------------------------------------------------
[SAT Found] Makespan = 578
[VERIFY] VERIFY SUCCESS]
Total Execution Time so far: 65.79 seconds
-------------------------------------------------
[SAT Found] Makespan = 577
[VERIFY] VERIFY SUCCESS]
Total Execution Time so far: 68.02 seconds
-------------------------------------------------
[runlim] sample:		69.96 time, 70.01 real, 296 MB, 1.01 load
[SAT Found] Makespan = 576
[VERIFY] VERIFY SUCCESS]
Total Execution Time so far: 70.71 seconds
-------------------------------------------------
[SAT Found] Makespan = 575
[VERIFY] VERIFY SUCCESS]
Total Execution Time so far: 73.39 seconds
-------------------------------------------------
[SAT Found] Makespan = 574
[VERIFY] VERIFY SUCCESS]
Total Execution Time so far: 78.50 seconds
-------------------------------------------------
[runlim] sample:		79.96 time, 80.01 real, 288 MB, 1.01 load
[runlim] sample:		89.95 time, 90.01 real, 298 MB, 1.01 load
[runlim] sample:		99.95 time, 100.01 real, 321 MB, 1.01 load
[runlim] sample:		109.94 time, 110.01 real, 319 MB, 1.00 load
[runlim] sample:		119.94 time, 120.01 real, 323 MB, 1.00 load
[SAT Found] Makespan = 573
[VERIFY] VERIFY SUCCESS]
Total Execution Time so far: 123.13 seconds
-------------------------------------------------
[runlim] sample:		129.93 time, 130.01 real, 282 MB, 1.00 load
[runlim] sample:		139.92 time, 140.01 real, 318 MB, 1.00 load
[runlim] sample:		149.92 time, 150.01 real, 313 MB, 1.00 load
[runlim] sample:		159.91 time, 160.01 real, 313 MB, 1.00 load
[runlim] sample:		169.91 time, 170.01 real, 319 MB, 1.00 load
[SAT Found] Makespan = 572
[VERIFY] VERIFY SUCCESS]
Total Execution Time so far: 170.72 seconds
-------------------------------------------------
[runlim] sample:		179.91 time, 180.01 real, 376 MB, 1.00 load
[runlim] sample:		189.90 time, 190.01 real, 327 MB, 1.00 load
[runlim] sample:		199.90 time, 200.01 real, 322 MB, 1.00 load
[runlim] sample:		209.89 time, 210.01 real, 322 MB, 1.00 load
[runlim] sample:		219.89 time, 220.01 real, 329 MB, 1.07 load
[runlim] sample:		229.88 time, 230.01 real, 329 MB, 1.06 load
[runlim] sample:		239.88 time, 240.01 real, 329 MB, 1.29 load
[runlim] sample:		249.87 time, 250.01 real, 326 MB, 1.24 load
[runlim] sample:		259.87 time, 260.01 real, 323 MB, 1.20 load
[runlim] sample:		269.87 time, 270.01 real, 323 MB, 1.17 load
[runlim] sample:		279.86 time, 280.01 real, 323 MB, 1.15 load
[runlim] sample:		289.86 time, 290.01 real, 324 MB, 1.20 load
[runlim] sample:		299.85 time, 300.01 real, 324 MB, 1.17 load
[runlim] sample:		309.85 time, 310.01 real, 324 MB, 1.14 load
[runlim] sample:		319.84 time, 320.01 real, 324 MB, 1.12 load
[runlim] sample:		329.84 time, 330.01 real, 325 MB, 1.10 load
[runlim] sample:		339.83 time, 340.01 real, 333 MB, 1.08 load
[runlim] sample:		349.83 time, 350.01 real, 332 MB, 1.23 load
[SAT Found] Makespan = 571
[VERIFY] VERIFY SUCCESS]
Total Execution Time so far: 353.47 seconds
-------------------------------------------------
[runlim] sample:		359.82 time, 360.01 real, 334 MB, 1.20 load
[runlim] sample:		369.83 time, 370.01 real, 332 MB, 1.17 load
[runlim] sample:		379.82 time, 380.01 real, 333 MB, 1.14 load
[runlim] sample:		389.81 time, 390.01 real, 329 MB, 1.12 load
[runlim] sample:		399.81 time, 400.01 real, 334 MB, 1.10 load
[runlim] sample:		409.80 time, 410.01 real, 338 MB, 1.08 load
[runlim] sample:		419.80 time, 420.01 real, 339 MB, 1.07 load
[runlim] sample:		429.79 time, 430.01 real, 339 MB, 1.06 load
[runlim] sample:		439.78 time, 440.01 real, 336 MB, 1.05 load
[runlim] sample:		449.79 time, 450.01 real, 330 MB, 1.04 load
[runlim] sample:		459.78 time, 460.01 real, 330 MB, 1.03 load
[runlim] sample:		469.78 time, 470.01 real, 330 MB, 1.03 load
[runlim] sample:		479.77 time, 480.01 real, 331 MB, 1.02 load
[runlim] sample:		489.77 time, 490.01 real, 331 MB, 1.02 load
[runlim] sample:		499.76 time, 500.01 real, 331 MB, 1.02 load
[runlim] sample:		509.76 time, 510.01 real, 331 MB, 1.01 load
[runlim] sample:		519.76 time, 520.01 real, 331 MB, 1.01 load
[runlim] sample:		529.75 time, 530.01 real, 341 MB, 1.01 load
[runlim] sample:		539.74 time, 540.01 real, 341 MB, 1.01 load
[SAT Found] Makespan = 570
[VERIFY] VERIFY SUCCESS]
Total Execution Time so far: 543.21 seconds
-------------------------------------------------
[runlim] sample:		549.74 time, 550.01 real, 301 MB, 1.01 load
[runlim] sample:		559.74 time, 560.01 real, 304 MB, 1.00 load
[runlim] sample:		569.73 time, 570.01 real, 304 MB, 1.00 load
[runlim] sample:		579.72 time, 580.01 real, 300 MB, 1.00 load
[runlim] sample:		589.72 time, 590.01 real, 329 MB, 1.00 load
[runlim] sample:		599.71 time, 600.01 real, 337 MB, 1.00 load
[runlim] sample:		609.71 time, 610.01 real, 339 MB, 1.00 load
[runlim] sample:		619.71 time, 620.01 real, 339 MB, 1.00 load
[runlim] sample:		629.70 time, 630.01 real, 328 MB, 1.00 load
[runlim] sample:		639.70 time, 640.01 real, 328 MB, 1.00 load
[runlim] sample:		649.70 time, 650.01 real, 327 MB, 1.00 load
[runlim] sample:		659.69 time, 660.01 real, 327 MB, 1.00 load
[runlim] sample:		669.69 time, 670.01 real, 327 MB, 1.00 load
[runlim] sample:		679.69 time, 680.01 real, 327 MB, 1.00 load
[runlim] sample:		689.68 time, 690.01 real, 328 MB, 1.00 load
[runlim] sample:		699.67 time, 700.01 real, 328 MB, 1.00 load
[runlim] sample:		709.67 time, 710.01 real, 328 MB, 1.00 load
[runlim] sample:		719.66 time, 720.01 real, 342 MB, 1.00 load
[runlim] sample:		729.66 time, 730.01 real, 342 MB, 1.00 load
[runlim] sample:		739.66 time, 740.01 real, 342 MB, 1.15 load
[runlim] sample:		749.65 time, 750.01 real, 342 MB, 1.13 load
[runlim] sample:		759.65 time, 760.01 real, 341 MB, 1.11 load
[runlim] sample:		769.64 time, 770.01 real, 341 MB, 1.09 load
[runlim] sample:		779.64 time, 780.01 real, 349 MB, 1.08 load
[runlim] sample:		789.63 time, 790.01 real, 349 MB, 1.14 load
[runlim] sample:		799.62 time, 800.01 real, 349 MB, 1.12 load
[runlim] sample:		809.62 time, 810.01 real, 349 MB, 1.17 load
[runlim] sample:		819.61 time, 820.01 real, 341 MB, 1.15 load
[runlim] sample:		829.61 time, 830.01 real, 342 MB, 1.20 load
[runlim] sample:		839.61 time, 840.01 real, 346 MB, 1.17 load
[runlim] sample:		849.61 time, 850.01 real, 346 MB, 1.21 load
[runlim] sample:		859.59 time, 860.01 real, 336 MB, 1.18 load
[runlim] sample:		869.60 time, 870.01 real, 336 MB, 1.15 load
[runlim] sample:		879.59 time, 880.01 real, 336 MB, 1.13 load
[runlim] sample:		889.58 time, 890.01 real, 331 MB, 1.11 load
[runlim] sample:		899.58 time, 900.01 real, 331 MB, 1.09 load
[runlim] sample:		909.57 time, 910.01 real, 331 MB, 1.08 load
[runlim] sample:		919.56 time, 920.01 real, 331 MB, 1.06 load
[runlim] sample:		929.56 time, 930.01 real, 332 MB, 1.05 load
[runlim] sample:		939.56 time, 940.01 real, 332 MB, 1.05 load
[runlim] sample:		949.55 time, 950.01 real, 332 MB, 1.04 load
[runlim] sample:		959.55 time, 960.01 real, 334 MB, 1.03 load
[runlim] sample:		969.55 time, 970.01 real, 334 MB, 1.03 load
[runlim] sample:		979.54 time, 980.01 real, 334 MB, 1.02 load
[runlim] sample:		989.54 time, 990.01 real, 334 MB, 1.02 load
[runlim] sample:		999.53 time, 1000.01 real, 334 MB, 1.02 load
[runlim] sample:		1009.53 time, 1010.01 real, 335 MB, 1.01 load
[runlim] sample:		1019.52 time, 1020.01 real, 335 MB, 1.01 load
[runlim] sample:		1029.52 time, 1030.01 real, 335 MB, 1.01 load
[runlim] sample:		1039.51 time, 1040.01 real, 335 MB, 1.01 load
[runlim] sample:		1049.51 time, 1050.01 real, 335 MB, 1.00 load
[runlim] sample:		1059.51 time, 1060.01 real, 335 MB, 1.00 load
[runlim] sample:		1069.51 time, 1070.01 real, 335 MB, 1.00 load
[runlim] sample:		1079.50 time, 1080.01 real, 335 MB, 1.00 load
[runlim] sample:		1089.50 time, 1090.01 real, 336 MB, 1.00 load
[runlim] sample:		1099.50 time, 1100.01 real, 336 MB, 1.00 load
[runlim] sample:		1109.49 time, 1110.01 real, 336 MB, 1.00 load
[runlim] sample:		1119.48 time, 1120.01 real, 336 MB, 1.00 load
[runlim] sample:		1129.48 time, 1130.01 real, 336 MB, 1.00 load
[runlim] sample:		1139.48 time, 1140.01 real, 336 MB, 1.00 load
[runlim] sample:		1149.48 time, 1150.01 real, 336 MB, 1.00 load
[runlim] sample:		1159.48 time, 1160.01 real, 336 MB, 1.00 load
[runlim] sample:		1169.47 time, 1170.01 real, 337 MB, 1.00 load
[runlim] sample:		1179.46 time, 1180.01 real, 337 MB, 1.00 load
[runlim] sample:		1189.46 time, 1190.01 real, 337 MB, 1.00 load
[runlim] sample:		1199.46 time, 1200.01 real, 337 MB, 1.00 load
[runlim] sample:		1209.45 time, 1210.01 real, 337 MB, 1.00 load
[runlim] sample:		1219.45 time, 1220.01 real, 337 MB, 1.00 load
[runlim] sample:		1229.44 time, 1230.01 real, 338 MB, 1.00 load
[runlim] sample:		1239.44 time, 1240.01 real, 338 MB, 1.15 load
[runlim] sample:		1249.43 time, 1250.01 real, 397 MB, 1.13 load
[runlim] sample:		1259.43 time, 1260.01 real, 338 MB, 1.11 load
[runlim] sample:		1269.43 time, 1270.01 real, 338 MB, 1.09 load
[runlim] sample:		1279.42 time, 1280.01 real, 345 MB, 1.08 load
[runlim] sample:		1289.42 time, 1290.01 real, 349 MB, 1.06 load
[runlim] sample:		1299.41 time, 1300.01 real, 349 MB, 1.05 load
[runlim] sample:		1309.41 time, 1310.01 real, 358 MB, 1.05 load
[runlim] sample:		1319.41 time, 1320.01 real, 358 MB, 1.04 load
[runlim] sample:		1329.40 time, 1330.01 real, 365 MB, 1.03 load
[runlim] sample:		1339.40 time, 1340.01 real, 365 MB, 1.03 load
[runlim] sample:		1349.39 time, 1350.01 real, 373 MB, 1.02 load
[runlim] sample:		1359.39 time, 1360.01 real, 373 MB, 1.02 load
[runlim] sample:		1369.38 time, 1370.01 real, 365 MB, 1.02 load
[runlim] sample:		1379.38 time, 1380.01 real, 365 MB, 1.01 load
[runlim] sample:		1389.37 time, 1390.01 real, 365 MB, 1.01 load
[runlim] sample:		1399.37 time, 1400.01 real, 361 MB, 1.01 load
[runlim] sample:		1409.37 time, 1410.01 real, 361 MB, 1.01 load
[runlim] sample:		1419.36 time, 1420.01 real, 356 MB, 1.00 load
[runlim] sample:		1429.36 time, 1430.01 real, 356 MB, 1.00 load
[runlim] sample:		1439.35 time, 1440.01 real, 361 MB, 1.00 load
[runlim] sample:		1449.35 time, 1450.01 real, 361 MB, 1.00 load
[runlim] sample:		1459.35 time, 1460.01 real, 361 MB, 1.00 load
[runlim] sample:		1469.35 time, 1470.01 real, 361 MB, 1.00 load
[runlim] sample:		1479.34 time, 1480.01 real, 361 MB, 1.00 load
[runlim] sample:		1489.34 time, 1490.01 real, 359 MB, 1.00 load
[runlim] sample:		1499.33 time, 1500.01 real, 359 MB, 1.00 load
[runlim] sample:		1509.33 time, 1510.01 real, 367 MB, 1.00 load
[runlim] sample:		1519.32 time, 1520.01 real, 367 MB, 1.07 load
[runlim] sample:		1529.32 time, 1530.01 real, 365 MB, 1.06 load
[runlim] sample:		1539.32 time, 1540.01 real, 365 MB, 1.05 load
[runlim] sample:		1549.31 time, 1550.01 real, 365 MB, 1.04 load
[runlim] sample:		1559.31 time, 1560.01 real, 363 MB, 1.04 load
[runlim] sample:		1569.30 time, 1570.01 real, 364 MB, 1.03 load
[runlim] sample:		1579.29 time, 1580.01 real, 364 MB, 1.02 load
[runlim] sample:		1589.30 time, 1590.01 real, 369 MB, 1.02 load
[runlim] sample:		1599.29 time, 1600.01 real, 369 MB, 1.02 load
[runlim] sample:		1609.29 time, 1610.01 real, 361 MB, 1.01 load
[runlim] sample:		1619.28 time, 1620.01 real, 361 MB, 1.01 load
[runlim] sample:		1629.27 time, 1630.01 real, 354 MB, 1.01 load
[runlim] sample:		1639.26 time, 1640.01 real, 354 MB, 1.01 load
[runlim] sample:		1649.26 time, 1650.01 real, 378 MB, 1.01 load
[runlim] sample:		1659.26 time, 1660.01 real, 378 MB, 1.00 load
[runlim] sample:		1669.25 time, 1670.01 real, 379 MB, 1.00 load
[runlim] sample:		1679.25 time, 1680.01 real, 374 MB, 1.00 load
[runlim] sample:		1689.24 time, 1690.01 real, 374 MB, 1.00 load
[runlim] sample:		1699.23 time, 1700.01 real, 374 MB, 1.00 load
[runlim] sample:		1709.23 time, 1710.01 real, 385 MB, 1.00 load
[runlim] sample:		1719.22 time, 1720.01 real, 385 MB, 1.00 load
[runlim] sample:		1729.21 time, 1730.01 real, 382 MB, 1.00 load
[runlim] sample:		1739.21 time, 1740.01 real, 382 MB, 1.15 load
[runlim] sample:		1749.20 time, 1750.01 real, 382 MB, 1.13 load
[runlim] sample:		1759.19 time, 1760.01 real, 381 MB, 1.11 load
[runlim] sample:		1769.19 time, 1770.01 real, 381 MB, 1.09 load
[runlim] sample:		1779.19 time, 1780.01 real, 381 MB, 1.08 load
[runlim] sample:		1789.18 time, 1790.01 real, 369 MB, 1.06 load
[runlim] sample:		1799.17 time, 1800.01 real, 369 MB, 1.05 load
[runlim] sample:		1809.16 time, 1810.01 real, 369 MB, 1.05 load
[runlim] sample:		1819.17 time, 1820.01 real, 374 MB, 1.04 load
[runlim] sample:		1829.16 time, 1830.01 real, 374 MB, 1.03 load
[runlim] sample:		1839.15 time, 1840.01 real, 374 MB, 1.03 load
[runlim] sample:		1849.14 time, 1850.01 real, 365 MB, 1.02 load
[runlim] sample:		1859.14 time, 1860.01 real, 365 MB, 1.02 load
[runlim] sample:		1869.14 time, 1870.01 real, 370 MB, 1.02 load
[runlim] sample:		1879.13 time, 1880.01 real, 370 MB, 1.01 load
[runlim] sample:		1889.13 time, 1890.01 real, 370 MB, 1.01 load
[runlim] sample:		1899.11 time, 1900.01 real, 368 MB, 1.01 load
[runlim] sample:		1909.11 time, 1910.01 real, 368 MB, 1.01 load
[runlim] sample:		1919.11 time, 1920.01 real, 368 MB, 1.00 load
[runlim] sample:		1929.10 time, 1930.01 real, 351 MB, 1.00 load
[runlim] sample:		1939.10 time, 1940.01 real, 351 MB, 1.00 load
[runlim] sample:		1949.09 time, 1950.01 real, 351 MB, 1.00 load
[runlim] sample:		1959.09 time, 1960.01 real, 351 MB, 1.00 load
[runlim] sample:		1969.08 time, 1970.01 real, 346 MB, 1.00 load
[runlim] sample:		1979.08 time, 1980.01 real, 346 MB, 1.00 load
[runlim] sample:		1989.07 time, 1990.01 real, 346 MB, 1.08 load
[runlim] sample:		1999.07 time, 2000.01 real, 346 MB, 1.07 load
[runlim] sample:		2009.06 time, 2010.01 real, 346 MB, 1.06 load
[runlim] sample:		2019.06 time, 2020.01 real, 346 MB, 1.05 load
[runlim] sample:		2029.05 time, 2030.01 real, 346 MB, 1.04 load
[runlim] sample:		2039.05 time, 2040.01 real, 346 MB, 1.03 load
[runlim] sample:		2049.03 time, 2050.01 real, 347 MB, 1.03 load
[runlim] sample:		2059.03 time, 2060.01 real, 349 MB, 1.02 load
[runlim] sample:		2069.02 time, 2070.01 real, 349 MB, 1.02 load
[runlim] sample:		2079.02 time, 2080.01 real, 349 MB, 1.02 load
[runlim] sample:		2089.01 time, 2090.01 real, 349 MB, 1.01 load
[runlim] sample:		2099.01 time, 2100.01 real, 349 MB, 1.01 load
[runlim] sample:		2109.00 time, 2110.01 real, 349 MB, 1.01 load
[runlim] sample:		2119.00 time, 2120.01 real, 349 MB, 1.01 load
[runlim] sample:		2129.00 time, 2130.01 real, 350 MB, 1.00 load
[runlim] sample:		2138.99 time, 2140.01 real, 350 MB, 1.00 load
[runlim] sample:		2148.98 time, 2150.01 real, 350 MB, 1.00 load
[runlim] sample:		2158.98 time, 2160.01 real, 350 MB, 1.00 load
[runlim] sample:		2168.97 time, 2170.01 real, 350 MB, 1.00 load
[runlim] sample:		2178.96 time, 2180.01 real, 351 MB, 1.00 load
[runlim] sample:		2188.95 time, 2190.01 real, 351 MB, 1.00 load
[runlim] sample:		2198.95 time, 2200.01 real, 351 MB, 1.00 load
[runlim] sample:		2208.94 time, 2210.01 real, 351 MB, 1.00 load
[runlim] sample:		2218.93 time, 2220.01 real, 351 MB, 1.00 load
[runlim] sample:		2228.93 time, 2230.01 real, 351 MB, 1.00 load
[runlim] sample:		2238.92 time, 2240.01 real, 352 MB, 1.15 load
[runlim] sample:		2248.92 time, 2250.01 real, 352 MB, 1.13 load
[runlim] sample:		2258.91 time, 2260.01 real, 352 MB, 1.11 load
[runlim] sample:		2268.91 time, 2270.01 real, 352 MB, 1.09 load
[runlim] sample:		2278.90 time, 2280.01 real, 352 MB, 1.08 load
[runlim] sample:		2288.89 time, 2290.01 real, 352 MB, 1.06 load
[runlim] sample:		2298.89 time, 2300.01 real, 352 MB, 1.05 load
[runlim] sample:		2308.89 time, 2310.01 real, 353 MB, 1.13 load
[runlim] sample:		2318.88 time, 2320.01 real, 353 MB, 1.11 load
[runlim] sample:		2328.88 time, 2330.01 real, 353 MB, 1.09 load
[runlim] sample:		2338.87 time, 2340.01 real, 353 MB, 1.08 load
[runlim] sample:		2348.86 time, 2350.01 real, 353 MB, 1.06 load
[runlim] sample:		2358.86 time, 2360.01 real, 353 MB, 1.05 load
[runlim] sample:		2368.85 time, 2370.01 real, 353 MB, 1.04 load
[runlim] sample:		2378.85 time, 2380.01 real, 353 MB, 1.04 load
[runlim] sample:		2388.84 time, 2390.01 real, 353 MB, 1.03 load
[runlim] sample:		2398.83 time, 2400.01 real, 354 MB, 1.03 load
[runlim] sample:		2408.82 time, 2410.01 real, 354 MB, 1.02 load
[runlim] sample:		2418.82 time, 2420.01 real, 354 MB, 1.02 load
[runlim] sample:		2428.82 time, 2430.01 real, 354 MB, 1.01 load
[runlim] sample:		2438.81 time, 2440.01 real, 354 MB, 1.01 load
[runlim] sample:		2448.80 time, 2450.01 real, 354 MB, 1.01 load
[runlim] sample:		2458.80 time, 2460.01 real, 354 MB, 1.01 load
[runlim] sample:		2468.79 time, 2470.01 real, 354 MB, 1.15 load
[runlim] sample:		2478.79 time, 2480.01 real, 354 MB, 1.13 load
[runlim] sample:		2488.79 time, 2490.01 real, 354 MB, 1.11 load
[runlim] sample:		2498.78 time, 2500.01 real, 354 MB, 1.09 load
[runlim] sample:		2508.77 time, 2510.01 real, 354 MB, 1.08 load
[runlim] sample:		2518.77 time, 2520.01 real, 354 MB, 1.06 load
[runlim] sample:		2528.76 time, 2530.01 real, 355 MB, 1.05 load
[runlim] sample:		2538.76 time, 2540.01 real, 355 MB, 1.13 load
[runlim] sample:		2548.75 time, 2550.01 real, 355 MB, 1.11 load
[runlim] sample:		2558.75 time, 2560.01 real, 355 MB, 1.09 load
[runlim] sample:		2568.74 time, 2570.01 real, 355 MB, 1.08 load
[runlim] sample:		2578.74 time, 2580.01 real, 355 MB, 1.06 load
[runlim] sample:		2588.73 time, 2590.01 real, 355 MB, 1.05 load
[runlim] sample:		2598.73 time, 2600.01 real, 355 MB, 1.04 load
