[runlim] version:		2.0.0rc12
[runlim] host:			ap-Precision-7550
[runlim] time limit:		311040000 seconds
[runlim] real time limit:	3600 seconds
[runlim] space limit:		14000 MB
[runlim] argv[0]:		python3
[runlim] argv[1]:		-u
[runlim] argv[2]:		main_ver2.py
[runlim] argv[3]:		Datasets/MPSFs/MPSF09.txt
[runlim] argv[4]:		--sm_mode
[runlim] argv[5]:		1d
[runlim] start:			Wed Aug 12 12:36:34 2026
[runlim] child:			17668
=== CONFIGURATION ===
File Path: Datasets/MPSFs/MPSF09.txt
Symmetry Breaking: False
Same Machine Mode (sm_mode): 1d
Transitive Order Precedence (All Ops): False
Full Transitive: False
=====================

Reading file: Datasets/MPSFs/MPSF09.txt
Finished reading file: Datasets/MPSFs/MPSF09.txt
=== GREEDY INITIAL SOLUTION ===
Scheduled Operations: 45/45
Makespan (UB): 345
-------------------------------------------------
[SAT Found] Makespan = 344
[VERIFY] VERIFY SUCCESS]
Total Execution Time so far: 1.04 seconds
-------------------------------------------------
[SAT Found] Makespan = 343
[VERIFY] VERIFY SUCCESS]
Total Execution Time so far: 1.22 seconds
-------------------------------------------------
[SAT Found] Makespan = 342
[VERIFY] VERIFY SUCCESS]
Total Execution Time so far: 1.23 seconds
-------------------------------------------------
[SAT Found] Makespan = 341
[VERIFY] VERIFY SUCCESS]
Total Execution Time so far: 1.25 seconds
-------------------------------------------------
[SAT Found] Makespan = 340
[VERIFY] VERIFY SUCCESS]
Total Execution Time so far: 1.26 seconds
-------------------------------------------------
[SAT Found] Makespan = 339
[VERIFY] VERIFY SUCCESS]
Total Execution Time so far: 1.27 seconds
-------------------------------------------------
[SAT Found] Makespan = 338
[VERIFY] VERIFY SUCCESS]
Total Execution Time so far: 1.37 seconds
-------------------------------------------------
[SAT Found] Makespan = 337
[VERIFY] VERIFY SUCCESS]
Total Execution Time so far: 1.77 seconds
-------------------------------------------------
[SAT Found] Makespan = 336
[VERIFY] VERIFY SUCCESS]
Total Execution Time so far: 1.93 seconds
-------------------------------------------------
[SAT Found] Makespan = 335
[VERIFY] VERIFY SUCCESS]
Total Execution Time so far: 2.11 seconds
-------------------------------------------------
[SAT Found] Makespan = 334
[VERIFY] VERIFY SUCCESS]
Total Execution Time so far: 4.93 seconds
-------------------------------------------------
[SAT Found] Makespan = 333
[VERIFY] VERIFY SUCCESS]
Total Execution Time so far: 5.02 seconds
-------------------------------------------------
[SAT Found] Makespan = 332
[VERIFY] VERIFY SUCCESS]
Total Execution Time so far: 5.04 seconds
-------------------------------------------------
[SAT Found] Makespan = 331
[VERIFY] VERIFY SUCCESS]
Total Execution Time so far: 5.05 seconds
-------------------------------------------------
[SAT Found] Makespan = 330
[VERIFY] VERIFY SUCCESS]
Total Execution Time so far: 5.07 seconds
-------------------------------------------------
[SAT Found] Makespan = 329
[VERIFY] VERIFY SUCCESS]
Total Execution Time so far: 5.08 seconds
-------------------------------------------------
[SAT Found] Makespan = 328
[VERIFY] VERIFY SUCCESS]
Total Execution Time so far: 5.09 seconds
-------------------------------------------------
[SAT Found] Makespan = 327
[VERIFY] VERIFY SUCCESS]
Total Execution Time so far: 5.11 seconds
-------------------------------------------------
[runlim] sample:		10.00 time, 10.01 real, 202 MB, 0.98 load
[SAT Found] Makespan = 326
[VERIFY] VERIFY SUCCESS]
Total Execution Time so far: 10.53 seconds
-------------------------------------------------
[SAT Found] Makespan = 325
[VERIFY] VERIFY SUCCESS]
Total Execution Time so far: 10.59 seconds
-------------------------------------------------
[SAT Found] Makespan = 324
[VERIFY] VERIFY SUCCESS]
Total Execution Time so far: 12.21 seconds
-------------------------------------------------
[SAT Found] Makespan = 323
[VERIFY] VERIFY SUCCESS]
Total Execution Time so far: 12.23 seconds
-------------------------------------------------
[SAT Found] Makespan = 322
[VERIFY] VERIFY SUCCESS]
Total Execution Time so far: 12.24 seconds
-------------------------------------------------
[SAT Found] Makespan = 321
[VERIFY] VERIFY SUCCESS]
Total Execution Time so far: 14.43 seconds
-------------------------------------------------
[SAT Found] Makespan = 320
[VERIFY] VERIFY SUCCESS]
Total Execution Time so far: 16.10 seconds
-------------------------------------------------
[SAT Found] Makespan = 319
[VERIFY] VERIFY SUCCESS]
Total Execution Time so far: 17.14 seconds
-------------------------------------------------
[SAT Found] Makespan = 318
[VERIFY] VERIFY SUCCESS]
Total Execution Time so far: 17.40 seconds
-------------------------------------------------
[SAT Found] Makespan = 317
[VERIFY] VERIFY SUCCESS]
Total Execution Time so far: 17.67 seconds
-------------------------------------------------
[SAT Found] Makespan = 316
[VERIFY] VERIFY SUCCESS]
Total Execution Time so far: 17.69 seconds
-------------------------------------------------
[SAT Found] Makespan = 315
[VERIFY] VERIFY SUCCESS]
Total Execution Time so far: 18.89 seconds
-------------------------------------------------
[SAT Found] Makespan = 314
[VERIFY] VERIFY SUCCESS]
Total Execution Time so far: 18.91 seconds
-------------------------------------------------
[runlim] sample:		19.99 time, 20.01 real, 223 MB, 0.98 load
[SAT Found] Makespan = 313
[VERIFY] VERIFY SUCCESS]
Total Execution Time so far: 21.80 seconds
-------------------------------------------------
[SAT Found] Makespan = 312
[VERIFY] VERIFY SUCCESS]
Total Execution Time so far: 21.86 seconds
-------------------------------------------------
[SAT Found] Makespan = 311
[VERIFY] VERIFY SUCCESS]
Total Execution Time so far: 21.87 seconds
-------------------------------------------------
[SAT Found] Makespan = 310
[VERIFY] VERIFY SUCCESS]
Total Execution Time so far: 22.30 seconds
-------------------------------------------------
[SAT Found] Makespan = 309
[VERIFY] VERIFY SUCCESS]
Total Execution Time so far: 23.27 seconds
-------------------------------------------------
[SAT Found] Makespan = 308
[VERIFY] VERIFY SUCCESS]
Total Execution Time so far: 24.28 seconds
-------------------------------------------------
[runlim] sample:		29.99 time, 30.01 real, 190 MB, 0.99 load
[SAT Found] Makespan = 307
[VERIFY] VERIFY SUCCESS]
Total Execution Time so far: 30.15 seconds
-------------------------------------------------
[SAT Found] Makespan = 306
[VERIFY] VERIFY SUCCESS]
Total Execution Time so far: 31.81 seconds
-------------------------------------------------
[SAT Found] Makespan = 305
[VERIFY] VERIFY SUCCESS]
Total Execution Time so far: 33.23 seconds
-------------------------------------------------
[SAT Found] Makespan = 304
[VERIFY] VERIFY SUCCESS]
Total Execution Time so far: 33.24 seconds
-------------------------------------------------
[SAT Found] Makespan = 303
[VERIFY] VERIFY SUCCESS]
Total Execution Time so far: 38.09 seconds
-------------------------------------------------
[runlim] sample:		39.99 time, 40.01 real, 207 MB, 0.99 load
[SAT Found] Makespan = 302
[VERIFY] VERIFY SUCCESS]
Total Execution Time so far: 41.22 seconds
-------------------------------------------------
[SAT Found] Makespan = 301
[VERIFY] VERIFY SUCCESS]
Total Execution Time so far: 42.56 seconds
-------------------------------------------------
[SAT Found] Makespan = 300
[VERIFY] VERIFY SUCCESS]
Total Execution Time so far: 44.11 seconds
-------------------------------------------------
[runlim] sample:		49.98 time, 50.01 real, 217 MB, 0.99 load
[runlim] sample:		59.97 time, 60.01 real, 217 MB, 1.15 load
[SAT Found] Makespan = 299
[VERIFY] VERIFY SUCCESS]
Total Execution Time so far: 65.77 seconds
-------------------------------------------------
[runlim] sample:		69.96 time, 70.01 real, 217 MB, 1.20 load
[runlim] sample:		79.95 time, 80.01 real, 191 MB, 1.25 load
[runlim] sample:		89.95 time, 90.01 real, 166 MB, 1.21 load
[SAT Found] Makespan = 298
[VERIFY] VERIFY SUCCESS]
Total Execution Time so far: 95.30 seconds
-------------------------------------------------
[runlim] sample:		99.94 time, 100.01 real, 184 MB, 1.18 load
[SAT Found] Makespan = 297
[VERIFY] VERIFY SUCCESS]
Total Execution Time so far: 102.97 seconds
-------------------------------------------------
[SAT Found] Makespan = 296
[VERIFY] VERIFY SUCCESS]
Total Execution Time so far: 108.32 seconds
-------------------------------------------------
[SAT Found] Makespan = 295
[VERIFY] VERIFY SUCCESS]
Total Execution Time so far: 108.33 seconds
-------------------------------------------------
[runlim] sample:		109.94 time, 110.01 real, 171 MB, 1.30 load
[SAT Found] Makespan = 294
[VERIFY] VERIFY SUCCESS]
Total Execution Time so far: 113.84 seconds
-------------------------------------------------
[runlim] sample:		119.93 time, 120.01 real, 235 MB, 1.25 load
[SAT Found] Makespan = 293
[VERIFY] VERIFY SUCCESS]
Total Execution Time so far: 121.23 seconds
-------------------------------------------------
[SAT Found] Makespan = 292
[VERIFY] VERIFY SUCCESS]
Total Execution Time so far: 121.29 seconds
-------------------------------------------------
[runlim] sample:		129.92 time, 130.01 real, 174 MB, 1.21 load
[runlim] sample:		139.93 time, 140.01 real, 202 MB, 1.18 load
[runlim] sample:		149.92 time, 150.01 real, 235 MB, 1.15 load
[runlim] sample:		159.91 time, 160.01 real, 238 MB, 1.13 load
[runlim] sample:		169.92 time, 170.01 real, 236 MB, 1.11 load
[runlim] sample:		179.91 time, 180.01 real, 203 MB, 1.09 load
[runlim] sample:		189.91 time, 190.01 real, 235 MB, 1.08 load
[runlim] sample:		199.91 time, 200.01 real, 235 MB, 1.06 load
[runlim] sample:		209.90 time, 210.01 real, 174 MB, 1.05 load
[runlim] sample:		219.89 time, 220.01 real, 174 MB, 1.04 load
[SAT Found] Makespan = 291
[VERIFY] VERIFY SUCCESS]
Total Execution Time so far: 227.26 seconds
-------------------------------------------------
[runlim] sample:		229.88 time, 230.01 real, 201 MB, 1.04 load
[runlim] sample:		239.88 time, 240.01 real, 197 MB, 1.03 load
[runlim] sample:		249.88 time, 250.01 real, 195 MB, 1.03 load
[runlim] sample:		259.87 time, 260.01 real, 201 MB, 1.02 load
[SAT Found] Makespan = 290
[VERIFY] VERIFY SUCCESS]
Total Execution Time so far: 261.56 seconds
-------------------------------------------------
[runlim] sample:		269.87 time, 270.01 real, 200 MB, 1.02 load
[runlim] sample:		279.85 time, 280.01 real, 202 MB, 1.01 load
[runlim] sample:		289.85 time, 290.01 real, 198 MB, 1.01 load
[SAT Found] Makespan = 289
[VERIFY] VERIFY SUCCESS]
Total Execution Time so far: 298.89 seconds
-------------------------------------------------
[runlim] sample:		299.85 time, 300.01 real, 205 MB, 1.01 load
[SAT Found] Makespan = 288
[VERIFY] VERIFY SUCCESS]
Total Execution Time so far: 305.51 seconds
-------------------------------------------------
[runlim] sample:		309.84 time, 310.01 real, 201 MB, 1.01 load
[runlim] sample:		319.83 time, 320.01 real, 203 MB, 1.01 load
[runlim] sample:		329.83 time, 330.01 real, 202 MB, 1.00 load
[runlim] sample:		339.83 time, 340.01 real, 200 MB, 1.00 load
[SAT Found] Makespan = 287
[VERIFY] VERIFY SUCCESS]
Total Execution Time so far: 340.05 seconds
-------------------------------------------------
[runlim] sample:		349.82 time, 350.01 real, 204 MB, 1.00 load
[runlim] sample:		359.81 time, 360.01 real, 204 MB, 1.00 load
[runlim] sample:		369.81 time, 370.01 real, 203 MB, 1.00 load
[runlim] sample:		379.80 time, 380.01 real, 209 MB, 1.00 load
[SAT Found] Makespan = 286
[VERIFY] VERIFY SUCCESS]
Total Execution Time so far: 381.76 seconds
-------------------------------------------------
[runlim] sample:		389.80 time, 390.01 real, 209 MB, 1.00 load
[runlim] sample:		399.79 time, 400.01 real, 206 MB, 1.00 load
[runlim] sample:		409.79 time, 410.01 real, 203 MB, 1.00 load
[runlim] sample:		419.78 time, 420.01 real, 208 MB, 1.00 load
[SAT Found] Makespan = 285
[VERIFY] VERIFY SUCCESS]
Total Execution Time so far: 426.44 seconds
-------------------------------------------------
[runlim] sample:		429.77 time, 430.01 real, 213 MB, 1.07 load
[runlim] sample:		439.77 time, 440.01 real, 209 MB, 1.06 load
[runlim] sample:		449.76 time, 450.01 real, 209 MB, 1.05 load
[runlim] sample:		459.76 time, 460.01 real, 204 MB, 1.04 load
[runlim] sample:		469.76 time, 470.01 real, 211 MB, 1.04 load
[SAT Found] Makespan = 284
[VERIFY] VERIFY SUCCESS]
Total Execution Time so far: 473.00 seconds
-------------------------------------------------
[runlim] sample:		479.75 time, 480.01 real, 212 MB, 1.03 load
[runlim] sample:		489.75 time, 490.01 real, 209 MB, 1.02 load
[runlim] sample:		499.74 time, 500.01 real, 208 MB, 1.02 load
[SAT Found] Makespan = 283
[VERIFY] VERIFY SUCCESS]
Total Execution Time so far: 504.71 seconds
-------------------------------------------------
[runlim] sample:		509.73 time, 510.01 real, 209 MB, 1.02 load
[SAT Found] Makespan = 282
[VERIFY] VERIFY SUCCESS]
Total Execution Time so far: 512.09 seconds
-------------------------------------------------
[SAT Found] Makespan = 281
[VERIFY] VERIFY SUCCESS]
Total Execution Time so far: 512.10 seconds
-------------------------------------------------
[runlim] sample:		519.73 time, 520.01 real, 211 MB, 1.01 load
[SAT Found] Makespan = 280
[VERIFY] VERIFY SUCCESS]
Total Execution Time so far: 523.67 seconds
-------------------------------------------------
[runlim] sample:		529.72 time, 530.01 real, 211 MB, 1.01 load
[runlim] sample:		539.72 time, 540.01 real, 211 MB, 1.01 load
[runlim] sample:		549.72 time, 550.01 real, 209 MB, 1.01 load
[runlim] sample:		559.71 time, 560.01 real, 213 MB, 1.16 load
[runlim] sample:		569.70 time, 570.01 real, 218 MB, 1.13 load
[runlim] sample:		579.70 time, 580.01 real, 213 MB, 1.11 load
[runlim] sample:		589.69 time, 590.01 real, 213 MB, 1.10 load
[runlim] sample:		599.69 time, 600.01 real, 207 MB, 1.08 load
[runlim] sample:		609.69 time, 610.01 real, 208 MB, 1.07 load
[runlim] sample:		619.68 time, 620.01 real, 208 MB, 1.06 load
[runlim] sample:		629.68 time, 630.01 real, 208 MB, 1.05 load
[runlim] sample:		639.68 time, 640.01 real, 209 MB, 1.04 load
[runlim] sample:		649.67 time, 650.01 real, 220 MB, 1.03 load
[runlim] sample:		659.67 time, 660.01 real, 220 MB, 1.03 load
[runlim] sample:		669.65 time, 670.01 real, 221 MB, 1.02 load
[runlim] sample:		679.65 time, 680.01 real, 219 MB, 1.02 load
[runlim] sample:		689.64 time, 690.01 real, 219 MB, 1.02 load
[runlim] sample:		699.65 time, 700.01 real, 220 MB, 1.01 load
[runlim] sample:		709.64 time, 710.01 real, 224 MB, 1.01 load
[runlim] sample:		719.63 time, 720.01 real, 220 MB, 1.01 load
[runlim] sample:		729.62 time, 730.01 real, 220 MB, 1.01 load
[runlim] sample:		739.61 time, 740.01 real, 221 MB, 1.00 load
[runlim] sample:		749.61 time, 750.01 real, 221 MB, 1.00 load
[runlim] sample:		759.61 time, 760.01 real, 222 MB, 1.00 load
[runlim] sample:		769.60 time, 770.01 real, 217 MB, 1.00 load
[runlim] sample:		779.60 time, 780.01 real, 210 MB, 1.00 load
[runlim] sample:		789.59 time, 790.01 real, 210 MB, 1.00 load
[runlim] sample:		799.58 time, 800.01 real, 210 MB, 1.00 load
[runlim] sample:		809.57 time, 810.01 real, 211 MB, 1.00 load
[runlim] sample:		819.58 time, 820.01 real, 211 MB, 1.00 load
[runlim] sample:		829.57 time, 830.01 real, 211 MB, 1.00 load
[runlim] sample:		839.56 time, 840.01 real, 212 MB, 1.00 load
[runlim] sample:		849.56 time, 850.01 real, 212 MB, 1.08 load
[runlim] sample:		859.55 time, 860.01 real, 212 MB, 1.07 load
[runlim] sample:		869.54 time, 870.01 real, 213 MB, 1.06 load
[runlim] sample:		879.54 time, 880.01 real, 213 MB, 1.05 load
[runlim] sample:		889.53 time, 890.01 real, 213 MB, 1.04 load
[runlim] sample:		899.52 time, 900.01 real, 213 MB, 1.03 load
[runlim] sample:		909.52 time, 910.01 real, 214 MB, 1.03 load
[runlim] sample:		919.52 time, 920.01 real, 214 MB, 1.02 load
[runlim] sample:		929.51 time, 930.01 real, 214 MB, 1.02 load
[runlim] sample:		939.50 time, 940.01 real, 214 MB, 1.02 load
[runlim] sample:		949.50 time, 950.01 real, 214 MB, 1.01 load
[runlim] sample:		959.50 time, 960.01 real, 214 MB, 1.01 load
[runlim] sample:		969.48 time, 970.01 real, 215 MB, 1.01 load
[runlim] sample:		979.49 time, 980.01 real, 215 MB, 1.01 load
[runlim] sample:		989.48 time, 990.01 real, 224 MB, 1.00 load
[runlim] sample:		999.47 time, 1000.01 real, 224 MB, 1.00 load
[runlim] sample:		1009.46 time, 1010.01 real, 225 MB, 1.00 load
[runlim] sample:		1019.46 time, 1020.01 real, 225 MB, 1.00 load
[runlim] sample:		1029.45 time, 1030.01 real, 225 MB, 1.00 load
[runlim] sample:		1039.44 time, 1040.01 real, 226 MB, 1.00 load
[runlim] sample:		1049.45 time, 1050.01 real, 226 MB, 1.00 load
[runlim] sample:		1059.44 time, 1060.01 real, 237 MB, 1.15 load
[runlim] sample:		1069.43 time, 1070.01 real, 237 MB, 1.13 load
[runlim] sample:		1079.42 time, 1080.01 real, 240 MB, 1.11 load
[runlim] sample:		1089.42 time, 1090.01 real, 238 MB, 1.09 load
[runlim] sample:		1099.42 time, 1100.01 real, 238 MB, 1.08 load
[runlim] sample:		1109.41 time, 1110.01 real, 238 MB, 1.06 load
[runlim] sample:		1119.41 time, 1120.01 real, 239 MB, 1.05 load
[runlim] sample:		1129.40 time, 1130.01 real, 239 MB, 1.05 load
[runlim] sample:		1139.39 time, 1140.01 real, 242 MB, 1.04 load
[SAT Found] Makespan = 279
[VERIFY] VERIFY SUCCESS]
Total Execution Time so far: 1142.52 seconds
-------------------------------------------------
[runlim] sample:		1149.39 time, 1150.01 real, 241 MB, 1.11 load
[runlim] sample:		1159.38 time, 1160.01 real, 242 MB, 1.10 load
[runlim] sample:		1169.38 time, 1170.01 real, 232 MB, 1.16 load
[runlim] sample:		1179.38 time, 1180.01 real, 232 MB, 1.14 load
[runlim] sample:		1189.37 time, 1190.01 real, 236 MB, 1.19 load
[runlim] sample:		1199.37 time, 1200.01 real, 236 MB, 1.16 load
[runlim] sample:		1209.36 time, 1210.01 real, 241 MB, 1.14 load
[runlim] sample:		1219.36 time, 1220.01 real, 241 MB, 1.12 load
[runlim] sample:		1229.34 time, 1230.01 real, 230 MB, 1.10 load
[runlim] sample:		1239.34 time, 1240.01 real, 230 MB, 1.16 load
[runlim] sample:		1249.34 time, 1250.01 real, 229 MB, 1.13 load
[runlim] sample:		1259.34 time, 1260.01 real, 229 MB, 1.11 load
[runlim] sample:		1269.33 time, 1270.01 real, 230 MB, 1.09 load
[runlim] sample:		1279.32 time, 1280.01 real, 230 MB, 1.08 load
[runlim] sample:		1289.32 time, 1290.01 real, 237 MB, 1.07 load
[runlim] sample:		1299.31 time, 1300.01 real, 244 MB, 1.06 load
[runlim] sample:		1309.31 time, 1310.01 real, 244 MB, 1.05 load
[runlim] sample:		1319.30 time, 1320.01 real, 245 MB, 1.04 load
[runlim] sample:		1329.30 time, 1330.01 real, 245 MB, 1.03 load
[runlim] sample:		1339.30 time, 1340.01 real, 248 MB, 1.03 load
[runlim] sample:		1349.29 time, 1350.01 real, 250 MB, 1.02 load
[runlim] sample:		1359.29 time, 1360.01 real, 250 MB, 1.02 load
[runlim] sample:		1369.29 time, 1370.01 real, 249 MB, 1.02 load
[runlim] sample:		1379.28 time, 1380.01 real, 249 MB, 1.01 load
[runlim] sample:		1389.27 time, 1390.01 real, 249 MB, 1.01 load
[runlim] sample:		1399.26 time, 1400.01 real, 249 MB, 1.01 load
[runlim] sample:		1409.27 time, 1410.01 real, 249 MB, 1.01 load
[runlim] sample:		1419.26 time, 1420.01 real, 249 MB, 1.00 load
[runlim] sample:		1429.26 time, 1430.01 real, 249 MB, 1.00 load
[runlim] sample:		1439.25 time, 1440.01 real, 235 MB, 1.00 load
[runlim] sample:		1449.25 time, 1450.01 real, 235 MB, 1.00 load
[runlim] sample:		1459.24 time, 1460.01 real, 235 MB, 1.00 load
[runlim] sample:		1469.24 time, 1470.01 real, 235 MB, 1.00 load
[runlim] sample:		1479.23 time, 1480.01 real, 236 MB, 1.00 load
[runlim] sample:		1489.23 time, 1490.01 real, 236 MB, 1.00 load
[runlim] sample:		1499.22 time, 1500.01 real, 236 MB, 1.00 load
[runlim] sample:		1509.22 time, 1510.01 real, 236 MB, 1.00 load
[runlim] sample:		1519.21 time, 1520.01 real, 236 MB, 1.00 load
[runlim] sample:		1529.21 time, 1530.01 real, 237 MB, 1.00 load
[runlim] sample:		1539.21 time, 1540.01 real, 237 MB, 1.00 load
[runlim] sample:		1549.21 time, 1550.01 real, 237 MB, 1.00 load
[runlim] sample:		1559.20 time, 1560.01 real, 238 MB, 1.15 load
[runlim] sample:		1569.19 time, 1570.01 real, 238 MB, 1.13 load
[runlim] sample:		1579.19 time, 1580.01 real, 238 MB, 1.11 load
[runlim] sample:		1589.19 time, 1590.01 real, 238 MB, 1.09 load
[runlim] sample:		1599.18 time, 1600.01 real, 238 MB, 1.08 load
[runlim] sample:		1609.18 time, 1610.01 real, 238 MB, 1.06 load
[runlim] sample:		1619.17 time, 1620.01 real, 239 MB, 1.14 load
[runlim] sample:		1629.16 time, 1630.01 real, 239 MB, 1.11 load
[runlim] sample:		1639.16 time, 1640.01 real, 239 MB, 1.10 load
[runlim] sample:		1649.16 time, 1650.01 real, 239 MB, 1.08 load
[runlim] sample:		1659.15 time, 1660.01 real, 239 MB, 1.07 load
[runlim] sample:		1669.15 time, 1670.01 real, 239 MB, 1.06 load
[runlim] sample:		1679.15 time, 1680.01 real, 239 MB, 1.05 load
[runlim] sample:		1689.15 time, 1690.01 real, 239 MB, 1.04 load
[runlim] sample:		1699.14 time, 1700.01 real, 239 MB, 1.03 load
[runlim] sample:		1709.14 time, 1710.01 real, 239 MB, 1.03 load
[runlim] sample:		1719.13 time, 1720.01 real, 239 MB, 1.02 load
[runlim] sample:		1729.13 time, 1730.01 real, 240 MB, 1.02 load
[runlim] sample:		1739.12 time, 1740.01 real, 240 MB, 1.02 load
[runlim] sample:		1749.12 time, 1750.01 real, 251 MB, 1.01 load
[runlim] sample:		1759.12 time, 1760.01 real, 251 MB, 1.01 load
[runlim] sample:		1769.12 time, 1770.01 real, 257 MB, 1.01 load
[runlim] sample:		1779.11 time, 1780.01 real, 257 MB, 1.01 load
[runlim] sample:		1789.11 time, 1790.01 real, 257 MB, 1.00 load
[runlim] sample:		1799.10 time, 1800.01 real, 267 MB, 1.00 load
[runlim] sample:		1809.09 time, 1810.01 real, 267 MB, 1.00 load
[runlim] sample:		1819.09 time, 1820.01 real, 267 MB, 1.00 load
[runlim] sample:		1829.08 time, 1830.01 real, 265 MB, 1.00 load
[runlim] sample:		1839.08 time, 1840.01 real, 265 MB, 1.00 load
[runlim] sample:		1849.07 time, 1850.01 real, 263 MB, 1.08 load
[runlim] sample:		1859.07 time, 1860.01 real, 263 MB, 1.07 load
[runlim] sample:		1869.06 time, 1870.01 real, 263 MB, 1.06 load
[runlim] sample:		1879.06 time, 1880.01 real, 264 MB, 1.05 load
[runlim] sample:		1889.05 time, 1890.01 real, 264 MB, 1.04 load
[runlim] sample:		1899.05 time, 1900.01 real, 269 MB, 1.03 load
[runlim] sample:		1909.04 time, 1910.01 real, 269 MB, 1.03 load
[runlim] sample:		1919.04 time, 1920.01 real, 269 MB, 1.02 load
[runlim] sample:		1929.03 time, 1930.01 real, 268 MB, 1.02 load
[runlim] sample:		1939.02 time, 1940.01 real, 268 MB, 1.02 load
[runlim] sample:		1949.02 time, 1950.01 real, 268 MB, 1.01 load
[runlim] sample:		1959.02 time, 1960.01 real, 267 MB, 1.01 load
[runlim] sample:		1969.01 time, 1970.01 real, 267 MB, 1.01 load
[runlim] sample:		1979.00 time, 1980.01 real, 267 MB, 1.01 load
[runlim] sample:		1989.00 time, 1990.01 real, 272 MB, 1.00 load
[runlim] sample:		1999.00 time, 2000.01 real, 272 MB, 1.00 load
[runlim] sample:		2008.99 time, 2010.01 real, 266 MB, 1.15 load
[runlim] sample:		2018.99 time, 2020.01 real, 266 MB, 1.13 load
[runlim] sample:		2028.98 time, 2030.01 real, 266 MB, 1.11 load
[runlim] sample:		2038.97 time, 2040.01 real, 267 MB, 1.09 load
[runlim] sample:		2048.96 time, 2050.01 real, 267 MB, 1.08 load
[runlim] sample:		2058.96 time, 2060.01 real, 267 MB, 1.22 load
[runlim] sample:		2068.95 time, 2070.01 real, 265 MB, 1.19 load
[runlim] sample:		2078.95 time, 2080.01 real, 265 MB, 1.16 load
[runlim] sample:		2088.94 time, 2090.01 real, 268 MB, 1.13 load
[runlim] sample:		2098.94 time, 2100.01 real, 268 MB, 1.11 load
[runlim] sample:		2108.93 time, 2110.01 real, 268 MB, 1.17 load
[runlim] sample:		2118.92 time, 2120.01 real, 275 MB, 1.14 load
[runlim] sample:		2128.92 time, 2130.01 real, 275 MB, 1.19 load
[runlim] sample:		2138.91 time, 2140.01 real, 275 MB, 1.16 load
[runlim] sample:		2148.91 time, 2150.01 real, 272 MB, 1.21 load
[runlim] sample:		2158.90 time, 2160.01 real, 272 MB, 1.18 load
[runlim] sample:		2168.90 time, 2170.01 real, 272 MB, 1.23 load
[runlim] sample:		2178.90 time, 2180.01 real, 272 MB, 1.19 load
[runlim] sample:		2188.89 time, 2190.01 real, 275 MB, 1.16 load
[runlim] sample:		2198.89 time, 2200.01 real, 275 MB, 1.14 load
[runlim] sample:		2208.88 time, 2210.01 real, 275 MB, 1.11 load
[runlim] sample:		2218.87 time, 2220.01 real, 276 MB, 1.10 load
[runlim] sample:		2228.87 time, 2230.01 real, 276 MB, 1.08 load
[runlim] sample:		2238.86 time, 2240.01 real, 276 MB, 1.07 load
[runlim] sample:		2248.85 time, 2250.01 real, 288 MB, 1.06 load
[runlim] sample:		2258.86 time, 2260.01 real, 288 MB, 1.05 load
[runlim] sample:		2268.84 time, 2270.01 real, 273 MB, 1.04 load
[runlim] sample:		2278.84 time, 2280.01 real, 273 MB, 1.03 load
[runlim] sample:		2288.83 time, 2290.01 real, 273 MB, 1.03 load
[runlim] sample:		2298.83 time, 2300.01 real, 271 MB, 1.02 load
[runlim] sample:		2308.82 time, 2310.01 real, 271 MB, 1.02 load
[runlim] sample:		2318.82 time, 2320.01 real, 271 MB, 1.02 load
[runlim] sample:		2328.81 time, 2330.01 real, 271 MB, 1.01 load
[runlim] sample:		2338.81 time, 2340.01 real, 264 MB, 1.08 load
[runlim] sample:		2348.80 time, 2350.01 real, 264 MB, 1.07 load
[runlim] sample:		2358.80 time, 2360.01 real, 264 MB, 1.06 load
[runlim] sample:		2368.79 time, 2370.01 real, 258 MB, 1.05 load
[runlim] sample:		2378.79 time, 2380.01 real, 258 MB, 1.04 load
[runlim] sample:		2388.78 time, 2390.01 real, 258 MB, 1.12 load
[runlim] sample:		2398.77 time, 2400.01 real, 249 MB, 1.10 load
[runlim] sample:		2408.77 time, 2410.01 real, 249 MB, 1.08 load
[runlim] sample:		2418.76 time, 2420.01 real, 249 MB, 1.07 load
[runlim] sample:		2428.75 time, 2430.01 real, 250 MB, 1.06 load
[runlim] sample:		2438.75 time, 2440.01 real, 250 MB, 1.05 load
[runlim] sample:		2448.74 time, 2450.01 real, 250 MB, 1.04 load
[runlim] sample:		2458.73 time, 2460.01 real, 250 MB, 1.03 load
[runlim] sample:		2468.74 time, 2470.01 real, 260 MB, 1.03 load
[runlim] sample:		2478.73 time, 2480.01 real, 260 MB, 1.02 load
[runlim] sample:		2488.72 time, 2490.01 real, 260 MB, 1.02 load
[runlim] sample:		2498.72 time, 2500.01 real, 260 MB, 1.02 load
[runlim] sample:		2508.71 time, 2510.01 real, 261 MB, 1.01 load
[runlim] sample:		2518.70 time, 2520.01 real, 261 MB, 1.01 load
[runlim] sample:		2528.70 time, 2530.01 real, 261 MB, 1.01 load
[runlim] sample:		2538.69 time, 2540.01 real, 261 MB, 1.01 load
[runlim] sample:		2548.69 time, 2550.01 real, 261 MB, 1.00 load
[runlim] sample:		2558.68 time, 2560.01 real, 261 MB, 1.16 load
[runlim] sample:		2568.68 time, 2570.01 real, 261 MB, 1.13 load
[runlim] sample:		2578.67 time, 2580.01 real, 262 MB, 1.11 load
[runlim] sample:		2588.66 time, 2590.01 real, 262 MB, 1.10 load
[runlim] sample:		2598.65 time, 2600.01 real, 262 MB, 1.08 load
[runlim] sample:		2608.65 time, 2610.01 real, 262 MB, 1.07 load
[runlim] sample:		2618.64 time, 2620.01 real, 262 MB, 1.13 load
[runlim] sample:		2628.64 time, 2630.01 real, 262 MB, 1.11 load
[runlim] sample:		2638.63 time, 2640.01 real, 263 MB, 1.09 load
[runlim] sample:		2648.63 time, 2650.01 real, 263 MB, 1.08 load
[runlim] sample:		2658.63 time, 2660.01 real, 263 MB, 1.07 load
[runlim] sample:		2668.62 time, 2670.01 real, 263 MB, 1.06 load
[runlim] sample:		2678.62 time, 2680.01 real, 263 MB, 1.05 load
[runlim] sample:		2688.61 time, 2690.01 real, 263 MB, 1.04 load
[runlim] sample:		2698.60 time, 2700.01 real, 264 MB, 1.03 load
[runlim] sample:		2708.59 time, 2710.01 real, 264 MB, 1.03 load
[runlim] sample:		2718.59 time, 2720.01 real, 264 MB, 1.02 load
[runlim] sample:		2728.58 time, 2730.01 real, 264 MB, 1.02 load
[runlim] sample:		2738.58 time, 2740.01 real, 264 MB, 1.02 load
[runlim] sample:		2748.58 time, 2750.01 real, 264 MB, 1.01 load
[runlim] sample:		2758.57 time, 2760.01 real, 264 MB, 1.01 load
[runlim] sample:		2768.56 time, 2770.01 real, 268 MB, 1.01 load
[runlim] sample:		2778.55 time, 2780.01 real, 265 MB, 1.01 load
[runlim] sample:		2788.55 time, 2790.01 real, 265 MB, 1.00 load
[runlim] sample:		2798.54 time, 2800.01 real, 265 MB, 1.00 load
[runlim] sample:		2808.53 time, 2810.01 real, 265 MB, 1.00 load
[runlim] sample:		2818.53 time, 2820.01 real, 269 MB, 1.00 load
[runlim] sample:		2828.52 time, 2830.01 real, 269 MB, 1.00 load
[runlim] sample:		2838.52 time, 2840.01 real, 269 MB, 1.00 load
[runlim] sample:		2848.51 time, 2850.01 real, 269 MB, 1.00 load
[runlim] sample:		2858.51 time, 2860.01 real, 270 MB, 1.00 load
[runlim] sample:		2868.50 time, 2870.01 real, 270 MB, 1.00 load
[runlim] sample:		2878.50 time, 2880.01 real, 270 MB, 1.00 load
[runlim] sample:		2888.49 time, 2890.01 real, 270 MB, 1.00 load
[runlim] sample:		2898.49 time, 2900.01 real, 270 MB, 1.07 load
[runlim] sample:		2908.48 time, 2910.01 real, 270 MB, 1.06 load
[runlim] sample:		2918.48 time, 2920.01 real, 270 MB, 1.05 load
[runlim] sample:		2928.47 time, 2930.01 real, 270 MB, 1.04 load
[runlim] sample:		2938.47 time, 2940.01 real, 270 MB, 1.04 load
[runlim] sample:		2948.46 time, 2950.01 real, 270 MB, 1.03 load
[runlim] sample:		2958.46 time, 2960.01 real, 270 MB, 1.02 load
[runlim] sample:		2968.45 time, 2970.01 real, 270 MB, 1.02 load
[runlim] sample:		2978.44 time, 2980.01 real, 271 MB, 1.02 load
[runlim] sample:		2988.44 time, 2990.01 real, 271 MB, 1.01 load
[runlim] sample:		2998.43 time, 3000.01 real, 271 MB, 1.01 load
[runlim] sample:		3008.42 time, 3010.01 real, 274 MB, 1.01 load
[runlim] sample:		3018.42 time, 3020.01 real, 334 MB, 1.01 load
[runlim] sample:		3028.41 time, 3030.01 real, 274 MB, 1.01 load
[runlim] sample:		3038.41 time, 3040.01 real, 274 MB, 1.00 load
[runlim] sample:		3048.40 time, 3050.01 real, 274 MB, 1.00 load
[runlim] sample:		3058.40 time, 3060.01 real, 274 MB, 1.08 load
[runlim] sample:		3068.40 time, 3070.01 real, 274 MB, 1.14 load
[runlim] sample:		3078.39 time, 3080.01 real, 274 MB, 1.20 load
[runlim] sample:		3088.39 time, 3090.01 real, 274 MB, 1.24 load
[runlim] sample:		3098.38 time, 3100.01 real, 274 MB, 1.28 load
[runlim] sample:		3108.37 time, 3110.01 real, 275 MB, 1.31 load
[runlim] sample:		3118.36 time, 3120.01 real, 275 MB, 1.33 load
[runlim] sample:		3128.36 time, 3130.01 real, 275 MB, 1.36 load
[runlim] sample:		3138.35 time, 3140.01 real, 275 MB, 1.30 load
[runlim] sample:		3148.35 time, 3150.01 real, 275 MB, 1.25 load
[runlim] sample:		3158.35 time, 3160.01 real, 275 MB, 1.21 load
[runlim] sample:		3168.34 time, 3170.01 real, 275 MB, 1.18 load
[runlim] sample:		3178.33 time, 3180.01 real, 275 MB, 1.23 load
[runlim] sample:		3188.33 time, 3190.01 real, 275 MB, 1.20 load
[runlim] sample:		3198.32 time, 3200.01 real, 275 MB, 1.17 load
[runlim] sample:		3208.31 time, 3210.01 real, 279 MB, 1.14 load
[runlim] sample:		3218.31 time, 3220.01 real, 279 MB, 1.12 load
[runlim] sample:		3228.30 time, 3230.01 real, 279 MB, 1.10 load
[runlim] sample:		3238.30 time, 3240.01 real, 280 MB, 1.08 load
[runlim] sample:		3248.29 time, 3250.01 real, 280 MB, 1.07 load
[runlim] sample:		3258.29 time, 3260.01 real, 280 MB, 1.06 load
[runlim] sample:		3268.28 time, 3270.01 real, 280 MB, 1.05 load
[runlim] sample:		3278.27 time, 3280.01 real, 280 MB, 1.04 load
[runlim] sample:		3288.27 time, 3290.01 real, 280 MB, 1.04 load
[runlim] sample:		3298.26 time, 3300.01 real, 280 MB, 1.03 load
[runlim] sample:		3308.26 time, 3310.01 real, 280 MB, 1.02 load
[runlim] sample:		3318.25 time, 3320.01 real, 280 MB, 1.02 load
[runlim] sample:		3328.25 time, 3330.01 real, 280 MB, 1.10 load
[runlim] sample:		3338.24 time, 3340.01 real, 280 MB, 1.08 load
[runlim] sample:		3348.24 time, 3350.01 real, 280 MB, 1.07 load
[runlim] sample:		3358.23 time, 3360.01 real, 280 MB, 1.06 load
[runlim] sample:		3368.23 time, 3370.01 real, 280 MB, 1.05 load
[runlim] sample:		3378.22 time, 3380.01 real, 281 MB, 1.04 load
[runlim] sample:		3388.22 time, 3390.01 real, 281 MB, 1.03 load
[runlim] sample:		3398.21 time, 3400.01 real, 281 MB, 1.03 load
[runlim] sample:		3408.21 time, 3410.01 real, 281 MB, 1.10 load
[runlim] sample:		3418.20 time, 3420.01 real, 285 MB, 1.09 load
[runlim] sample:		3428.19 time, 3430.01 real, 285 MB, 1.07 load
[runlim] sample:		3438.18 time, 3440.01 real, 285 MB, 1.06 load
[runlim] sample:		3448.18 time, 3450.01 real, 285 MB, 1.05 load
[runlim] sample:		3458.17 time, 3460.01 real, 285 MB, 1.04 load
[runlim] sample:		3468.17 time, 3470.01 real, 285 MB, 1.04 load
[runlim] sample:		3478.16 time, 3480.01 real, 285 MB, 1.03 load
[runlim] sample:		3488.16 time, 3490.01 real, 285 MB, 1.02 load
[runlim] sample:		3498.15 time, 3500.01 real, 285 MB, 1.02 load
[runlim] sample:		3508.14 time, 3510.01 real, 285 MB, 1.02 load
[runlim] sample:		3518.14 time, 3520.01 real, 286 MB, 1.01 load
[runlim] sample:		3528.14 time, 3530.01 real, 286 MB, 1.01 load
[runlim] sample:		3538.13 time, 3540.01 real, 286 MB, 1.01 load
[runlim] sample:		3548.12 time, 3550.01 real, 286 MB, 1.01 load
[runlim] sample:		3558.12 time, 3560.01 real, 286 MB, 1.09 load
[runlim] sample:		3568.10 time, 3570.01 real, 286 MB, 1.22 load
[runlim] sample:		3578.10 time, 3580.01 real, 286 MB, 1.19 load
[runlim] sample:		3588.09 time, 3590.01 real, 286 MB, 1.16 load
[runlim] sample:		3598.09 time, 3600.01 real, 286 MB, 1.13 load
[runlim] end:			Wed Aug 12 13:36:35 2026
[runlim] status:		out of time
[runlim] result:		2
[runlim] children:		1
[runlim] processes:		2
[runlim] real:			3601.05 seconds
[runlim] time:			3598.09 seconds
[runlim] space:			369 MB
[runlim] load:			1.39 maximum
[runlim] samples:		36000
