[runlim] version:		2.0.0rc12
[runlim] host:			ap-Precision-7550
[runlim] time limit:		311040000 seconds
[runlim] real time limit:	3600 seconds
[runlim] space limit:		14000 MB
[runlim] argv[0]:		python3
[runlim] argv[1]:		-u
[runlim] argv[2]:		main_ver2.py
[runlim] argv[3]:		Datasets/MPSFs/MPSF09.txt
[runlim] argv[4]:		--symmetry
[runlim] start:			Wed Aug 12 04:24:39 2026
[runlim] child:			6724
=== CONFIGURATION ===
File Path: Datasets/MPSFs/MPSF09.txt
Symmetry Breaking: True
Same Machine Mode (sm_mode): 2d
Transitive Order Precedence (All Ops): False
Full Transitive: False
=====================

Reading file: Datasets/MPSFs/MPSF09.txt
Finished reading file: Datasets/MPSFs/MPSF09.txt
=== GREEDY INITIAL SOLUTION ===
Scheduled Operations: 45/45
Makespan (UB): 345
-------------------------------------------------
[SAT Found] Makespan = 344
[VERIFY] VERIFY SUCCESS]
Total Execution Time so far: 1.04 seconds
-------------------------------------------------
[SAT Found] Makespan = 343
[VERIFY] VERIFY SUCCESS]
Total Execution Time so far: 1.20 seconds
-------------------------------------------------
[SAT Found] Makespan = 342
[VERIFY] VERIFY SUCCESS]
Total Execution Time so far: 3.80 seconds
-------------------------------------------------
[SAT Found] Makespan = 341
[VERIFY] VERIFY SUCCESS]
Total Execution Time so far: 4.08 seconds
-------------------------------------------------
[SAT Found] Makespan = 340
[VERIFY] VERIFY SUCCESS]
Total Execution Time so far: 4.76 seconds
-------------------------------------------------
[SAT Found] Makespan = 339
[VERIFY] VERIFY SUCCESS]
Total Execution Time so far: 4.78 seconds
-------------------------------------------------
[SAT Found] Makespan = 338
[VERIFY] VERIFY SUCCESS]
Total Execution Time so far: 5.06 seconds
-------------------------------------------------
[SAT Found] Makespan = 337
[VERIFY] VERIFY SUCCESS]
Total Execution Time so far: 5.36 seconds
-------------------------------------------------
[SAT Found] Makespan = 336
[VERIFY] VERIFY SUCCESS]
Total Execution Time so far: 6.41 seconds
-------------------------------------------------
[SAT Found] Makespan = 335
[VERIFY] VERIFY SUCCESS]
Total Execution Time so far: 6.42 seconds
-------------------------------------------------
[SAT Found] Makespan = 334
[VERIFY] VERIFY SUCCESS]
Total Execution Time so far: 7.70 seconds
-------------------------------------------------
[SAT Found] Makespan = 333
[VERIFY] VERIFY SUCCESS]
Total Execution Time so far: 7.76 seconds
-------------------------------------------------
[SAT Found] Makespan = 332
[VERIFY] VERIFY SUCCESS]
Total Execution Time so far: 7.77 seconds
-------------------------------------------------
[SAT Found] Makespan = 331
[VERIFY] VERIFY SUCCESS]
Total Execution Time so far: 7.78 seconds
-------------------------------------------------
[SAT Found] Makespan = 330
[VERIFY] VERIFY SUCCESS]
Total Execution Time so far: 7.79 seconds
-------------------------------------------------
[SAT Found] Makespan = 329
[VERIFY] VERIFY SUCCESS]
Total Execution Time so far: 7.81 seconds
-------------------------------------------------
[SAT Found] Makespan = 328
[VERIFY] VERIFY SUCCESS]
Total Execution Time so far: 7.82 seconds
-------------------------------------------------
[SAT Found] Makespan = 327
[VERIFY] VERIFY SUCCESS]
Total Execution Time so far: 8.84 seconds
-------------------------------------------------
[SAT Found] Makespan = 326
[VERIFY] VERIFY SUCCESS]
Total Execution Time so far: 8.86 seconds
-------------------------------------------------
[runlim] sample:		9.95 time, 10.01 real, 206 MB, 1.00 load
[SAT Found] Makespan = 325
[VERIFY] VERIFY SUCCESS]
Total Execution Time so far: 14.67 seconds
-------------------------------------------------
[SAT Found] Makespan = 324
[VERIFY] VERIFY SUCCESS]
Total Execution Time so far: 14.72 seconds
-------------------------------------------------
[SAT Found] Makespan = 323
[VERIFY] VERIFY SUCCESS]
Total Execution Time so far: 14.74 seconds
-------------------------------------------------
[SAT Found] Makespan = 322
[VERIFY] VERIFY SUCCESS]
Total Execution Time so far: 14.75 seconds
-------------------------------------------------
[SAT Found] Makespan = 321
[VERIFY] VERIFY SUCCESS]
Total Execution Time so far: 14.77 seconds
-------------------------------------------------
[SAT Found] Makespan = 320
[VERIFY] VERIFY SUCCESS]
Total Execution Time so far: 14.78 seconds
-------------------------------------------------
[SAT Found] Makespan = 319
[VERIFY] VERIFY SUCCESS]
Total Execution Time so far: 14.79 seconds
-------------------------------------------------
[SAT Found] Makespan = 318
[VERIFY] VERIFY SUCCESS]
Total Execution Time so far: 14.81 seconds
-------------------------------------------------
[SAT Found] Makespan = 317
[VERIFY] VERIFY SUCCESS]
Total Execution Time so far: 14.82 seconds
-------------------------------------------------
[SAT Found] Makespan = 316
[VERIFY] VERIFY SUCCESS]
Total Execution Time so far: 14.84 seconds
-------------------------------------------------
[SAT Found] Makespan = 315
[VERIFY] VERIFY SUCCESS]
Total Execution Time so far: 15.11 seconds
-------------------------------------------------
[runlim] sample:		19.94 time, 20.01 real, 226 MB, 1.00 load
[runlim] sample:		29.93 time, 30.01 real, 226 MB, 1.00 load
[SAT Found] Makespan = 314
[VERIFY] VERIFY SUCCESS]
Total Execution Time so far: 31.10 seconds
-------------------------------------------------
[SAT Found] Makespan = 313
[VERIFY] VERIFY SUCCESS]
Total Execution Time so far: 31.16 seconds
-------------------------------------------------
[SAT Found] Makespan = 312
[VERIFY] VERIFY SUCCESS]
Total Execution Time so far: 31.17 seconds
-------------------------------------------------
[SAT Found] Makespan = 311
[VERIFY] VERIFY SUCCESS]
Total Execution Time so far: 31.18 seconds
-------------------------------------------------
[SAT Found] Makespan = 310
[VERIFY] VERIFY SUCCESS]
Total Execution Time so far: 31.20 seconds
-------------------------------------------------
[SAT Found] Makespan = 309
[VERIFY] VERIFY SUCCESS]
Total Execution Time so far: 32.41 seconds
-------------------------------------------------
[SAT Found] Makespan = 308
[VERIFY] VERIFY SUCCESS]
Total Execution Time so far: 32.42 seconds
-------------------------------------------------
[SAT Found] Makespan = 307
[VERIFY] VERIFY SUCCESS]
Total Execution Time so far: 32.43 seconds
-------------------------------------------------
[SAT Found] Makespan = 306
[VERIFY] VERIFY SUCCESS]
Total Execution Time so far: 32.64 seconds
-------------------------------------------------
[SAT Found] Makespan = 305
[VERIFY] VERIFY SUCCESS]
Total Execution Time so far: 33.68 seconds
-------------------------------------------------
[SAT Found] Makespan = 304
[VERIFY] VERIFY SUCCESS]
Total Execution Time so far: 34.66 seconds
-------------------------------------------------
[SAT Found] Makespan = 303
[VERIFY] VERIFY SUCCESS]
Total Execution Time so far: 34.99 seconds
-------------------------------------------------
[SAT Found] Makespan = 302
[VERIFY] VERIFY SUCCESS]
Total Execution Time so far: 36.05 seconds
-------------------------------------------------
[SAT Found] Makespan = 301
[VERIFY] VERIFY SUCCESS]
Total Execution Time so far: 36.34 seconds
-------------------------------------------------
[SAT Found] Makespan = 300
[VERIFY] VERIFY SUCCESS]
Total Execution Time so far: 36.56 seconds
-------------------------------------------------
[SAT Found] Makespan = 299
[VERIFY] VERIFY SUCCESS]
Total Execution Time so far: 39.69 seconds
-------------------------------------------------
[runlim] sample:		39.93 time, 40.01 real, 226 MB, 1.00 load
[SAT Found] Makespan = 298
[VERIFY] VERIFY SUCCESS]
Total Execution Time so far: 41.17 seconds
-------------------------------------------------
[SAT Found] Makespan = 297
[VERIFY] VERIFY SUCCESS]
Total Execution Time so far: 42.62 seconds
-------------------------------------------------
[runlim] sample:		49.92 time, 50.01 real, 226 MB, 1.00 load
[runlim] sample:		59.92 time, 60.01 real, 222 MB, 1.16 load
[SAT Found] Makespan = 296
[VERIFY] VERIFY SUCCESS]
Total Execution Time so far: 65.00 seconds
-------------------------------------------------
[runlim] sample:		69.92 time, 70.01 real, 222 MB, 1.13 load
[runlim] sample:		79.92 time, 80.01 real, 222 MB, 1.11 load
[runlim] sample:		89.91 time, 90.01 real, 225 MB, 1.10 load
[SAT Found] Makespan = 295
[VERIFY] VERIFY SUCCESS]
Total Execution Time so far: 90.61 seconds
-------------------------------------------------
[runlim] sample:		99.90 time, 100.01 real, 225 MB, 1.08 load
[runlim] sample:		109.90 time, 110.01 real, 167 MB, 1.07 load
[SAT Found] Makespan = 294
[VERIFY] VERIFY SUCCESS]
Total Execution Time so far: 111.77 seconds
-------------------------------------------------
[SAT Found] Makespan = 293
[VERIFY] VERIFY SUCCESS]
Total Execution Time so far: 111.83 seconds
-------------------------------------------------
[runlim] sample:		119.90 time, 120.01 real, 205 MB, 1.06 load
[runlim] sample:		129.89 time, 130.01 real, 208 MB, 1.05 load
[SAT Found] Makespan = 292
[VERIFY] VERIFY SUCCESS]
Total Execution Time so far: 134.82 seconds
-------------------------------------------------
[SAT Found] Makespan = 291
[VERIFY] VERIFY SUCCESS]
Total Execution Time so far: 134.88 seconds
-------------------------------------------------
[runlim] sample:		139.88 time, 140.01 real, 199 MB, 1.04 load
[SAT Found] Makespan = 290
[VERIFY] VERIFY SUCCESS]
Total Execution Time so far: 144.40 seconds
-------------------------------------------------
[runlim] sample:		149.88 time, 150.01 real, 206 MB, 1.03 load
[runlim] sample:		159.88 time, 160.01 real, 205 MB, 1.03 load
[runlim] sample:		169.87 time, 170.01 real, 205 MB, 1.02 load
[runlim] sample:		179.87 time, 180.01 real, 209 MB, 1.02 load
[runlim] sample:		189.86 time, 190.01 real, 208 MB, 1.02 load
[runlim] sample:		199.86 time, 200.01 real, 171 MB, 1.01 load
[runlim] sample:		209.86 time, 210.01 real, 203 MB, 1.01 load
[runlim] sample:		219.85 time, 220.01 real, 199 MB, 1.01 load
[runlim] sample:		229.84 time, 230.01 real, 171 MB, 1.01 load
[runlim] sample:		239.84 time, 240.01 real, 171 MB, 1.00 load
[runlim] sample:		249.84 time, 250.01 real, 178 MB, 1.00 load
[runlim] sample:		259.83 time, 260.01 real, 206 MB, 1.00 load
[SAT Found] Makespan = 289
[VERIFY] VERIFY SUCCESS]
Total Execution Time so far: 264.81 seconds
-------------------------------------------------
[runlim] sample:		269.82 time, 270.01 real, 204 MB, 1.00 load
[runlim] sample:		279.82 time, 280.01 real, 206 MB, 1.00 load
[runlim] sample:		289.81 time, 290.01 real, 200 MB, 1.00 load
[SAT Found] Makespan = 288
[VERIFY] VERIFY SUCCESS]
Total Execution Time so far: 298.83 seconds
-------------------------------------------------
[runlim] sample:		299.81 time, 300.01 real, 174 MB, 1.00 load
[SAT Found] Makespan = 287
[VERIFY] VERIFY SUCCESS]
Total Execution Time so far: 308.43 seconds
-------------------------------------------------
[runlim] sample:		309.80 time, 310.01 real, 169 MB, 1.00 load
[SAT Found] Makespan = 286
[VERIFY] VERIFY SUCCESS]
Total Execution Time so far: 314.27 seconds
-------------------------------------------------
[SAT Found] Makespan = 285
[VERIFY] VERIFY SUCCESS]
Total Execution Time so far: 314.29 seconds
-------------------------------------------------
[SAT Found] Makespan = 284
[VERIFY] VERIFY SUCCESS]
Total Execution Time so far: 314.30 seconds
-------------------------------------------------
[runlim] sample:		319.80 time, 320.01 real, 201 MB, 1.00 load
[runlim] sample:		329.79 time, 330.01 real, 202 MB, 1.00 load
[runlim] sample:		339.79 time, 340.01 real, 196 MB, 1.00 load
[runlim] sample:		349.78 time, 350.01 real, 200 MB, 1.00 load
[runlim] sample:		359.78 time, 360.01 real, 204 MB, 1.00 load
[runlim] sample:		369.77 time, 370.01 real, 207 MB, 1.00 load
[runlim] sample:		379.77 time, 380.01 real, 197 MB, 1.00 load
[runlim] sample:		389.75 time, 390.01 real, 197 MB, 1.00 load
[runlim] sample:		399.75 time, 400.01 real, 198 MB, 1.00 load
[runlim] sample:		409.74 time, 410.01 real, 198 MB, 1.00 load
[runlim] sample:		419.74 time, 420.01 real, 199 MB, 1.00 load
[runlim] sample:		429.73 time, 430.01 real, 211 MB, 1.08 load
[runlim] sample:		439.73 time, 440.01 real, 209 MB, 1.14 load
[runlim] sample:		449.72 time, 450.01 real, 208 MB, 1.12 load
[runlim] sample:		459.72 time, 460.01 real, 208 MB, 1.10 load
[runlim] sample:		469.72 time, 470.01 real, 213 MB, 1.08 load
[runlim] sample:		479.71 time, 480.01 real, 211 MB, 1.07 load
[runlim] sample:		489.71 time, 490.01 real, 209 MB, 1.06 load
[runlim] sample:		499.69 time, 500.01 real, 206 MB, 1.29 load
[runlim] sample:		509.69 time, 510.01 real, 208 MB, 1.25 load
[runlim] sample:		519.69 time, 520.01 real, 213 MB, 1.29 load
[runlim] sample:		529.68 time, 530.01 real, 204 MB, 1.24 load
[runlim] sample:		539.68 time, 540.01 real, 204 MB, 1.29 load
[runlim] sample:		549.66 time, 550.01 real, 201 MB, 1.24 load
[runlim] sample:		559.67 time, 560.01 real, 201 MB, 1.28 load
[runlim] sample:		569.65 time, 570.01 real, 202 MB, 1.24 load
[runlim] sample:		579.65 time, 580.01 real, 202 MB, 1.20 load
[runlim] sample:		589.65 time, 590.01 real, 202 MB, 1.17 load
[runlim] sample:		599.65 time, 600.01 real, 202 MB, 1.14 load
[runlim] sample:		609.64 time, 610.01 real, 203 MB, 1.12 load
[runlim] sample:		619.64 time, 620.01 real, 203 MB, 1.10 load
[runlim] sample:		629.63 time, 630.01 real, 202 MB, 1.09 load
[runlim] sample:		639.63 time, 640.01 real, 203 MB, 1.07 load
[runlim] sample:		649.62 time, 650.01 real, 203 MB, 1.06 load
[runlim] sample:		659.62 time, 660.01 real, 203 MB, 1.05 load
[runlim] sample:		669.61 time, 670.01 real, 203 MB, 1.04 load
[runlim] sample:		679.60 time, 680.01 real, 203 MB, 1.04 load
[runlim] sample:		689.60 time, 690.01 real, 204 MB, 1.03 load
[runlim] sample:		699.60 time, 700.01 real, 204 MB, 1.02 load
[runlim] sample:		709.60 time, 710.01 real, 204 MB, 1.02 load
[runlim] sample:		719.58 time, 720.01 real, 204 MB, 1.02 load
[runlim] sample:		729.58 time, 730.01 real, 204 MB, 1.01 load
[runlim] sample:		739.58 time, 740.01 real, 204 MB, 1.01 load
[runlim] sample:		749.57 time, 750.01 real, 205 MB, 1.01 load
[runlim] sample:		759.56 time, 760.01 real, 205 MB, 1.01 load
[runlim] sample:		769.56 time, 770.01 real, 205 MB, 1.01 load
[runlim] sample:		779.55 time, 780.01 real, 207 MB, 1.00 load
[runlim] sample:		789.55 time, 790.01 real, 216 MB, 1.00 load
[SAT Found] Makespan = 283
[VERIFY] VERIFY SUCCESS]
Total Execution Time so far: 789.98 seconds
-------------------------------------------------
[runlim] sample:		799.55 time, 800.01 real, 213 MB, 1.00 load
[runlim] sample:		809.54 time, 810.01 real, 213 MB, 1.00 load
[runlim] sample:		819.53 time, 820.01 real, 222 MB, 1.00 load
[runlim] sample:		829.53 time, 830.01 real, 230 MB, 1.00 load
[runlim] sample:		839.53 time, 840.01 real, 231 MB, 1.00 load
[runlim] sample:		849.52 time, 850.01 real, 231 MB, 1.00 load
[runlim] sample:		859.51 time, 860.01 real, 224 MB, 1.00 load
[runlim] sample:		869.51 time, 870.01 real, 222 MB, 1.00 load
[runlim] sample:		879.51 time, 880.01 real, 222 MB, 1.00 load
[runlim] sample:		889.51 time, 890.01 real, 223 MB, 1.00 load
[runlim] sample:		899.50 time, 900.01 real, 223 MB, 1.00 load
[runlim] sample:		909.49 time, 910.01 real, 223 MB, 1.00 load
[runlim] sample:		919.49 time, 920.01 real, 239 MB, 1.00 load
[runlim] sample:		929.48 time, 930.01 real, 239 MB, 1.08 load
[runlim] sample:		939.48 time, 940.01 real, 237 MB, 1.14 load
[runlim] sample:		949.48 time, 950.01 real, 237 MB, 1.12 load
[runlim] sample:		959.46 time, 960.01 real, 235 MB, 1.10 load
[runlim] sample:		969.46 time, 970.01 real, 235 MB, 1.08 load
[runlim] sample:		979.46 time, 980.01 real, 239 MB, 1.07 load
[runlim] sample:		989.46 time, 990.01 real, 239 MB, 1.06 load
[runlim] sample:		999.44 time, 1000.01 real, 236 MB, 1.05 load
[runlim] sample:		1009.45 time, 1010.01 real, 236 MB, 1.04 load
[runlim] sample:		1019.44 time, 1020.01 real, 236 MB, 1.04 load
[runlim] sample:		1029.43 time, 1030.01 real, 236 MB, 1.03 load
[runlim] sample:		1039.43 time, 1040.01 real, 236 MB, 1.02 load
[runlim] sample:		1049.42 time, 1050.01 real, 230 MB, 1.02 load
[runlim] sample:		1059.41 time, 1060.01 real, 224 MB, 1.02 load
[runlim] sample:		1069.41 time, 1070.01 real, 224 MB, 1.01 load
[runlim] sample:		1079.40 time, 1080.01 real, 224 MB, 1.01 load
[runlim] sample:		1089.40 time, 1090.01 real, 224 MB, 1.01 load
[runlim] sample:		1099.39 time, 1100.01 real, 225 MB, 1.01 load
[runlim] sample:		1109.39 time, 1110.01 real, 225 MB, 1.08 load
[runlim] sample:		1119.39 time, 1120.01 real, 225 MB, 1.07 load
[runlim] sample:		1129.39 time, 1130.01 real, 226 MB, 1.06 load
[runlim] sample:		1139.38 time, 1140.01 real, 226 MB, 1.05 load
[runlim] sample:		1149.38 time, 1150.01 real, 226 MB, 1.04 load
[runlim] sample:		1159.37 time, 1160.01 real, 226 MB, 1.03 load
[runlim] sample:		1169.36 time, 1170.01 real, 226 MB, 1.03 load
[runlim] sample:		1179.36 time, 1180.01 real, 226 MB, 1.02 load
[runlim] sample:		1189.35 time, 1190.01 real, 227 MB, 1.02 load
[runlim] sample:		1199.34 time, 1200.01 real, 227 MB, 1.02 load
[runlim] sample:		1209.34 time, 1210.01 real, 227 MB, 1.01 load
[runlim] sample:		1219.34 time, 1220.01 real, 227 MB, 1.01 load
[runlim] sample:		1229.34 time, 1230.01 real, 227 MB, 1.01 load
[runlim] sample:		1239.33 time, 1240.01 real, 227 MB, 1.01 load
[runlim] sample:		1249.32 time, 1250.01 real, 228 MB, 1.00 load
[runlim] sample:		1259.32 time, 1260.01 real, 228 MB, 1.24 load
[runlim] sample:		1269.31 time, 1270.01 real, 228 MB, 1.20 load
[runlim] sample:		1279.31 time, 1280.01 real, 228 MB, 1.17 load
[runlim] sample:		1289.30 time, 1290.01 real, 228 MB, 1.14 load
[runlim] sample:		1299.31 time, 1300.01 real, 228 MB, 1.12 load
[runlim] sample:		1309.30 time, 1310.01 real, 228 MB, 1.10 load
[runlim] sample:		1319.29 time, 1320.01 real, 229 MB, 1.09 load
[runlim] sample:		1329.29 time, 1330.01 real, 229 MB, 1.07 load
[runlim] sample:		1339.29 time, 1340.01 real, 239 MB, 1.06 load
[runlim] sample:		1349.28 time, 1350.01 real, 239 MB, 1.13 load
[runlim] sample:		1359.27 time, 1360.01 real, 240 MB, 1.11 load
[runlim] sample:		1369.27 time, 1370.01 real, 240 MB, 1.09 load
[runlim] sample:		1379.27 time, 1380.01 real, 249 MB, 1.08 load
[SAT Found] Makespan = 282
[VERIFY] VERIFY SUCCESS]
Total Execution Time so far: 1388.68 seconds
-------------------------------------------------
[runlim] sample:		1389.26 time, 1390.01 real, 300 MB, 1.07 load
[runlim] sample:		1399.25 time, 1400.01 real, 231 MB, 1.06 load
[runlim] sample:		1409.24 time, 1410.01 real, 236 MB, 1.05 load
[runlim] sample:		1419.24 time, 1420.01 real, 236 MB, 1.04 load
[runlim] sample:		1429.24 time, 1430.01 real, 237 MB, 1.11 load
[runlim] sample:		1439.24 time, 1440.01 real, 237 MB, 1.17 load
[runlim] sample:		1449.23 time, 1450.01 real, 248 MB, 1.14 load
[runlim] sample:		1459.23 time, 1460.01 real, 248 MB, 1.12 load
[runlim] sample:		1469.23 time, 1470.01 real, 232 MB, 1.10 load
[runlim] sample:		1479.22 time, 1480.01 real, 232 MB, 1.09 load
[runlim] sample:		1489.22 time, 1490.01 real, 281 MB, 1.15 load
[runlim] sample:		1499.21 time, 1500.01 real, 231 MB, 1.12 load
[runlim] sample:		1509.20 time, 1510.01 real, 240 MB, 1.18 load
[runlim] sample:		1519.20 time, 1520.01 real, 240 MB, 1.15 load
[runlim] sample:		1529.19 time, 1530.01 real, 240 MB, 1.13 load
[runlim] sample:		1539.19 time, 1540.01 real, 252 MB, 1.11 load
[runlim] sample:		1549.18 time, 1550.01 real, 252 MB, 1.09 load
[runlim] sample:		1559.17 time, 1560.01 real, 258 MB, 1.08 load
[runlim] sample:		1569.17 time, 1570.01 real, 258 MB, 1.06 load
[runlim] sample:		1579.16 time, 1580.01 real, 258 MB, 1.05 load
[runlim] sample:		1589.16 time, 1590.01 real, 258 MB, 1.04 load
[runlim] sample:		1599.16 time, 1600.01 real, 258 MB, 1.04 load
[runlim] sample:		1609.15 time, 1610.01 real, 261 MB, 1.03 load
[runlim] sample:		1619.14 time, 1620.01 real, 261 MB, 1.03 load
[runlim] sample:		1629.14 time, 1630.01 real, 261 MB, 1.02 load
[runlim] sample:		1639.14 time, 1640.01 real, 257 MB, 1.02 load
[runlim] sample:		1649.13 time, 1650.01 real, 257 MB, 1.01 load
[runlim] sample:		1659.12 time, 1660.01 real, 264 MB, 1.01 load
[runlim] sample:		1669.12 time, 1670.01 real, 264 MB, 1.01 load
[runlim] sample:		1679.11 time, 1680.01 real, 264 MB, 1.01 load
[runlim] sample:		1689.11 time, 1690.01 real, 245 MB, 1.01 load
[runlim] sample:		1699.11 time, 1700.01 real, 245 MB, 1.00 load
[runlim] sample:		1709.10 time, 1710.01 real, 241 MB, 1.00 load
[runlim] sample:		1719.09 time, 1720.01 real, 241 MB, 1.00 load
[runlim] sample:		1729.09 time, 1730.01 real, 249 MB, 1.00 load
[runlim] sample:		1739.09 time, 1740.01 real, 250 MB, 1.00 load
[runlim] sample:		1749.08 time, 1750.01 real, 250 MB, 1.00 load
[runlim] sample:		1759.08 time, 1760.01 real, 250 MB, 1.00 load
[runlim] sample:		1769.07 time, 1770.01 real, 250 MB, 1.00 load
[runlim] sample:		1779.06 time, 1780.01 real, 250 MB, 1.00 load
[runlim] sample:		1789.06 time, 1790.01 real, 250 MB, 1.00 load
[runlim] sample:		1799.06 time, 1800.01 real, 250 MB, 1.00 load
[runlim] sample:		1809.05 time, 1810.01 real, 250 MB, 1.00 load
[runlim] sample:		1819.05 time, 1820.01 real, 251 MB, 1.00 load
[runlim] sample:		1829.04 time, 1830.01 real, 251 MB, 1.00 load
[runlim] sample:		1839.04 time, 1840.01 real, 251 MB, 1.00 load
[runlim] sample:		1849.03 time, 1850.01 real, 251 MB, 1.00 load
[runlim] sample:		1859.02 time, 1860.01 real, 251 MB, 1.00 load
[runlim] sample:		1869.02 time, 1870.01 real, 251 MB, 1.07 load
[runlim] sample:		1879.02 time, 1880.01 real, 252 MB, 1.06 load
[runlim] sample:		1889.02 time, 1890.01 real, 252 MB, 1.05 load
[runlim] sample:		1899.01 time, 1900.01 real, 252 MB, 1.04 load
[runlim] sample:		1909.00 time, 1910.01 real, 252 MB, 1.04 load
[runlim] sample:		1919.00 time, 1920.01 real, 252 MB, 1.03 load
[runlim] sample:		1928.99 time, 1930.01 real, 252 MB, 1.11 load
[runlim] sample:		1938.98 time, 1940.01 real, 252 MB, 1.16 load
[runlim] sample:		1948.98 time, 1950.01 real, 252 MB, 1.14 load
[runlim] sample:		1958.97 time, 1960.01 real, 252 MB, 1.12 load
[runlim] sample:		1968.97 time, 1970.01 real, 253 MB, 1.10 load
[runlim] sample:		1978.97 time, 1980.01 real, 253 MB, 1.08 load
[runlim] sample:		1988.97 time, 1990.01 real, 257 MB, 1.07 load
[runlim] sample:		1998.96 time, 2000.01 real, 257 MB, 1.06 load
[runlim] sample:		2008.96 time, 2010.01 real, 257 MB, 1.05 load
[runlim] sample:		2018.95 time, 2020.01 real, 267 MB, 1.12 load
[runlim] sample:		2028.94 time, 2030.01 real, 267 MB, 1.10 load
[runlim] sample:		2038.94 time, 2040.01 real, 267 MB, 1.09 load
[runlim] sample:		2048.93 time, 2050.01 real, 271 MB, 1.07 load
[runlim] sample:		2058.93 time, 2060.01 real, 271 MB, 1.06 load
[runlim] sample:		2068.92 time, 2070.01 real, 271 MB, 1.05 load
[runlim] sample:		2078.92 time, 2080.01 real, 272 MB, 1.04 load
[runlim] sample:		2088.92 time, 2090.01 real, 272 MB, 1.04 load
[runlim] sample:		2098.91 time, 2100.01 real, 273 MB, 1.03 load
[runlim] sample:		2108.91 time, 2110.01 real, 273 MB, 1.02 load
[runlim] sample:		2118.90 time, 2120.01 real, 273 MB, 1.02 load
[runlim] sample:		2128.90 time, 2130.01 real, 272 MB, 1.02 load
[runlim] sample:		2138.89 time, 2140.01 real, 272 MB, 1.01 load
[runlim] sample:		2148.89 time, 2150.01 real, 272 MB, 1.01 load
[runlim] sample:		2158.89 time, 2160.01 real, 280 MB, 1.01 load
[SAT Found] Makespan = 281
[VERIFY] VERIFY SUCCESS]
Total Execution Time so far: 2169.91 seconds
-------------------------------------------------
[runlim] sample:		2168.88 time, 2170.01 real, 280 MB, 1.01 load
[runlim] sample:		2178.88 time, 2180.01 real, 280 MB, 1.01 load
[runlim] sample:		2188.88 time, 2190.01 real, 271 MB, 1.00 load
[runlim] sample:		2198.87 time, 2200.01 real, 271 MB, 1.00 load
[runlim] sample:		2208.87 time, 2210.01 real, 257 MB, 1.00 load
[runlim] sample:		2218.86 time, 2220.01 real, 257 MB, 1.00 load
[runlim] sample:		2228.86 time, 2230.01 real, 267 MB, 1.00 load
[runlim] sample:		2238.85 time, 2240.01 real, 281 MB, 1.00 load
[runlim] sample:		2248.85 time, 2250.01 real, 281 MB, 1.00 load
[runlim] sample:		2258.84 time, 2260.01 real, 281 MB, 1.00 load
[runlim] sample:		2268.83 time, 2270.01 real, 271 MB, 1.00 load
[runlim] sample:		2278.83 time, 2280.01 real, 271 MB, 1.00 load
[runlim] sample:		2288.82 time, 2290.01 real, 271 MB, 1.00 load
[runlim] sample:		2298.82 time, 2300.01 real, 268 MB, 1.00 load
[runlim] sample:		2308.82 time, 2310.01 real, 268 MB, 1.00 load
[runlim] sample:		2318.81 time, 2320.01 real, 268 MB, 1.00 load
[runlim] sample:		2328.81 time, 2330.01 real, 273 MB, 1.00 load
[SAT Found] Makespan = 280
[VERIFY] VERIFY SUCCESS]
Total Execution Time so far: 2331.43 seconds
-------------------------------------------------
[runlim] sample:		2338.81 time, 2340.01 real, 273 MB, 1.16 load
[runlim] sample:		2348.80 time, 2350.01 real, 285 MB, 1.13 load
[runlim] sample:		2358.80 time, 2360.01 real, 285 MB, 1.11 load
[runlim] sample:		2368.79 time, 2370.01 real, 285 MB, 1.10 load
[runlim] sample:		2378.79 time, 2380.01 real, 275 MB, 1.08 load
[runlim] sample:		2388.79 time, 2390.01 real, 275 MB, 1.07 load
[runlim] sample:		2398.79 time, 2400.01 real, 285 MB, 1.06 load
[runlim] sample:		2408.78 time, 2410.01 real, 285 MB, 1.05 load
[runlim] sample:		2418.78 time, 2420.01 real, 285 MB, 1.04 load
[runlim] sample:		2428.78 time, 2430.01 real, 285 MB, 1.19 load
[runlim] sample:		2438.77 time, 2440.01 real, 270 MB, 1.24 load
[runlim] sample:		2448.76 time, 2450.01 real, 270 MB, 1.20 load
[runlim] sample:		2458.76 time, 2460.01 real, 270 MB, 1.17 load
[runlim] sample:		2468.76 time, 2470.01 real, 270 MB, 1.14 load
[runlim] sample:		2478.76 time, 2480.01 real, 270 MB, 1.12 load
[runlim] sample:		2488.76 time, 2490.01 real, 270 MB, 1.10 load
[SAT Found] Makespan = 279
[VERIFY] VERIFY SUCCESS]
Total Execution Time so far: 2490.54 seconds
-------------------------------------------------
[runlim] sample:		2498.75 time, 2500.01 real, 283 MB, 1.09 load
[runlim] sample:		2508.75 time, 2510.01 real, 283 MB, 1.07 load
[runlim] sample:		2518.74 time, 2520.01 real, 283 MB, 1.06 load
[runlim] sample:		2528.73 time, 2530.01 real, 279 MB, 1.13 load
[runlim] sample:		2538.74 time, 2540.01 real, 279 MB, 1.11 load
[runlim] sample:		2548.73 time, 2550.01 real, 286 MB, 1.09 load
[runlim] sample:		2558.72 time, 2560.01 real, 286 MB, 1.08 load
[runlim] sample:		2568.72 time, 2570.01 real, 286 MB, 1.07 load
[runlim] sample:		2578.72 time, 2580.01 real, 287 MB, 1.06 load
[runlim] sample:		2588.71 time, 2590.01 real, 287 MB, 1.05 load
[runlim] sample:		2598.71 time, 2600.01 real, 287 MB, 1.04 load
[runlim] sample:		2608.70 time, 2610.01 real, 287 MB, 1.03 load
[runlim] sample:		2618.70 time, 2620.01 real, 271 MB, 1.03 load
[runlim] sample:		2628.70 time, 2630.01 real, 271 MB, 1.02 load
[runlim] sample:		2638.69 time, 2640.01 real, 271 MB, 1.02 load
[runlim] sample:		2648.69 time, 2650.01 real, 285 MB, 1.02 load
[runlim] sample:		2658.69 time, 2660.01 real, 285 MB, 1.01 load
[runlim] sample:		2668.69 time, 2670.01 real, 306 MB, 1.01 load
[SAT Found] Makespan = 278
[VERIFY] VERIFY SUCCESS]
Total Execution Time so far: 2676.44 seconds
-------------------------------------------------
[runlim] sample:		2678.68 time, 2680.01 real, 306 MB, 1.01 load
[runlim] sample:		2688.68 time, 2690.01 real, 306 MB, 1.01 load
[runlim] sample:		2698.67 time, 2700.01 real, 299 MB, 1.00 load
[runlim] sample:		2708.66 time, 2710.01 real, 299 MB, 1.00 load
[runlim] sample:		2718.66 time, 2720.01 real, 299 MB, 1.00 load
[runlim] sample:		2728.66 time, 2730.01 real, 292 MB, 1.00 load
[runlim] sample:		2738.66 time, 2740.01 real, 292 MB, 1.00 load
[runlim] sample:		2748.65 time, 2750.01 real, 292 MB, 1.00 load
[runlim] sample:		2758.65 time, 2760.01 real, 296 MB, 1.00 load
[runlim] sample:		2768.65 time, 2770.01 real, 296 MB, 1.00 load
[runlim] sample:		2778.64 time, 2780.01 real, 296 MB, 1.00 load
[runlim] sample:		2788.64 time, 2790.01 real, 296 MB, 1.00 load
[runlim] sample:		2798.63 time, 2800.01 real, 285 MB, 1.00 load
[runlim] sample:		2808.63 time, 2810.01 real, 285 MB, 1.00 load
[runlim] sample:		2818.62 time, 2820.01 real, 285 MB, 1.00 load
[runlim] sample:		2828.62 time, 2830.01 real, 285 MB, 1.00 load
[runlim] sample:		2838.62 time, 2840.01 real, 285 MB, 1.00 load
[runlim] sample:		2848.61 time, 2850.01 real, 298 MB, 1.00 load
[runlim] sample:		2858.60 time, 2860.01 real, 298 MB, 1.00 load
[runlim] sample:		2868.60 time, 2870.01 real, 298 MB, 1.00 load
[runlim] sample:		2878.60 time, 2880.01 real, 309 MB, 1.00 load
[SAT Found] Makespan = 277
[VERIFY] VERIFY SUCCESS]
Total Execution Time so far: 2885.31 seconds
-------------------------------------------------
[runlim] sample:		2888.59 time, 2890.01 real, 309 MB, 1.00 load
[runlim] sample:		2898.59 time, 2900.01 real, 309 MB, 1.00 load
[runlim] sample:		2908.58 time, 2910.01 real, 301 MB, 1.00 load
[runlim] sample:		2918.58 time, 2920.01 real, 301 MB, 1.00 load
[runlim] sample:		2928.58 time, 2930.01 real, 301 MB, 1.08 load
[runlim] sample:		2938.57 time, 2940.01 real, 293 MB, 1.14 load
[runlim] sample:		2948.57 time, 2950.01 real, 293 MB, 1.12 load
[runlim] sample:		2958.57 time, 2960.01 real, 293 MB, 1.10 load
[runlim] sample:		2968.55 time, 2970.01 real, 297 MB, 1.08 load
[runlim] sample:		2978.55 time, 2980.01 real, 297 MB, 1.07 load
[runlim] sample:		2988.55 time, 2990.01 real, 297 MB, 1.06 load
[runlim] sample:		2998.54 time, 3000.01 real, 297 MB, 1.05 load
[runlim] sample:		3008.54 time, 3010.01 real, 286 MB, 1.04 load
[runlim] sample:		3018.54 time, 3020.01 real, 286 MB, 1.04 load
[runlim] sample:		3028.54 time, 3030.01 real, 286 MB, 1.19 load
[runlim] sample:		3038.53 time, 3040.01 real, 286 MB, 1.16 load
[runlim] sample:		3048.52 time, 3050.01 real, 286 MB, 1.13 load
[runlim] sample:		3058.52 time, 3060.01 real, 286 MB, 1.11 load
[runlim] sample:		3068.51 time, 3070.01 real, 286 MB, 1.10 load
[runlim] sample:		3078.51 time, 3080.01 real, 306 MB, 1.08 load
[runlim] sample:		3088.51 time, 3090.01 real, 306 MB, 1.07 load
[SAT Found] Makespan = 276
[VERIFY] VERIFY SUCCESS]
Total Execution Time so far: 3095.91 seconds
-------------------------------------------------
[runlim] sample:		3098.50 time, 3100.01 real, 306 MB, 1.06 load
[runlim] sample:		3108.50 time, 3110.01 real, 304 MB, 1.05 load
[runlim] sample:		3118.49 time, 3120.01 real, 304 MB, 1.04 load
[runlim] sample:		3128.49 time, 3130.01 real, 304 MB, 1.03 load
[runlim] sample:		3138.49 time, 3140.01 real, 294 MB, 1.03 load
[runlim] sample:		3148.48 time, 3150.01 real, 294 MB, 1.02 load
[runlim] sample:		3158.48 time, 3160.01 real, 294 MB, 1.02 load
[runlim] sample:		3168.47 time, 3170.01 real, 304 MB, 1.02 load
[runlim] sample:		3178.47 time, 3180.01 real, 304 MB, 1.01 load
[runlim] sample:		3188.46 time, 3190.01 real, 304 MB, 1.08 load
[runlim] sample:		3198.46 time, 3200.01 real, 304 MB, 1.07 load
[runlim] sample:		3208.45 time, 3210.01 real, 289 MB, 1.06 load
[runlim] sample:		3218.45 time, 3220.01 real, 289 MB, 1.05 load
[runlim] sample:		3228.44 time, 3230.01 real, 289 MB, 1.04 load
[runlim] sample:		3238.44 time, 3240.01 real, 289 MB, 1.04 load
[runlim] sample:		3248.44 time, 3250.01 real, 287 MB, 1.03 load
[runlim] sample:		3258.43 time, 3260.01 real, 287 MB, 1.02 load
[runlim] sample:		3268.43 time, 3270.01 real, 287 MB, 1.10 load
[runlim] sample:		3278.42 time, 3280.01 real, 300 MB, 1.08 load
[runlim] sample:		3288.42 time, 3290.01 real, 300 MB, 1.07 load
[runlim] sample:		3298.41 time, 3300.01 real, 300 MB, 1.06 load
[SAT Found] Makespan = 275
[VERIFY] VERIFY SUCCESS]
Total Execution Time so far: 3301.77 seconds
-------------------------------------------------
[runlim] sample:		3308.41 time, 3310.01 real, 300 MB, 1.05 load
[runlim] sample:		3318.40 time, 3320.01 real, 306 MB, 1.04 load
[runlim] sample:		3328.40 time, 3330.01 real, 306 MB, 1.04 load
[runlim] sample:		3338.40 time, 3340.01 real, 306 MB, 1.03 load
[runlim] sample:		3348.39 time, 3350.01 real, 296 MB, 1.02 load
[runlim] sample:		3358.39 time, 3360.01 real, 296 MB, 1.02 load
[runlim] sample:		3368.38 time, 3370.01 real, 296 MB, 1.02 load
[runlim] sample:		3378.38 time, 3380.01 real, 305 MB, 1.01 load
[runlim] sample:		3388.38 time, 3390.01 real, 305 MB, 1.01 load
[runlim] sample:		3398.37 time, 3400.01 real, 305 MB, 1.01 load
[runlim] sample:		3408.37 time, 3410.01 real, 305 MB, 1.01 load
[runlim] sample:		3418.36 time, 3420.01 real, 305 MB, 1.01 load
[runlim] sample:		3428.35 time, 3430.01 real, 287 MB, 1.08 load
[runlim] sample:		3438.35 time, 3440.01 real, 287 MB, 1.15 load
[runlim] sample:		3448.34 time, 3450.01 real, 287 MB, 1.12 load
[runlim] sample:		3458.34 time, 3460.01 real, 287 MB, 1.10 load
[runlim] sample:		3468.34 time, 3470.01 real, 288 MB, 1.09 load
[runlim] sample:		3478.33 time, 3480.01 real, 288 MB, 1.07 load
[SAT Found] Makespan = 274
[VERIFY] VERIFY SUCCESS]
Total Execution Time so far: 3486.23 seconds
-------------------------------------------------
[runlim] sample:		3488.33 time, 3490.01 real, 288 MB, 1.06 load
[runlim] sample:		3498.33 time, 3500.01 real, 313 MB, 1.05 load
[runlim] sample:		3508.32 time, 3510.01 real, 313 MB, 1.04 load
[runlim] sample:		3518.32 time, 3520.01 real, 313 MB, 1.04 load
[runlim] sample:		3528.31 time, 3530.01 real, 295 MB, 1.11 load
[runlim] sample:		3538.31 time, 3540.01 real, 295 MB, 1.09 load
[runlim] sample:		3548.31 time, 3550.01 real, 295 MB, 1.16 load
[runlim] sample:		3558.30 time, 3560.01 real, 295 MB, 1.13 load
[runlim] sample:		3568.29 time, 3570.01 real, 312 MB, 1.19 load
[runlim] sample:		3578.29 time, 3580.01 real, 312 MB, 1.16 load
[runlim] sample:		3588.28 time, 3590.01 real, 312 MB, 1.14 load
[runlim] sample:		3598.28 time, 3600.01 real, 312 MB, 1.12 load
[runlim] end:			Wed Aug 12 05:24:40 2026
[runlim] status:		out of time
[runlim] result:		2
[runlim] children:		1
[runlim] processes:		2
[runlim] real:			3601.06 seconds
[runlim] time:			3598.28 seconds
[runlim] space:			384 MB
[runlim] load:			1.29 maximum
[runlim] samples:		36000
