[runlim] version:		2.0.0rc12
[runlim] host:			ap-Precision-7550
[runlim] time limit:		311040000 seconds
[runlim] real time limit:	3600 seconds
[runlim] space limit:		14000 MB
[runlim] argv[0]:		python3
[runlim] argv[1]:		-u
[runlim] argv[2]:		main_ver2.py
[runlim] argv[3]:		Datasets/MPSFs/MPSF08.txt
[runlim] argv[4]:		--symmetry
[runlim] start:			Wed Aug 12 03:24:38 2026
[runlim] child:			6605
=== CONFIGURATION ===
File Path: Datasets/MPSFs/MPSF08.txt
Symmetry Breaking: True
Same Machine Mode (sm_mode): 2d
Transitive Order Precedence (All Ops): False
Full Transitive: False
=====================

Reading file: Datasets/MPSFs/MPSF08.txt
Finished reading file: Datasets/MPSFs/MPSF08.txt
=== GREEDY INITIAL SOLUTION ===
Scheduled Operations: 32/32
Makespan (UB): 264
-------------------------------------------------
[SAT Found] Makespan = 263
[VERIFY] VERIFY SUCCESS]
Total Execution Time so far: 0.34 seconds
-------------------------------------------------
[SAT Found] Makespan = 262
[VERIFY] VERIFY SUCCESS]
Total Execution Time so far: 0.35 seconds
-------------------------------------------------
[SAT Found] Makespan = 261
[VERIFY] VERIFY SUCCESS]
Total Execution Time so far: 0.35 seconds
-------------------------------------------------
[SAT Found] Makespan = 260
[VERIFY] VERIFY SUCCESS]
Total Execution Time so far: 0.36 seconds
-------------------------------------------------
[SAT Found] Makespan = 259
[VERIFY] VERIFY SUCCESS]
Total Execution Time so far: 0.36 seconds
-------------------------------------------------
[SAT Found] Makespan = 258
[VERIFY] VERIFY SUCCESS]
Total Execution Time so far: 0.37 seconds
-------------------------------------------------
[SAT Found] Makespan = 257
[VERIFY] VERIFY SUCCESS]
Total Execution Time so far: 0.37 seconds
-------------------------------------------------
[SAT Found] Makespan = 256
[VERIFY] VERIFY SUCCESS]
Total Execution Time so far: 0.37 seconds
-------------------------------------------------
[SAT Found] Makespan = 255
[VERIFY] VERIFY SUCCESS]
Total Execution Time so far: 0.38 seconds
-------------------------------------------------
[SAT Found] Makespan = 254
[VERIFY] VERIFY SUCCESS]
Total Execution Time so far: 0.38 seconds
-------------------------------------------------
[SAT Found] Makespan = 253
[VERIFY] VERIFY SUCCESS]
Total Execution Time so far: 0.39 seconds
-------------------------------------------------
[SAT Found] Makespan = 252
[VERIFY] VERIFY SUCCESS]
Total Execution Time so far: 0.39 seconds
-------------------------------------------------
[SAT Found] Makespan = 251
[VERIFY] VERIFY SUCCESS]
Total Execution Time so far: 0.40 seconds
-------------------------------------------------
[SAT Found] Makespan = 250
[VERIFY] VERIFY SUCCESS]
Total Execution Time so far: 0.40 seconds
-------------------------------------------------
[SAT Found] Makespan = 249
[VERIFY] VERIFY SUCCESS]
Total Execution Time so far: 0.41 seconds
-------------------------------------------------
[SAT Found] Makespan = 248
[VERIFY] VERIFY SUCCESS]
Total Execution Time so far: 0.41 seconds
-------------------------------------------------
[SAT Found] Makespan = 247
[VERIFY] VERIFY SUCCESS]
Total Execution Time so far: 0.42 seconds
-------------------------------------------------
[SAT Found] Makespan = 246
[VERIFY] VERIFY SUCCESS]
Total Execution Time so far: 0.42 seconds
-------------------------------------------------
[SAT Found] Makespan = 236
[VERIFY] VERIFY SUCCESS]
Total Execution Time so far: 0.43 seconds
-------------------------------------------------
[SAT Found] Makespan = 235
[VERIFY] VERIFY SUCCESS]
Total Execution Time so far: 0.52 seconds
-------------------------------------------------
[SAT Found] Makespan = 234
[VERIFY] VERIFY SUCCESS]
Total Execution Time so far: 0.57 seconds
-------------------------------------------------
[SAT Found] Makespan = 233
[VERIFY] VERIFY SUCCESS]
Total Execution Time so far: 0.58 seconds
-------------------------------------------------
[SAT Found] Makespan = 232
[VERIFY] VERIFY SUCCESS]
Total Execution Time so far: 0.58 seconds
-------------------------------------------------
[SAT Found] Makespan = 231
[VERIFY] VERIFY SUCCESS]
Total Execution Time so far: 0.59 seconds
-------------------------------------------------
[SAT Found] Makespan = 230
[VERIFY] VERIFY SUCCESS]
Total Execution Time so far: 0.64 seconds
-------------------------------------------------
[SAT Found] Makespan = 229
[VERIFY] VERIFY SUCCESS]
Total Execution Time so far: 0.87 seconds
-------------------------------------------------
[SAT Found] Makespan = 228
[VERIFY] VERIFY SUCCESS]
Total Execution Time so far: 1.00 seconds
-------------------------------------------------
[SAT Found] Makespan = 227
[VERIFY] VERIFY SUCCESS]
Total Execution Time so far: 1.68 seconds
-------------------------------------------------
[SAT Found] Makespan = 226
[VERIFY] VERIFY SUCCESS]
Total Execution Time so far: 1.84 seconds
-------------------------------------------------
[SAT Found] Makespan = 225
[VERIFY] VERIFY SUCCESS]
Total Execution Time so far: 2.00 seconds
-------------------------------------------------
[SAT Found] Makespan = 223
[VERIFY] VERIFY SUCCESS]
Total Execution Time so far: 2.06 seconds
-------------------------------------------------
[SAT Found] Makespan = 222
[VERIFY] VERIFY SUCCESS]
Total Execution Time so far: 2.06 seconds
-------------------------------------------------
[SAT Found] Makespan = 221
[VERIFY] VERIFY SUCCESS]
Total Execution Time so far: 2.71 seconds
-------------------------------------------------
[SAT Found] Makespan = 220
[VERIFY] VERIFY SUCCESS]
Total Execution Time so far: 3.45 seconds
-------------------------------------------------
[SAT Found] Makespan = 219
[VERIFY] VERIFY SUCCESS]
Total Execution Time so far: 3.47 seconds
-------------------------------------------------
[SAT Found] Makespan = 218
[VERIFY] VERIFY SUCCESS]
Total Execution Time so far: 4.08 seconds
-------------------------------------------------
[SAT Found] Makespan = 217
[VERIFY] VERIFY SUCCESS]
Total Execution Time so far: 4.08 seconds
-------------------------------------------------
[SAT Found] Makespan = 216
[VERIFY] VERIFY SUCCESS]
Total Execution Time so far: 4.09 seconds
-------------------------------------------------
[SAT Found] Makespan = 215
[VERIFY] VERIFY SUCCESS]
Total Execution Time so far: 4.09 seconds
-------------------------------------------------
[SAT Found] Makespan = 214
[VERIFY] VERIFY SUCCESS]
Total Execution Time so far: 4.23 seconds
-------------------------------------------------
[SAT Found] Makespan = 213
[VERIFY] VERIFY SUCCESS]
Total Execution Time so far: 4.74 seconds
-------------------------------------------------
[SAT Found] Makespan = 212
[VERIFY] VERIFY SUCCESS]
Total Execution Time so far: 4.74 seconds
-------------------------------------------------
[SAT Found] Makespan = 211
[VERIFY] VERIFY SUCCESS]
Total Execution Time so far: 5.53 seconds
-------------------------------------------------
[SAT Found] Makespan = 210
[VERIFY] VERIFY SUCCESS]
Total Execution Time so far: 5.54 seconds
-------------------------------------------------
[SAT Found] Makespan = 209
[VERIFY] VERIFY SUCCESS]
Total Execution Time so far: 5.54 seconds
-------------------------------------------------
[SAT Found] Makespan = 208
[VERIFY] VERIFY SUCCESS]
Total Execution Time so far: 6.76 seconds
-------------------------------------------------
[SAT Found] Makespan = 207
[VERIFY] VERIFY SUCCESS]
Total Execution Time so far: 6.78 seconds
-------------------------------------------------
[SAT Found] Makespan = 206
[VERIFY] VERIFY SUCCESS]
Total Execution Time so far: 9.58 seconds
-------------------------------------------------
[runlim] sample:		9.94 time, 10.01 real, 87 MB, 1.07 load
[SAT Found] Makespan = 200
[VERIFY] VERIFY SUCCESS]
Total Execution Time so far: 10.20 seconds
-------------------------------------------------
[SAT Found] Makespan = 199
[VERIFY] VERIFY SUCCESS]
Total Execution Time so far: 10.21 seconds
-------------------------------------------------
[SAT Found] Makespan = 198
[VERIFY] VERIFY SUCCESS]
Total Execution Time so far: 10.21 seconds
-------------------------------------------------
[SAT Found] Makespan = 197
[VERIFY] VERIFY SUCCESS]
Total Execution Time so far: 10.22 seconds
-------------------------------------------------
[SAT Found] Makespan = 196
[VERIFY] VERIFY SUCCESS]
Total Execution Time so far: 10.23 seconds
-------------------------------------------------
[runlim] sample:		19.93 time, 20.01 real, 87 MB, 1.06 load
[SAT Found] Makespan = 195
[VERIFY] VERIFY SUCCESS]
Total Execution Time so far: 21.38 seconds
-------------------------------------------------
[SAT Found] Makespan = 194
[VERIFY] VERIFY SUCCESS]
Total Execution Time so far: 24.70 seconds
-------------------------------------------------
[runlim] sample:		29.92 time, 30.01 real, 73 MB, 1.05 load
[SAT Found] Makespan = 193
[VERIFY] VERIFY SUCCESS]
Total Execution Time so far: 36.97 seconds
-------------------------------------------------
[SAT Found] Makespan = 192
[VERIFY] VERIFY SUCCESS]
Total Execution Time so far: 36.99 seconds
-------------------------------------------------
[runlim] sample:		39.92 time, 40.01 real, 91 MB, 1.04 load
[runlim] sample:		49.91 time, 50.01 real, 80 MB, 1.03 load
[SAT Found] Makespan = 191
[VERIFY] VERIFY SUCCESS]
Total Execution Time so far: 51.47 seconds
-------------------------------------------------
[runlim] sample:		59.91 time, 60.01 real, 71 MB, 1.03 load
[SAT Found] Makespan = 190
[VERIFY] VERIFY SUCCESS]
Total Execution Time so far: 66.59 seconds
-------------------------------------------------
[runlim] sample:		69.91 time, 70.01 real, 82 MB, 1.02 load
[runlim] sample:		79.90 time, 80.01 real, 84 MB, 1.02 load
[runlim] sample:		89.89 time, 90.01 real, 96 MB, 1.02 load
[runlim] sample:		99.89 time, 100.01 real, 96 MB, 1.01 load
[runlim] sample:		109.89 time, 110.01 real, 98 MB, 1.01 load
[runlim] sample:		119.88 time, 120.01 real, 98 MB, 1.01 load
[runlim] sample:		129.89 time, 130.01 real, 82 MB, 1.01 load
[runlim] sample:		139.88 time, 140.01 real, 85 MB, 1.00 load
[runlim] sample:		149.87 time, 150.01 real, 91 MB, 1.00 load
[runlim] sample:		159.87 time, 160.01 real, 105 MB, 1.00 load
[runlim] sample:		169.86 time, 170.01 real, 108 MB, 1.00 load
[runlim] sample:		179.86 time, 180.01 real, 108 MB, 1.00 load
[SAT Found] Makespan = 189
[VERIFY] VERIFY SUCCESS]
Total Execution Time so far: 184.48 seconds
-------------------------------------------------
[SAT Found] Makespan = 188
[VERIFY] VERIFY SUCCESS]
Total Execution Time so far: 184.50 seconds
-------------------------------------------------
[runlim] sample:		189.85 time, 190.01 real, 108 MB, 1.00 load
[runlim] sample:		199.85 time, 200.01 real, 108 MB, 1.00 load
[runlim] sample:		209.85 time, 210.01 real, 81 MB, 1.07 load
[runlim] sample:		219.84 time, 220.01 real, 82 MB, 1.06 load
[runlim] sample:		229.84 time, 230.01 real, 97 MB, 1.05 load
[runlim] sample:		239.83 time, 240.01 real, 111 MB, 1.04 load
[runlim] sample:		249.83 time, 250.01 real, 111 MB, 1.12 load
[runlim] sample:		259.82 time, 260.01 real, 111 MB, 1.17 load
[runlim] sample:		269.82 time, 270.01 real, 116 MB, 1.15 load
[runlim] sample:		279.81 time, 280.01 real, 116 MB, 1.12 load
[runlim] sample:		289.81 time, 290.01 real, 116 MB, 1.10 load
[runlim] sample:		299.80 time, 300.01 real, 116 MB, 1.09 load
[runlim] sample:		309.80 time, 310.01 real, 83 MB, 1.07 load
[runlim] sample:		319.79 time, 320.01 real, 83 MB, 1.06 load
[runlim] sample:		329.78 time, 330.01 real, 102 MB, 1.05 load
[runlim] sample:		339.78 time, 340.01 real, 119 MB, 1.04 load
[runlim] sample:		349.78 time, 350.01 real, 119 MB, 1.04 load
[runlim] sample:		359.78 time, 360.01 real, 119 MB, 1.03 load
[runlim] sample:		369.77 time, 370.01 real, 119 MB, 1.02 load
[runlim] sample:		379.76 time, 380.01 real, 138 MB, 1.02 load
[runlim] sample:		389.76 time, 390.01 real, 138 MB, 1.02 load
[runlim] sample:		399.76 time, 400.01 real, 138 MB, 1.01 load
[runlim] sample:		409.75 time, 410.01 real, 140 MB, 1.01 load
[runlim] sample:		419.75 time, 420.01 real, 140 MB, 1.01 load
[runlim] sample:		429.74 time, 430.01 real, 140 MB, 1.01 load
[runlim] sample:		439.74 time, 440.01 real, 142 MB, 1.01 load
[runlim] sample:		449.73 time, 450.01 real, 142 MB, 1.00 load
[runlim] sample:		459.73 time, 460.01 real, 142 MB, 1.00 load
[runlim] sample:		469.72 time, 470.01 real, 104 MB, 1.00 load
[runlim] sample:		479.72 time, 480.01 real, 104 MB, 1.00 load
[runlim] sample:		489.72 time, 490.01 real, 104 MB, 1.00 load
[runlim] sample:		499.72 time, 500.01 real, 108 MB, 1.00 load
[runlim] sample:		509.71 time, 510.01 real, 128 MB, 1.00 load
[runlim] sample:		519.70 time, 520.01 real, 108 MB, 1.00 load
[runlim] sample:		529.70 time, 530.01 real, 129 MB, 1.00 load
[runlim] sample:		539.70 time, 540.01 real, 108 MB, 1.00 load
[runlim] sample:		549.69 time, 550.01 real, 108 MB, 1.00 load
[runlim] sample:		559.68 time, 560.01 real, 129 MB, 1.00 load
[runlim] sample:		569.68 time, 570.01 real, 109 MB, 1.00 load
[runlim] sample:		579.68 time, 580.01 real, 109 MB, 1.00 load
[runlim] sample:		589.67 time, 590.01 real, 133 MB, 1.00 load
[runlim] sample:		599.67 time, 600.01 real, 109 MB, 1.00 load
[runlim] sample:		609.67 time, 610.01 real, 134 MB, 1.00 load
[runlim] sample:		619.66 time, 620.01 real, 109 MB, 1.00 load
[runlim] sample:		629.65 time, 630.01 real, 132 MB, 1.00 load
[runlim] sample:		639.65 time, 640.01 real, 132 MB, 1.00 load
[runlim] sample:		649.64 time, 650.01 real, 132 MB, 1.00 load
[runlim] sample:		659.64 time, 660.01 real, 132 MB, 1.00 load
[runlim] sample:		669.63 time, 670.01 real, 132 MB, 1.00 load
[runlim] sample:		679.62 time, 680.01 real, 153 MB, 1.08 load
[runlim] sample:		689.61 time, 690.01 real, 153 MB, 1.07 load
[runlim] sample:		699.61 time, 700.01 real, 153 MB, 1.06 load
[runlim] sample:		709.60 time, 710.01 real, 153 MB, 1.05 load
[runlim] sample:		719.60 time, 720.01 real, 153 MB, 1.04 load
[runlim] sample:		729.60 time, 730.01 real, 155 MB, 1.11 load
[runlim] sample:		739.60 time, 740.01 real, 155 MB, 1.09 load
[runlim] sample:		749.59 time, 750.01 real, 155 MB, 1.16 load
[runlim] sample:		759.59 time, 760.01 real, 155 MB, 1.21 load
[runlim] sample:		769.58 time, 770.01 real, 155 MB, 1.17 load
[runlim] sample:		779.58 time, 780.01 real, 155 MB, 1.15 load
[SAT Found] Makespan = 187
[VERIFY] VERIFY SUCCESS]
Total Execution Time so far: 780.62 seconds
-------------------------------------------------
[runlim] sample:		789.58 time, 790.01 real, 155 MB, 1.12 load
[runlim] sample:		799.57 time, 800.01 real, 155 MB, 1.10 load
[runlim] sample:		809.57 time, 810.01 real, 155 MB, 1.09 load
[runlim] sample:		819.56 time, 820.01 real, 155 MB, 1.07 load
[runlim] sample:		829.56 time, 830.01 real, 155 MB, 1.06 load
[runlim] sample:		839.55 time, 840.01 real, 155 MB, 1.05 load
[runlim] sample:		849.55 time, 850.01 real, 155 MB, 1.04 load
[runlim] sample:		859.54 time, 860.01 real, 155 MB, 1.04 load
[runlim] sample:		869.54 time, 870.01 real, 155 MB, 1.03 load
[runlim] sample:		879.54 time, 880.01 real, 155 MB, 1.02 load
[runlim] sample:		889.53 time, 890.01 real, 155 MB, 1.02 load
[runlim] sample:		899.53 time, 900.01 real, 155 MB, 1.02 load
[runlim] sample:		909.52 time, 910.01 real, 110 MB, 1.01 load
[runlim] sample:		919.52 time, 920.01 real, 110 MB, 1.01 load
[runlim] sample:		929.51 time, 930.01 real, 112 MB, 1.01 load
[runlim] sample:		939.51 time, 940.01 real, 113 MB, 1.01 load
[runlim] sample:		949.50 time, 950.01 real, 112 MB, 1.01 load
[runlim] sample:		959.49 time, 960.01 real, 137 MB, 1.00 load
[runlim] sample:		969.48 time, 970.01 real, 161 MB, 1.00 load
[runlim] sample:		979.48 time, 980.01 real, 161 MB, 1.00 load
[runlim] sample:		989.48 time, 990.01 real, 161 MB, 1.00 load
[runlim] sample:		999.47 time, 1000.01 real, 161 MB, 1.08 load
[runlim] sample:		1009.46 time, 1010.01 real, 161 MB, 1.07 load
[runlim] sample:		1019.46 time, 1020.01 real, 161 MB, 1.06 load
[runlim] sample:		1029.46 time, 1030.01 real, 161 MB, 1.05 load
[runlim] sample:		1039.45 time, 1040.01 real, 161 MB, 1.04 load
[runlim] sample:		1049.45 time, 1050.01 real, 161 MB, 1.03 load
[runlim] sample:		1059.44 time, 1060.01 real, 161 MB, 1.03 load
[runlim] sample:		1069.44 time, 1070.01 real, 161 MB, 1.02 load
[runlim] sample:		1079.43 time, 1080.01 real, 161 MB, 1.02 load
[runlim] sample:		1089.43 time, 1090.01 real, 161 MB, 1.02 load
[runlim] sample:		1099.42 time, 1100.01 real, 161 MB, 1.01 load
[runlim] sample:		1109.42 time, 1110.01 real, 161 MB, 1.09 load
[runlim] sample:		1119.41 time, 1120.01 real, 161 MB, 1.08 load
[runlim] sample:		1129.41 time, 1130.01 real, 161 MB, 1.06 load
[runlim] sample:		1139.40 time, 1140.01 real, 167 MB, 1.05 load
[runlim] sample:		1149.40 time, 1150.01 real, 167 MB, 1.05 load
[runlim] sample:		1159.39 time, 1160.01 real, 167 MB, 1.11 load
[runlim] sample:		1169.39 time, 1170.01 real, 167 MB, 1.09 load
[runlim] sample:		1179.38 time, 1180.01 real, 167 MB, 1.08 load
[runlim] sample:		1189.38 time, 1190.01 real, 167 MB, 1.07 load
[runlim] sample:		1199.37 time, 1200.01 real, 167 MB, 1.06 load
[runlim] sample:		1209.37 time, 1210.01 real, 167 MB, 1.05 load
[runlim] sample:		1219.36 time, 1220.01 real, 167 MB, 1.04 load
[runlim] sample:		1229.36 time, 1230.01 real, 167 MB, 1.03 load
[runlim] sample:		1239.36 time, 1240.01 real, 167 MB, 1.03 load
[runlim] sample:		1249.35 time, 1250.01 real, 170 MB, 1.10 load
[runlim] sample:		1259.34 time, 1260.01 real, 170 MB, 1.16 load
[runlim] sample:		1269.34 time, 1270.01 real, 197 MB, 1.14 load
[runlim] sample:		1279.34 time, 1280.01 real, 197 MB, 1.11 load
[runlim] sample:		1289.33 time, 1290.01 real, 197 MB, 1.10 load
[runlim] sample:		1299.33 time, 1300.01 real, 197 MB, 1.08 load
[runlim] sample:		1309.32 time, 1310.01 real, 197 MB, 1.07 load
[runlim] sample:		1319.32 time, 1320.01 real, 197 MB, 1.06 load
[runlim] sample:		1329.32 time, 1330.01 real, 197 MB, 1.05 load
[runlim] sample:		1339.31 time, 1340.01 real, 146 MB, 1.04 load
[runlim] sample:		1349.31 time, 1350.01 real, 146 MB, 1.03 load
[runlim] sample:		1359.30 time, 1360.01 real, 146 MB, 1.03 load
[runlim] sample:		1369.29 time, 1370.01 real, 147 MB, 1.02 load
[runlim] sample:		1379.29 time, 1380.01 real, 176 MB, 1.02 load
[runlim] sample:		1389.29 time, 1390.01 real, 175 MB, 1.02 load
[runlim] sample:		1399.29 time, 1400.01 real, 175 MB, 1.01 load
[runlim] sample:		1409.28 time, 1410.01 real, 146 MB, 1.01 load
[runlim] sample:		1419.27 time, 1420.01 real, 172 MB, 1.01 load
[runlim] sample:		1429.26 time, 1430.01 real, 172 MB, 1.01 load
[runlim] sample:		1439.26 time, 1440.01 real, 172 MB, 1.00 load
[runlim] sample:		1449.26 time, 1450.01 real, 172 MB, 1.00 load
[runlim] sample:		1459.25 time, 1460.01 real, 172 MB, 1.00 load
[runlim] sample:		1469.26 time, 1470.01 real, 121 MB, 1.00 load
[runlim] sample:		1479.25 time, 1480.01 real, 121 MB, 1.15 load
[runlim] sample:		1489.25 time, 1490.01 real, 124 MB, 1.13 load
[runlim] sample:		1499.24 time, 1500.01 real, 124 MB, 1.11 load
[runlim] sample:		1509.23 time, 1510.01 real, 125 MB, 1.09 load
[runlim] sample:		1519.23 time, 1520.01 real, 118 MB, 1.22 load
[runlim] sample:		1529.22 time, 1530.01 real, 147 MB, 1.19 load
[runlim] sample:		1539.21 time, 1540.01 real, 147 MB, 1.16 load
[runlim] sample:		1549.21 time, 1550.01 real, 178 MB, 1.13 load
[runlim] sample:		1559.21 time, 1560.01 real, 178 MB, 1.11 load
[runlim] sample:		1569.20 time, 1570.01 real, 147 MB, 1.10 load
[runlim] sample:		1579.20 time, 1580.01 real, 147 MB, 1.08 load
[runlim] sample:		1589.19 time, 1590.01 real, 151 MB, 1.07 load
[runlim] sample:		1599.19 time, 1600.01 real, 151 MB, 1.06 load
[runlim] sample:		1609.18 time, 1610.01 real, 151 MB, 1.05 load
[runlim] sample:		1619.18 time, 1620.01 real, 152 MB, 1.04 load
[runlim] sample:		1629.18 time, 1630.01 real, 121 MB, 1.11 load
[runlim] sample:		1639.17 time, 1640.01 real, 135 MB, 1.10 load
[runlim] sample:		1649.17 time, 1650.01 real, 134 MB, 1.08 load
[runlim] sample:		1659.17 time, 1660.01 real, 134 MB, 1.07 load
[runlim] sample:		1669.16 time, 1670.01 real, 133 MB, 1.06 load
[runlim] sample:		1679.16 time, 1680.01 real, 133 MB, 1.05 load
[runlim] sample:		1689.16 time, 1690.01 real, 134 MB, 1.04 load
[runlim] sample:		1699.15 time, 1700.01 real, 135 MB, 1.03 load
[runlim] sample:		1709.15 time, 1710.01 real, 135 MB, 1.03 load
[runlim] sample:		1719.14 time, 1720.01 real, 135 MB, 1.02 load
[runlim] sample:		1729.14 time, 1730.01 real, 135 MB, 1.02 load
[runlim] sample:		1739.13 time, 1740.01 real, 119 MB, 1.02 load
[runlim] sample:		1749.12 time, 1750.01 real, 119 MB, 1.09 load
[runlim] sample:		1759.12 time, 1760.01 real, 149 MB, 1.15 load
[runlim] sample:		1769.12 time, 1770.01 real, 149 MB, 1.13 load
[runlim] sample:		1779.11 time, 1780.01 real, 149 MB, 1.11 load
[runlim] sample:		1789.11 time, 1790.01 real, 150 MB, 1.09 load
[runlim] sample:		1799.10 time, 1800.01 real, 150 MB, 1.08 load
[runlim] sample:		1809.10 time, 1810.01 real, 176 MB, 1.06 load
[runlim] sample:		1819.10 time, 1820.01 real, 176 MB, 1.05 load
[runlim] sample:		1829.09 time, 1830.01 real, 176 MB, 1.13 load
[runlim] sample:		1839.09 time, 1840.01 real, 176 MB, 1.11 load
[runlim] sample:		1849.08 time, 1850.01 real, 176 MB, 1.17 load
[runlim] sample:		1859.08 time, 1860.01 real, 176 MB, 1.14 load
[runlim] sample:		1869.07 time, 1870.01 real, 176 MB, 1.12 load
[runlim] sample:		1879.07 time, 1880.01 real, 176 MB, 1.10 load
[runlim] sample:		1889.06 time, 1890.01 real, 176 MB, 1.09 load
[runlim] sample:		1899.06 time, 1900.01 real, 176 MB, 1.07 load
[runlim] sample:		1909.05 time, 1910.01 real, 176 MB, 1.06 load
[runlim] sample:		1919.05 time, 1920.01 real, 176 MB, 1.05 load
[runlim] sample:		1929.04 time, 1930.01 real, 176 MB, 1.04 load
[runlim] sample:		1939.04 time, 1940.01 real, 176 MB, 1.04 load
[runlim] sample:		1949.03 time, 1950.01 real, 176 MB, 1.03 load
[runlim] sample:		1959.02 time, 1960.01 real, 176 MB, 1.02 load
[runlim] sample:		1969.02 time, 1970.01 real, 176 MB, 1.02 load
[runlim] sample:		1979.02 time, 1980.01 real, 176 MB, 1.02 load
[runlim] sample:		1989.01 time, 1990.01 real, 176 MB, 1.01 load
[runlim] sample:		1999.00 time, 2000.01 real, 176 MB, 1.01 load
[runlim] sample:		2009.00 time, 2010.01 real, 176 MB, 1.01 load
[runlim] sample:		2018.99 time, 2020.01 real, 189 MB, 1.01 load
[runlim] sample:		2028.98 time, 2030.01 real, 189 MB, 1.01 load
[runlim] sample:		2038.98 time, 2040.01 real, 189 MB, 1.00 load
[runlim] sample:		2048.98 time, 2050.01 real, 220 MB, 1.00 load
[runlim] sample:		2058.97 time, 2060.01 real, 220 MB, 1.08 load
[runlim] sample:		2068.97 time, 2070.01 real, 220 MB, 1.06 load
[runlim] sample:		2078.96 time, 2080.01 real, 220 MB, 1.05 load
[runlim] sample:		2088.96 time, 2090.01 real, 220 MB, 1.05 load
[runlim] sample:		2098.96 time, 2100.01 real, 220 MB, 1.04 load
[runlim] sample:		2108.95 time, 2110.01 real, 220 MB, 1.11 load
[runlim] sample:		2118.94 time, 2120.01 real, 220 MB, 1.09 load
[runlim] sample:		2128.94 time, 2130.01 real, 220 MB, 1.08 load
[runlim] sample:		2138.93 time, 2140.01 real, 160 MB, 1.06 load
[runlim] sample:		2148.93 time, 2150.01 real, 160 MB, 1.05 load
[runlim] sample:		2158.92 time, 2160.01 real, 160 MB, 1.04 load
[runlim] sample:		2168.92 time, 2170.01 real, 160 MB, 1.04 load
[runlim] sample:		2178.92 time, 2180.01 real, 159 MB, 1.03 load
[runlim] sample:		2188.91 time, 2190.01 real, 159 MB, 1.03 load
[runlim] sample:		2198.91 time, 2200.01 real, 159 MB, 1.02 load
[runlim] sample:		2208.90 time, 2210.01 real, 160 MB, 1.02 load
[runlim] sample:		2218.89 time, 2220.01 real, 160 MB, 1.01 load
[runlim] sample:		2228.89 time, 2230.01 real, 160 MB, 1.01 load
[runlim] sample:		2238.88 time, 2240.01 real, 160 MB, 1.01 load
[runlim] sample:		2248.88 time, 2250.01 real, 160 MB, 1.09 load
[runlim] sample:		2258.87 time, 2260.01 real, 160 MB, 1.15 load
[runlim] sample:		2268.86 time, 2270.01 real, 160 MB, 1.12 load
[runlim] sample:		2278.86 time, 2280.01 real, 160 MB, 1.10 load
[runlim] sample:		2288.85 time, 2290.01 real, 160 MB, 1.09 load
[runlim] sample:		2298.85 time, 2300.01 real, 160 MB, 1.07 load
[runlim] sample:		2308.84 time, 2310.01 real, 159 MB, 1.06 load
[runlim] sample:		2318.84 time, 2320.01 real, 159 MB, 1.05 load
[runlim] sample:		2328.83 time, 2330.01 real, 159 MB, 1.04 load
[runlim] sample:		2338.83 time, 2340.01 real, 159 MB, 1.04 load
[runlim] sample:		2348.83 time, 2350.01 real, 192 MB, 1.03 load
[runlim] sample:		2358.82 time, 2360.01 real, 192 MB, 1.03 load
[runlim] sample:		2368.82 time, 2370.01 real, 192 MB, 1.02 load
[runlim] sample:		2378.81 time, 2380.01 real, 192 MB, 1.02 load
[runlim] sample:		2388.81 time, 2390.01 real, 192 MB, 1.09 load
[runlim] sample:		2398.80 time, 2400.01 real, 192 MB, 1.08 load
[runlim] sample:		2408.80 time, 2410.01 real, 192 MB, 1.07 load
[runlim] sample:		2418.80 time, 2420.01 real, 191 MB, 1.06 load
[runlim] sample:		2428.79 time, 2430.01 real, 191 MB, 1.05 load
[runlim] sample:		2438.79 time, 2440.01 real, 191 MB, 1.04 load
[runlim] sample:		2448.78 time, 2450.01 real, 191 MB, 1.03 load
[runlim] sample:		2458.78 time, 2460.01 real, 191 MB, 1.03 load
[runlim] sample:		2468.77 time, 2470.01 real, 191 MB, 1.02 load
[runlim] sample:		2478.77 time, 2480.01 real, 191 MB, 1.02 load
[runlim] sample:		2488.76 time, 2490.01 real, 159 MB, 1.02 load
[runlim] sample:		2498.76 time, 2500.01 real, 159 MB, 1.01 load
[runlim] sample:		2508.75 time, 2510.01 real, 159 MB, 1.01 load
[runlim] sample:		2518.75 time, 2520.01 real, 159 MB, 1.01 load
[runlim] sample:		2528.74 time, 2530.01 real, 192 MB, 1.01 load
[runlim] sample:		2538.73 time, 2540.01 real, 192 MB, 1.00 load
[runlim] sample:		2548.73 time, 2550.01 real, 192 MB, 1.00 load
[runlim] sample:		2558.73 time, 2560.01 real, 192 MB, 1.00 load
[runlim] sample:		2568.73 time, 2570.01 real, 192 MB, 1.00 load
[runlim] sample:		2578.72 time, 2580.01 real, 192 MB, 1.00 load
[runlim] sample:		2588.72 time, 2590.01 real, 192 MB, 1.00 load
[runlim] sample:		2598.70 time, 2600.01 real, 192 MB, 1.00 load
[runlim] sample:		2608.70 time, 2610.01 real, 192 MB, 1.00 load
[runlim] sample:		2618.69 time, 2620.01 real, 192 MB, 1.00 load
[runlim] sample:		2628.69 time, 2630.01 real, 191 MB, 1.00 load
[runlim] sample:		2638.69 time, 2640.01 real, 191 MB, 1.00 load
[runlim] sample:		2648.68 time, 2650.01 real, 191 MB, 1.00 load
[runlim] sample:		2658.68 time, 2660.01 real, 191 MB, 1.00 load
[runlim] sample:		2668.67 time, 2670.01 real, 193 MB, 1.00 load
[runlim] sample:		2678.67 time, 2680.01 real, 193 MB, 1.00 load
[runlim] sample:		2688.66 time, 2690.01 real, 193 MB, 1.00 load
[runlim] sample:		2698.66 time, 2700.01 real, 191 MB, 1.00 load
[runlim] sample:		2708.66 time, 2710.01 real, 191 MB, 1.32 load
[runlim] sample:		2718.65 time, 2720.01 real, 191 MB, 1.27 load
[runlim] sample:		2728.65 time, 2730.01 real, 191 MB, 1.23 load
[runlim] sample:		2738.64 time, 2740.01 real, 193 MB, 1.19 load
[runlim] sample:		2748.64 time, 2750.01 real, 193 MB, 1.24 load
[runlim] sample:		2758.63 time, 2760.01 real, 193 MB, 1.28 load
[runlim] sample:		2768.63 time, 2770.01 real, 193 MB, 1.24 load
[runlim] sample:		2778.63 time, 2780.01 real, 193 MB, 1.20 load
[runlim] sample:		2788.62 time, 2790.01 real, 193 MB, 1.17 load
[runlim] sample:		2798.62 time, 2800.01 real, 193 MB, 1.14 load
[runlim] sample:		2808.61 time, 2810.01 real, 193 MB, 1.12 load
[runlim] sample:		2818.61 time, 2820.01 real, 193 MB, 1.10 load
[runlim] sample:		2828.60 time, 2830.01 real, 193 MB, 1.08 load
[runlim] sample:		2838.60 time, 2840.01 real, 193 MB, 1.07 load
[runlim] sample:		2848.59 time, 2850.01 real, 193 MB, 1.13 load
[runlim] sample:		2858.58 time, 2860.01 real, 194 MB, 1.11 load
[runlim] sample:		2868.58 time, 2870.01 real, 194 MB, 1.24 load
[runlim] sample:		2878.57 time, 2880.01 real, 194 MB, 1.21 load
[runlim] sample:		2888.57 time, 2890.01 real, 194 MB, 1.17 load
[runlim] sample:		2898.57 time, 2900.01 real, 193 MB, 1.15 load
[runlim] sample:		2908.56 time, 2910.01 real, 193 MB, 1.12 load
[runlim] sample:		2918.56 time, 2920.01 real, 193 MB, 1.10 load
[runlim] sample:		2928.55 time, 2930.01 real, 193 MB, 1.09 load
[runlim] sample:		2938.55 time, 2940.01 real, 193 MB, 1.07 load
[runlim] sample:		2948.54 time, 2950.01 real, 193 MB, 1.06 load
[runlim] sample:		2958.54 time, 2960.01 real, 193 MB, 1.05 load
[runlim] sample:		2968.53 time, 2970.01 real, 194 MB, 1.04 load
[runlim] sample:		2978.53 time, 2980.01 real, 194 MB, 1.04 load
[runlim] sample:		2988.52 time, 2990.01 real, 194 MB, 1.03 load
[runlim] sample:		2998.52 time, 3000.01 real, 194 MB, 1.02 load
[runlim] sample:		3008.52 time, 3010.01 real, 194 MB, 1.02 load
[runlim] sample:		3018.51 time, 3020.01 real, 194 MB, 1.02 load
[runlim] sample:		3028.51 time, 3030.01 real, 194 MB, 1.01 load
[runlim] sample:		3038.50 time, 3040.01 real, 194 MB, 1.01 load
[runlim] sample:		3048.50 time, 3050.01 real, 194 MB, 1.01 load
[runlim] sample:		3058.49 time, 3060.01 real, 194 MB, 1.01 load
[runlim] sample:		3068.49 time, 3070.01 real, 194 MB, 1.01 load
[runlim] sample:		3078.48 time, 3080.01 real, 194 MB, 1.00 load
[runlim] sample:		3088.48 time, 3090.01 real, 194 MB, 1.00 load
[runlim] sample:		3098.47 time, 3100.01 real, 194 MB, 1.00 load
[runlim] sample:		3108.47 time, 3110.01 real, 194 MB, 1.00 load
[runlim] sample:		3118.47 time, 3120.01 real, 192 MB, 1.00 load
[runlim] sample:		3128.46 time, 3130.01 real, 192 MB, 1.00 load
[runlim] sample:		3138.46 time, 3140.01 real, 192 MB, 1.00 load
[runlim] sample:		3148.45 time, 3150.01 real, 192 MB, 1.00 load
[runlim] sample:		3158.45 time, 3160.01 real, 192 MB, 1.00 load
[runlim] sample:		3168.44 time, 3170.01 real, 194 MB, 1.00 load
[runlim] sample:		3178.44 time, 3180.01 real, 194 MB, 1.00 load
[runlim] sample:		3188.43 time, 3190.01 real, 194 MB, 1.15 load
[runlim] sample:		3198.43 time, 3200.01 real, 194 MB, 1.12 load
[runlim] sample:		3208.42 time, 3210.01 real, 194 MB, 1.10 load
[runlim] sample:		3218.41 time, 3220.01 real, 194 MB, 1.09 load
[runlim] sample:		3228.41 time, 3230.01 real, 194 MB, 1.07 load
[runlim] sample:		3238.40 time, 3240.01 real, 194 MB, 1.06 load
[runlim] sample:		3248.40 time, 3250.01 real, 195 MB, 1.13 load
[runlim] sample:		3258.40 time, 3260.01 real, 195 MB, 1.19 load
[runlim] sample:		3268.39 time, 3270.01 real, 195 MB, 1.16 load
[runlim] sample:		3278.39 time, 3280.01 real, 195 MB, 1.13 load
[runlim] sample:		3288.39 time, 3290.01 real, 195 MB, 1.11 load
[runlim] sample:		3298.38 time, 3300.01 real, 195 MB, 1.09 load
[runlim] sample:		3308.38 time, 3310.01 real, 195 MB, 1.08 load
[runlim] sample:		3318.37 time, 3320.01 real, 195 MB, 1.07 load
[runlim] sample:		3328.37 time, 3330.01 real, 195 MB, 1.06 load
[runlim] sample:		3338.36 time, 3340.01 real, 195 MB, 1.05 load
[runlim] sample:		3348.35 time, 3350.01 real, 195 MB, 1.04 load
[runlim] sample:		3358.35 time, 3360.01 real, 195 MB, 1.03 load
[runlim] sample:		3368.34 time, 3370.01 real, 195 MB, 1.03 load
[runlim] sample:		3378.35 time, 3380.01 real, 195 MB, 1.02 load
[runlim] sample:		3388.35 time, 3390.01 real, 196 MB, 1.02 load
[runlim] sample:		3398.34 time, 3400.01 real, 196 MB, 1.02 load
[runlim] sample:		3408.34 time, 3410.01 real, 196 MB, 1.01 load
[runlim] sample:		3418.33 time, 3420.01 real, 196 MB, 1.01 load
[runlim] sample:		3428.32 time, 3430.01 real, 195 MB, 1.01 load
[runlim] sample:		3438.32 time, 3440.01 real, 195 MB, 1.01 load
[runlim] sample:		3448.32 time, 3450.01 real, 195 MB, 1.00 load
[runlim] sample:		3458.31 time, 3460.01 real, 195 MB, 1.00 load
[runlim] sample:		3468.30 time, 3470.01 real, 196 MB, 1.00 load
[runlim] sample:		3478.30 time, 3480.01 real, 196 MB, 1.00 load
[runlim] sample:		3488.30 time, 3490.01 real, 196 MB, 1.00 load
[runlim] sample:		3498.29 time, 3500.01 real, 196 MB, 1.00 load
[runlim] sample:		3508.29 time, 3510.01 real, 196 MB, 1.00 load
[runlim] sample:		3518.29 time, 3520.01 real, 159 MB, 1.00 load
[runlim] sample:		3528.29 time, 3530.01 real, 159 MB, 1.00 load
[runlim] sample:		3538.28 time, 3540.01 real, 159 MB, 1.00 load
[runlim] sample:		3548.28 time, 3550.01 real, 159 MB, 1.00 load
[runlim] sample:		3558.27 time, 3560.01 real, 197 MB, 1.00 load
[runlim] sample:		3568.27 time, 3570.01 real, 197 MB, 1.00 load
[runlim] sample:		3578.26 time, 3580.01 real, 197 MB, 1.00 load
[runlim] sample:		3588.26 time, 3590.01 real, 159 MB, 1.00 load
[runlim] sample:		3598.25 time, 3600.01 real, 159 MB, 1.00 load
[runlim] end:			Wed Aug 12 04:24:39 2026
[runlim] status:		out of time
[runlim] result:		2
[runlim] children:		1
[runlim] processes:		2
[runlim] real:			3601.05 seconds
[runlim] time:			3598.25 seconds
[runlim] space:			233 MB
[runlim] load:			1.32 maximum
[runlim] samples:		36000
